<html>
<body>
<pre>
<h1>礦ision Build Log</h1>
<h2>Project:</h2>
R:\STM32_TK032AF196_硬件完整4线SPI正式版\NEWBUY_KitBoard.uvproj
Project File Date:  05/14/2014

<h2>Output:</h2>
Build target 'NEWBUY_KitBoard'
compiling spi.c...
Source\spi.c(44): warning:  #223-D: function "SPI_FLASH_CS_HIGH" declared implicitly
linking...
.\Output\NEWBUY_KitBoard.axf: Error: L6218E: Undefined symbol SPI_FLASH_CS_HIGH (referred from spi.o).
Target not created
Build target 'NEWBUY_KitBoard'
linking...
.\Output\NEWBUY_KitBoard.axf: Error: L6218E: Undefined symbol SPI_FLASH_CS_HIGH (referred from spi.o).
Target not created
Build target 'NEWBUY_KitBoard'
compiling spi.c...
linking...
Program Size: Code=5048 RO-data=307936 RW-data=68 ZI-data=4228  
FromELF: creating hex file...
".\Output\NEWBUY_KitBoard.axf" - 0 Error(s), 0 Warning(s).
Build target 'NEWBUY_KitBoard'
compiling LCD.c...
Source\LCDDriver\LCD.h(48): warning:  #77-D: this declaration has no storage class or type specifier
.\Source\GB1616.h(70): warning:  #1-D: last line of file ends without a newline
Source\LCDDriver\LCD.c(241): warning:  #177-D: variable "a" was declared but never referenced
Source\LCDDriver\LCD.c(558): warning:  #177-D: variable "j" was declared but never referenced
Source\LCDDriver\LCD.c(703): warning:  #223-D: function "SD_Init" declared implicitly
Source\LCDDriver\LCD.c(774): warning:  #1-D: last line of file ends without a newline
Source\LCDDriver\LCD.c(110): warning:  #177-D: function "LCD_FSMC_Config" was declared but never referenced
Source\LCDDriver\LCD.c(146): warning:  #177-D: function "DelayX1ms" was declared but never referenced
linking...
Program Size: Code=4944 RO-data=307936 RW-data=68 ZI-data=4228  
FromELF: creating hex file...
".\Output\NEWBUY_KitBoard.axf" - 0 Error(s), 8 Warning(s).
Build target 'NEWBUY_KitBoard'
compiling LCD.c...
Source\LCDDriver\LCD.h(48): warning:  #77-D: this declaration has no storage class or type specifier
.\Source\GB1616.h(70): warning:  #1-D: last line of file ends without a newline
Source\LCDDriver\LCD.c(241): warning:  #177-D: variable "a" was declared but never referenced
Source\LCDDriver\LCD.c(558): warning:  #177-D: variable "j" was declared but never referenced
Source\LCDDriver\LCD.c(703): warning:  #223-D: function "SD_Init" declared implicitly
Source\LCDDriver\LCD.c(774): warning:  #1-D: last line of file ends without a newline
Source\LCDDriver\LCD.c(110): warning:  #177-D: function "LCD_FSMC_Config" was declared but never referenced
Source\LCDDriver\LCD.c(146): warning:  #177-D: function "DelayX1ms" was declared but never referenced
linking...
Program Size: Code=4944 RO-data=736 RW-data=68 ZI-data=4228  
FromELF: creating hex file...
".\Output\NEWBUY_KitBoard.axf" - 0 Error(s), 8 Warning(s).
Load "R:\\STM32_TK032AF196_硬件完整4线SPI正式版\\Output\\NEWBUY_KitBoard.AXF" 
* JLink Info: Device "STM32F103VE" selected (512 KB flash, 64 KB RAM).
Set JLink Project File to "R:\STM32_TK032AF196_硬件完整4线SPI正式版\JLinkSettings.ini"
 
JLink info:
------------
DLL: V4.50j, compiled Jun 26 2012 09:19:07
Firmware: J-Link ARM-OB STM32 compiled Dec 15 2010 11:30:03
Hardware: V7.00
S/N : 20090928 
Feature(s) : RDI,FlashDL,FlashBP,JFlash,GDBFull 
 
* JLink Info: Found SWD-DP with ID 0x1BA01477
* JLink Info: Found SWD-DP with ID 0x1BA01477
* JLink Info: TPIU fitted.
* JLink Info: ETM fitted.
* JLink Info: FPUnit: 6 code (BP) slots and 2 literal slots
* JLink Info: Found Cortex-M3 r1p1, Little endian.
ROMTableAddr = 0xE00FF003
 
Target info:
------------
Device: STM32F103VE
VTarget = 3.300V
State of Pins: 
TCK: 0, TDI: 0, TDO: 1, TMS: 0, TRES: 1, TRST: 1
Hardware-Breakpoints: 6
Software-Breakpoints: 8192
Watchpoints:          4
JTAG speed: 4000 kHz
 
Full Chip Erase Done.
Programming Done.
Application running ...
Build target 'NEWBUY_KitBoard'
compiling spi.c...
linking...
Program Size: Code=4944 RO-data=736 RW-data=68 ZI-data=4228  
FromELF: creating hex file...
".\Output\NEWBUY_KitBoard.axf" - 0 Error(s), 0 Warning(s).
Build target 'NEWBUY_KitBoard'
compiling system_stm32f10x.c...
linking...
Program Size: Code=4944 RO-data=736 RW-data=68 ZI-data=4228  
FromELF: creating hex file...
".\Output\NEWBUY_KitBoard.axf" - 0 Error(s), 0 Warning(s).
Load "R:\\STM32_TK032AF196_硬件完整4线SPI正式版\\Output\\NEWBUY_KitBoard.AXF" 
* JLink Info: Device "STM32F103VE" selected (512 KB flash, 64 KB RAM).
Set JLink Project File to "R:\STM32_TK032AF196_硬件完整4线SPI正式版\JLinkSettings.ini"
 
JLink info:
------------
DLL: V4.50j, compiled Jun 26 2012 09:19:07
Firmware: J-Link ARM-OB STM32 compiled Dec 15 2010 11:30:03
Hardware: V7.00
S/N : 20090928 
Feature(s) : RDI,FlashDL,FlashBP,JFlash,GDBFull 
 
* JLink Info: Found SWD-DP with ID 0x1BA01477
* JLink Info: Found SWD-DP with ID 0x1BA01477
* JLink Info: TPIU fitted.
* JLink Info: ETM fitted.
* JLink Info: FPUnit: 6 code (BP) slots and 2 literal slots
* JLink Info: Found Cortex-M3 r1p1, Little endian.
ROMTableAddr = 0xE00FF003
 
Target info:
------------
Device: STM32F103VE
VTarget = 3.300V
State of Pins: 
TCK: 0, TDI: 0, TDO: 1, TMS: 0, TRES: 1, TRST: 1
Hardware-Breakpoints: 6
Software-Breakpoints: 8192
Watchpoints:          4
JTAG speed: 4000 kHz
 
Full Chip Erase Done.
Programming Done.
Application running ...
Build target 'NEWBUY_KitBoard'
compiling system_stm32f10x.c...
linking...
Program Size: Code=4944 RO-data=736 RW-data=68 ZI-data=4228  
FromELF: creating hex file...
".\Output\NEWBUY_KitBoard.axf" - 0 Error(s), 0 Warning(s).
Load "R:\\STM32_TK032AF196_硬件完整4线SPI正式版\\Output\\NEWBUY_KitBoard.AXF" 
* JLink Info: Device "STM32F103VE" selected (512 KB flash, 64 KB RAM).
Set JLink Project File to "R:\STM32_TK032AF196_硬件完整4线SPI正式版\JLinkSettings.ini"
 
JLink info:
------------
DLL: V4.50j, compiled Jun 26 2012 09:19:07
Firmware: J-Link ARM-OB STM32 compiled Dec 15 2010 11:30:03
Hardware: V7.00
S/N : 20090928 
Feature(s) : RDI,FlashDL,FlashBP,JFlash,GDBFull 
 
* JLink Info: Found SWD-DP with ID 0x1BA01477
* JLink Info: Found SWD-DP with ID 0x1BA01477
* JLink Info: TPIU fitted.
* JLink Info: ETM fitted.
* JLink Info: FPUnit: 6 code (BP) slots and 2 literal slots
* JLink Info: Found Cortex-M3 r1p1, Little endian.
ROMTableAddr = 0xE00FF003
 
Target info:
------------
Device: STM32F103VE
VTarget = 3.300V
State of Pins: 
TCK: 0, TDI: 0, TDO: 1, TMS: 0, TRES: 1, TRST: 1
Hardware-Breakpoints: 6
Software-Breakpoints: 8192
Watchpoints:          4
JTAG speed: 4000 kHz
 
Full Chip Erase Done.
Programming Done.
Application running ...
Build target 'NEWBUY_KitBoard'
compiling spi.c...
linking...
Program Size: Code=5036 RO-data=736 RW-data=68 ZI-data=4228  
FromELF: creating hex file...
".\Output\NEWBUY_KitBoard.axf" - 0 Error(s), 0 Warning(s).
Load "R:\\STM32_TK032AF196_硬件完整4线SPI正式版\\Output\\NEWBUY_KitBoard.AXF" 
* JLink Info: Device "STM32F103VE" selected (512 KB flash, 64 KB RAM).
Set JLink Project File to "R:\STM32_TK032AF196_硬件完整4线SPI正式版\JLinkSettings.ini"
 
JLink info:
------------
DLL: V4.50j, compiled Jun 26 2012 09:19:07
Firmware: J-Link ARM-OB STM32 compiled Dec 15 2010 11:30:03
Hardware: V7.00
S/N : 20090928 
Feature(s) : RDI,FlashDL,FlashBP,JFlash,GDBFull 
 
* JLink Info: Found SWD-DP with ID 0x1BA01477
* JLink Info: Found SWD-DP with ID 0x1BA01477
* JLink Info: TPIU fitted.
* JLink Info: ETM fitted.
* JLink Info: FPUnit: 6 code (BP) slots and 2 literal slots
* JLink Info: Found Cortex-M3 r1p1, Little endian.
ROMTableAddr = 0xE00FF003
 
Target info:
------------
Device: STM32F103VE
VTarget = 3.300V
State of Pins: 
TCK: 0, TDI: 0, TDO: 1, TMS: 0, TRES: 1, TRST: 1
Hardware-Breakpoints: 6
Software-Breakpoints: 8192
Watchpoints:          4
JTAG speed: 4000 kHz
 
Full Chip Erase Done.
Programming Done.
Application running ...
Build target 'NEWBUY_KitBoard'
compiling spi.c...
linking...
Program Size: Code=5040 RO-data=736 RW-data=68 ZI-data=4228  
FromELF: creating hex file...
".\Output\NEWBUY_KitBoard.axf" - 0 Error(s), 0 Warning(s).
Load "R:\\STM32_TK032AF196_硬件完整4线SPI正式版\\Output\\NEWBUY_KitBoard.AXF" 
* JLink Info: Device "STM32F103VE" selected (512 KB flash, 64 KB RAM).
Set JLink Project File to "R:\STM32_TK032AF196_硬件完整4线SPI正式版\JLinkSettings.ini"
 
JLink info:
------------
DLL: V4.50j, compiled Jun 26 2012 09:19:07
Firmware: J-Link ARM-OB STM32 compiled Dec 15 2010 11:30:03
Hardware: V7.00
S/N : 20090928 
Feature(s) : RDI,FlashDL,FlashBP,JFlash,GDBFull 
 
* JLink Info: Found SWD-DP with ID 0x1BA01477
* JLink Info: Found SWD-DP with ID 0x1BA01477
* JLink Info: TPIU fitted.
* JLink Info: ETM fitted.
* JLink Info: FPUnit: 6 code (BP) slots and 2 literal slots
* JLink Info: Found Cortex-M3 r1p1, Little endian.
ROMTableAddr = 0xE00FF003
 
Target info:
------------
Device: STM32F103VE
VTarget = 3.300V
State of Pins: 
TCK: 0, TDI: 0, TDO: 1, TMS: 0, TRES: 1, TRST: 1
Hardware-Breakpoints: 6
Software-Breakpoints: 8192
Watchpoints:          4
JTAG speed: 4000 kHz
 
Full Chip Erase Done.
Programming Done.
Application running ...
Build target 'NEWBUY_KitBoard'
compiling spi.c...
linking...
Program Size: Code=4924 RO-data=736 RW-data=68 ZI-data=4228  
FromELF: creating hex file...
".\Output\NEWBUY_KitBoard.axf" - 0 Error(s), 0 Warning(s).
Load "R:\\STM32_TK032AF196_硬件完整4线SPI正式版\\Output\\NEWBUY_KitBoard.AXF" 
* JLink Info: Device "STM32F103VE" selected (512 KB flash, 64 KB RAM).
Set JLink Project File to "R:\STM32_TK032AF196_硬件完整4线SPI正式版\JLinkSettings.ini"
 
JLink info:
------------
DLL: V4.50j, compiled Jun 26 2012 09:19:07
Firmware: J-Link ARM-OB STM32 compiled Dec 15 2010 11:30:03
Hardware: V7.00
S/N : 20090928 
Feature(s) : RDI,FlashDL,FlashBP,JFlash,GDBFull 
 
* JLink Info: Found SWD-DP with ID 0x1BA01477
* JLink Info: Found SWD-DP with ID 0x1BA01477
* JLink Info: TPIU fitted.
* JLink Info: ETM fitted.
* JLink Info: FPUnit: 6 code (BP) slots and 2 literal slots
* JLink Info: Found Cortex-M3 r1p1, Little endian.
ROMTableAddr = 0xE00FF003
 
Target info:
------------
Device: STM32F103VE
VTarget = 3.300V
State of Pins: 
TCK: 0, TDI: 0, TDO: 1, TMS: 0, TRES: 1, TRST: 1
Hardware-Breakpoints: 6
Software-Breakpoints: 8192
Watchpoints:          4
JTAG speed: 4000 kHz
 
Full Chip Erase Done.
Programming Done.
Application running ...
Build target 'NEWBUY_KitBoard'
compiling spi.c...
Source\spi.c(25): error:  #65: expected a ";"
Source\spi.c(41): error:  #65: expected a ";"
Target not created
Build target 'NEWBUY_KitBoard'
compiling spi.c...
linking...
Program Size: Code=4940 RO-data=736 RW-data=68 ZI-data=4228  
FromELF: creating hex file...
".\Output\NEWBUY_KitBoard.axf" - 0 Error(s), 0 Warning(s).
Load "R:\\STM32_TK032AF196_硬件完整4线SPI正式版\\Output\\NEWBUY_KitBoard.AXF" 
* JLink Info: Device "STM32F103VE" selected (512 KB flash, 64 KB RAM).
Set JLink Project File to "R:\STM32_TK032AF196_硬件完整4线SPI正式版\JLinkSettings.ini"
 
JLink info:
------------
DLL: V4.50j, compiled Jun 26 2012 09:19:07
Firmware: J-Link ARM-OB STM32 compiled Dec 15 2010 11:30:03
Hardware: V7.00
S/N : 20090928 
Feature(s) : RDI,FlashDL,FlashBP,JFlash,GDBFull 
 
* JLink Info: Found SWD-DP with ID 0x1BA01477
* JLink Info: Found SWD-DP with ID 0x1BA01477
* JLink Info: TPIU fitted.
* JLink Info: ETM fitted.
* JLink Info: FPUnit: 6 code (BP) slots and 2 literal slots
* JLink Info: Found Cortex-M3 r1p1, Little endian.
ROMTableAddr = 0xE00FF003
 
Target info:
------------
Device: STM32F103VE
VTarget = 3.300V
State of Pins: 
TCK: 0, TDI: 0, TDO: 1, TMS: 0, TRES: 1, TRST: 1
Hardware-Breakpoints: 6
Software-Breakpoints: 8192
Watchpoints:          4
JTAG speed: 4000 kHz
 
Full Chip Erase Done.
Programming Done.
Application running ...
Build target 'NEWBUY_KitBoard'
compiling spi.c...
linking...
Program Size: Code=4952 RO-data=736 RW-data=68 ZI-data=4228  
FromELF: creating hex file...
".\Output\NEWBUY_KitBoard.axf" - 0 Error(s), 0 Warning(s).
Load "R:\\STM32_TK032AF196_硬件完整4线SPI正式版\\Output\\NEWBUY_KitBoard.AXF" 
* JLink Info: Device "STM32F103VE" selected (512 KB flash, 64 KB RAM).
Set JLink Project File to "R:\STM32_TK032AF196_硬件完整4线SPI正式版\JLinkSettings.ini"
 
JLink info:
------------
DLL: V4.50j, compiled Jun 26 2012 09:19:07
Firmware: J-Link ARM-OB STM32 compiled Dec 15 2010 11:30:03
Hardware: V7.00
S/N : 20090928 
Feature(s) : RDI,FlashDL,FlashBP,JFlash,GDBFull 
 
* JLink Info: Found SWD-DP with ID 0x1BA01477
* JLink Info: Found SWD-DP with ID 0x1BA01477
* JLink Info: TPIU fitted.
* JLink Info: ETM fitted.
* JLink Info: FPUnit: 6 code (BP) slots and 2 literal slots
* JLink Info: Found Cortex-M3 r1p1, Little endian.
ROMTableAddr = 0xE00FF003
 
Target info:
------------
Device: STM32F103VE
VTarget = 3.300V
State of Pins: 
TCK: 0, TDI: 0, TDO: 1, TMS: 0, TRES: 1, TRST: 1
Hardware-Breakpoints: 6
Software-Breakpoints: 8192
Watchpoints:          4
JTAG speed: 4000 kHz
 
Full Chip Erase Done.
Programming Done.
Application running ...
Build target 'NEWBUY_KitBoard'
compiling system_stm32f10x.c...
linking...
Program Size: Code=4952 RO-data=736 RW-data=68 ZI-data=4228  
FromELF: creating hex file...
".\Output\NEWBUY_KitBoard.axf" - 0 Error(s), 0 Warning(s).
Load "R:\\STM32_TK032AF196_硬件完整4线SPI正式版\\Output\\NEWBUY_KitBoard.AXF" 
* JLink Info: Device "STM32F103VE" selected (512 KB flash, 64 KB RAM).
Set JLink Project File to "R:\STM32_TK032AF196_硬件完整4线SPI正式版\JLinkSettings.ini"
 
JLink info:
------------
DLL: V4.50j, compiled Jun 26 2012 09:19:07
Firmware: J-Link ARM-OB STM32 compiled Dec 15 2010 11:30:03
Hardware: V7.00
S/N : 20090928 
Feature(s) : RDI,FlashDL,FlashBP,JFlash,GDBFull 
 
* JLink Info: Found SWD-DP with ID 0x1BA01477
* JLink Info: Found SWD-DP with ID 0x1BA01477
* JLink Info: TPIU fitted.
* JLink Info: ETM fitted.
* JLink Info: FPUnit: 6 code (BP) slots and 2 literal slots
* JLink Info: Found Cortex-M3 r1p1, Little endian.
ROMTableAddr = 0xE00FF003
 
Target info:
------------
Device: STM32F103VE
VTarget = 3.300V
State of Pins: 
TCK: 0, TDI: 0, TDO: 1, TMS: 0, TRES: 1, TRST: 1
Hardware-Breakpoints: 6
Software-Breakpoints: 8192
Watchpoints:          4
JTAG speed: 4000 kHz
 
Full Chip Erase Done.
Programming Done.
Application running ...
Build target 'NEWBUY_KitBoard'
compiling system_stm32f10x.c...
linking...
Program Size: Code=4952 RO-data=736 RW-data=68 ZI-data=4228  
FromELF: creating hex file...
".\Output\NEWBUY_KitBoard.axf" - 0 Error(s), 0 Warning(s).
Load "R:\\STM32_TK032AF196_硬件完整4线SPI正式版\\Output\\NEWBUY_KitBoard.AXF" 
* JLink Info: Device "STM32F103VE" selected (512 KB flash, 64 KB RAM).
Set JLink Project File to "R:\STM32_TK032AF196_硬件完整4线SPI正式版\JLinkSettings.ini"
 
JLink info:
------------
DLL: V4.50j, compiled Jun 26 2012 09:19:07
Firmware: J-Link ARM-OB STM32 compiled Dec 15 2010 11:30:03
Hardware: V7.00
S/N : 20090928 
Feature(s) : RDI,FlashDL,FlashBP,JFlash,GDBFull 
 
* JLink Info: Found SWD-DP with ID 0x1BA01477
* JLink Info: Found SWD-DP with ID 0x1BA01477
* JLink Info: TPIU fitted.
* JLink Info: ETM fitted.
* JLink Info: FPUnit: 6 code (BP) slots and 2 literal slots
* JLink Info: Found Cortex-M3 r1p1, Little endian.
ROMTableAddr = 0xE00FF003
 
Target info:
------------
Device: STM32F103VE
VTarget = 3.300V
State of Pins: 
TCK: 0, TDI: 0, TDO: 1, TMS: 0, TRES: 1, TRST: 1
Hardware-Breakpoints: 6
Software-Breakpoints: 8192
Watchpoints:          4
JTAG speed: 4000 kHz
 
Full Chip Erase Done.
Programming Done.
Application running ...
Build target 'NEWBUY_KitBoard'
compiling system_stm32f10x.c...
linking...
Program Size: Code=4952 RO-data=736 RW-data=68 ZI-data=4228  
FromELF: creating hex file...
".\Output\NEWBUY_KitBoard.axf" - 0 Error(s), 0 Warning(s).
Load "R:\\STM32_TK032AF196_硬件完整4线SPI正式版\\Output\\NEWBUY_KitBoard.AXF" 
* JLink Info: Device "STM32F103VE" selected (512 KB flash, 64 KB RAM).
Set JLink Project File to "R:\STM32_TK032AF196_硬件完整4线SPI正式版\JLinkSettings.ini"
 
JLink info:
------------
DLL: V4.50j, compiled Jun 26 2012 09:19:07
Firmware: J-Link ARM-OB STM32 compiled Dec 15 2010 11:30:03
Hardware: V7.00
S/N : 20090928 
Feature(s) : RDI,FlashDL,FlashBP,JFlash,GDBFull 
 
* JLink Info: Found SWD-DP with ID 0x1BA01477
* JLink Info: Found SWD-DP with ID 0x1BA01477
* JLink Info: TPIU fitted.
* JLink Info: ETM fitted.
* JLink Info: FPUnit: 6 code (BP) slots and 2 literal slots
* JLink Info: Found Cortex-M3 r1p1, Little endian.
ROMTableAddr = 0xE00FF003
 
Target info:
------------
Device: STM32F103VE
VTarget = 3.300V
State of Pins: 
TCK: 0, TDI: 0, TDO: 1, TMS: 0, TRES: 1, TRST: 1
Hardware-Breakpoints: 6
Software-Breakpoints: 8192
Watchpoints:          4
JTAG speed: 4000 kHz
 
Full Chip Erase Done.
Programming Done.
Application running ...
Build target 'NEWBUY_KitBoard'
compiling system_stm32f10x.c...
linking...
Program Size: Code=4952 RO-data=736 RW-data=68 ZI-data=4228  
FromELF: creating hex file...
".\Output\NEWBUY_KitBoard.axf" - 0 Error(s), 0 Warning(s).
Load "R:\\STM32_TK032AF196_硬件完整4线SPI正式版\\Output\\NEWBUY_KitBoard.AXF" 
* JLink Info: Device "STM32F103VE" selected (512 KB flash, 64 KB RAM).
Set JLink Project File to "R:\STM32_TK032AF196_硬件完整4线SPI正式版\JLinkSettings.ini"
 
JLink info:
------------
DLL: V4.50j, compiled Jun 26 2012 09:19:07
Firmware: J-Link ARM-OB STM32 compiled Dec 15 2010 11:30:03
Hardware: V7.00
S/N : 20090928 
Feature(s) : RDI,FlashDL,FlashBP,JFlash,GDBFull 
 
* JLink Info: Found SWD-DP with ID 0x1BA01477
* JLink Info: Found SWD-DP with ID 0x1BA01477
* JLink Info: TPIU fitted.
* JLink Info: ETM fitted.
* JLink Info: FPUnit: 6 code (BP) slots and 2 literal slots
* JLink Info: Found Cortex-M3 r1p1, Little endian.
ROMTableAddr = 0xE00FF003
 
Target info:
------------
Device: STM32F103VE
VTarget = 3.300V
State of Pins: 
TCK: 0, TDI: 0, TDO: 1, TMS: 0, TRES: 1, TRST: 1
Hardware-Breakpoints: 6
Software-Breakpoints: 8192
Watchpoints:          4
JTAG speed: 4000 kHz
 
Full Chip Erase Done.
Programming Done.
Application running ...
Build target 'NEWBUY_KitBoard'
compiling spi.c...
Source\spi.c(73): error:  #20: identifier "GPIO_InitStructure" is undefined
Source\spi.c(81): error:  #20: identifier "SPI_InitStructure" is undefined
compiling LCD.c...
Source\LCDDriver\LCD.h(48): warning:  #77-D: this declaration has no storage class or type specifier
.\Source\GB1616.h(70): warning:  #1-D: last line of file ends without a newline
Source\LCDDriver\LCD.c(241): warning:  #177-D: variable "a" was declared but never referenced
Source\LCDDriver\LCD.c(558): warning:  #177-D: variable "j" was declared but never referenced
Source\LCDDriver\LCD.c(703): warning:  #223-D: function "SD_Init" declared implicitly
Source\LCDDriver\LCD.c(774): warning:  #1-D: last line of file ends without a newline
Source\LCDDriver\LCD.c(110): warning:  #177-D: function "LCD_FSMC_Config" was declared but never referenced
Source\LCDDriver\LCD.c(146): warning:  #177-D: function "DelayX1ms" was declared but never referenced
Target not created
Build target 'NEWBUY_KitBoard'
compiling spi.c...
linking...
Program Size: Code=4988 RO-data=736 RW-data=68 ZI-data=4228  
FromELF: creating hex file...
".\Output\NEWBUY_KitBoard.axf" - 0 Error(s), 0 Warning(s).
Load "R:\\STM32_TK032AF196_硬件完整4线SPI正式版\\Output\\NEWBUY_KitBoard.AXF" 
* JLink Info: Device "STM32F103VE" selected (512 KB flash, 64 KB RAM).
Set JLink Project File to "R:\STM32_TK032AF196_硬件完整4线SPI正式版\JLinkSettings.ini"
 
JLink info:
------------
DLL: V4.50j, compiled Jun 26 2012 09:19:07
Firmware: J-Link ARM-OB STM32 compiled Dec 15 2010 11:30:03
Hardware: V7.00
S/N : 20090928 
Feature(s) : RDI,FlashDL,FlashBP,JFlash,GDBFull 
 
* JLink Info: Found SWD-DP with ID 0x1BA01477
* JLink Info: Found SWD-DP with ID 0x1BA01477
* JLink Info: TPIU fitted.
* JLink Info: ETM fitted.
* JLink Info: FPUnit: 6 code (BP) slots and 2 literal slots
* JLink Info: Found Cortex-M3 r1p1, Little endian.
ROMTableAddr = 0xE00FF003
 
Target info:
------------
Device: STM32F103VE
VTarget = 3.300V
State of Pins: 
TCK: 0, TDI: 0, TDO: 1, TMS: 0, TRES: 1, TRST: 1
Hardware-Breakpoints: 6
Software-Breakpoints: 8192
Watchpoints:          4
JTAG speed: 4000 kHz
 
Full Chip Erase Done.
Programming Done.
Application running ...
Build target 'NEWBUY_KitBoard'
compiling spi.c...
linking...
Program Size: Code=4980 RO-data=736 RW-data=68 ZI-data=4228  
FromELF: creating hex file...
".\Output\NEWBUY_KitBoard.axf" - 0 Error(s), 0 Warning(s).
Load "R:\\STM32_TK032AF196_硬件完整4线SPI正式版\\Output\\NEWBUY_KitBoard.AXF" 
* JLink Info: Device "STM32F103VE" selected (512 KB flash, 64 KB RAM).
Set JLink Project File to "R:\STM32_TK032AF196_硬件完整4线SPI正式版\JLinkSettings.ini"
 
JLink info:
------------
DLL: V4.50j, compiled Jun 26 2012 09:19:07
Firmware: J-Link ARM-OB STM32 compiled Dec 15 2010 11:30:03
Hardware: V7.00
S/N : 20090928 
Feature(s) : RDI,FlashDL,FlashBP,JFlash,GDBFull 
 
* JLink Info: Found SWD-DP with ID 0x1BA01477
* JLink Info: Found SWD-DP with ID 0x1BA01477
* JLink Info: TPIU fitted.
* JLink Info: ETM fitted.
* JLink Info: FPUnit: 6 code (BP) slots and 2 literal slots
* JLink Info: Found Cortex-M3 r1p1, Little endian.
ROMTableAddr = 0xE00FF003
 
Target info:
------------
Device: STM32F103VE
VTarget = 3.300V
State of Pins: 
TCK: 0, TDI: 0, TDO: 1, TMS: 0, TRES: 1, TRST: 1
Hardware-Breakpoints: 6
Software-Breakpoints: 8192
Watchpoints:          4
JTAG speed: 4000 kHz
 
Full Chip Erase Done.
Programming Done.
Application running ...
Build target 'NEWBUY_KitBoard'
compiling spi.c...
linking...
Program Size: Code=4988 RO-data=736 RW-data=68 ZI-data=4228  
FromELF: creating hex file...
".\Output\NEWBUY_KitBoard.axf" - 0 Error(s), 0 Warning(s).
Load "R:\\STM32_TK032AF196_硬件完整4线SPI正式版\\Output\\NEWBUY_KitBoard.AXF" 
* JLink Info: Device "STM32F103VE" selected (512 KB flash, 64 KB RAM).
Set JLink Project File to "R:\STM32_TK032AF196_硬件完整4线SPI正式版\JLinkSettings.ini"
 
JLink info:
------------
DLL: V4.50j, compiled Jun 26 2012 09:19:07
Firmware: J-Link ARM-OB STM32 compiled Dec 15 2010 11:30:03
Hardware: V7.00
S/N : 20090928 
Feature(s) : RDI,FlashDL,FlashBP,JFlash,GDBFull 
 
* JLink Info: Found SWD-DP with ID 0x1BA01477
* JLink Info: Found SWD-DP with ID 0x1BA01477
* JLink Info: TPIU fitted.
* JLink Info: ETM fitted.
* JLink Info: FPUnit: 6 code (BP) slots and 2 literal slots
* JLink Info: Found Cortex-M3 r1p1, Little endian.
ROMTableAddr = 0xE00FF003
 
Target info:
------------
Device: STM32F103VE
VTarget = 3.300V
State of Pins: 
TCK: 0, TDI: 0, TDO: 1, TMS: 0, TRES: 1, TRST: 1
Hardware-Breakpoints: 6
Software-Breakpoints: 8192
Watchpoints:          4
JTAG speed: 4000 kHz
 
Full Chip Erase Done.
Programming Done.
Application running ...
Build target 'NEWBUY_KitBoard'
compiling spi.c...
linking...
Program Size: Code=4996 RO-data=736 RW-data=68 ZI-data=4228  
FromELF: creating hex file...
".\Output\NEWBUY_KitBoard.axf" - 0 Error(s), 0 Warning(s).
Load "R:\\STM32_TK032AF196_硬件完整4线SPI正式版\\Output\\NEWBUY_KitBoard.AXF" 
* JLink Info: Device "STM32F103VE" selected (512 KB flash, 64 KB RAM).
Set JLink Project File to "R:\STM32_TK032AF196_硬件完整4线SPI正式版\JLinkSettings.ini"
 
JLink info:
------------
DLL: V4.50j, compiled Jun 26 2012 09:19:07
Firmware: J-Link ARM-OB STM32 compiled Dec 15 2010 11:30:03
Hardware: V7.00
S/N : 20090928 
Feature(s) : RDI,FlashDL,FlashBP,JFlash,GDBFull 
 
* JLink Info: Found SWD-DP with ID 0x1BA01477
* JLink Info: Found SWD-DP with ID 0x1BA01477
* JLink Info: TPIU fitted.
* JLink Info: ETM fitted.
* JLink Info: FPUnit: 6 code (BP) slots and 2 literal slots
* JLink Info: Found Cortex-M3 r1p1, Little endian.
ROMTableAddr = 0xE00FF003
 
Target info:
------------
Device: STM32F103VE
VTarget = 3.300V
State of Pins: 
TCK: 0, TDI: 0, TDO: 1, TMS: 0, TRES: 1, TRST: 1
Hardware-Breakpoints: 6
Software-Breakpoints: 8192
Watchpoints:          4
JTAG speed: 4000 kHz
 
Full Chip Erase Done.
Programming Done.
Application running ...
compiling spi.c...
Source\spi.c - 0 Error(s), 0 Warning(s).
Build target 'NEWBUY_KitBoard'
linking...
Program Size: Code=5004 RO-data=736 RW-data=68 ZI-data=4228  
FromELF: creating hex file...
".\Output\NEWBUY_KitBoard.axf" - 0 Error(s), 0 Warning(s).
Load "R:\\STM32_TK032AF196_硬件完整4线SPI正式版\\Output\\NEWBUY_KitBoard.AXF" 
* JLink Info: Device "STM32F103VE" selected (512 KB flash, 64 KB RAM).
Set JLink Project File to "R:\STM32_TK032AF196_硬件完整4线SPI正式版\JLinkSettings.ini"
 
JLink info:
------------
DLL: V4.50j, compiled Jun 26 2012 09:19:07
Firmware: J-Link ARM-OB STM32 compiled Dec 15 2010 11:30:03
Hardware: V7.00
S/N : 20090928 
Feature(s) : RDI,FlashDL,FlashBP,JFlash,GDBFull 
 
* JLink Info: Found SWD-DP with ID 0x1BA01477
* JLink Info: Found SWD-DP with ID 0x1BA01477
* JLink Info: TPIU fitted.
* JLink Info: ETM fitted.
* JLink Info: FPUnit: 6 code (BP) slots and 2 literal slots
* JLink Info: Found Cortex-M3 r1p1, Little endian.
ROMTableAddr = 0xE00FF003
 
Target info:
------------
Device: STM32F103VE
VTarget = 3.300V
State of Pins: 
TCK: 0, TDI: 0, TDO: 1, TMS: 0, TRES: 1, TRST: 1
Hardware-Breakpoints: 6
Software-Breakpoints: 8192
Watchpoints:          4
JTAG speed: 4000 kHz
 
Full Chip Erase Done.
Programming Done.
Application running ...
Build target 'NEWBUY_KitBoard'
compiling spi.c...
linking...
Program Size: Code=4996 RO-data=736 RW-data=68 ZI-data=4228  
FromELF: creating hex file...
".\Output\NEWBUY_KitBoard.axf" - 0 Error(s), 0 Warning(s).
Load "R:\\STM32_TK032AF196_硬件完整4线SPI正式版\\Output\\NEWBUY_KitBoard.AXF" 
* JLink Info: Device "STM32F103VE" selected (512 KB flash, 64 KB RAM).
Set JLink Project File to "R:\STM32_TK032AF196_硬件完整4线SPI正式版\JLinkSettings.ini"
 
JLink info:
------------
DLL: V4.50j, compiled Jun 26 2012 09:19:07
Firmware: J-Link ARM-OB STM32 compiled Dec 15 2010 11:30:03
Hardware: V7.00
S/N : 20090928 
Feature(s) : RDI,FlashDL,FlashBP,JFlash,GDBFull 
 
* JLink Info: Found SWD-DP with ID 0x1BA01477
* JLink Info: Found SWD-DP with ID 0x1BA01477
* JLink Info: TPIU fitted.
* JLink Info: ETM fitted.
* JLink Info: FPUnit: 6 code (BP) slots and 2 literal slots
* JLink Info: Found Cortex-M3 r1p1, Little endian.
ROMTableAddr = 0xE00FF003
 
Target info:
------------
Device: STM32F103VE
VTarget = 3.300V
State of Pins: 
TCK: 0, TDI: 0, TDO: 1, TMS: 0, TRES: 1, TRST: 1
Hardware-Breakpoints: 6
Software-Breakpoints: 8192
Watchpoints:          4
JTAG speed: 4000 kHz
 
Full Chip Erase Done.
Programming Done.
Application running ...
Build target 'NEWBUY_KitBoard'
compiling spi.c...
linking...
Program Size: Code=4884 RO-data=736 RW-data=68 ZI-data=4228  
FromELF: creating hex file...
".\Output\NEWBUY_KitBoard.axf" - 0 Error(s), 0 Warning(s).
Load "R:\\STM32_TK032AF196_硬件完整4线SPI正式版\\Output\\NEWBUY_KitBoard.AXF" 
* JLink Info: Device "STM32F103VE" selected (512 KB flash, 64 KB RAM).
Set JLink Project File to "R:\STM32_TK032AF196_硬件完整4线SPI正式版\JLinkSettings.ini"
 
JLink info:
------------
DLL: V4.50j, compiled Jun 26 2012 09:19:07
Firmware: J-Link ARM-OB STM32 compiled Dec 15 2010 11:30:03
Hardware: V7.00
S/N : 20090928 
Feature(s) : RDI,FlashDL,FlashBP,JFlash,GDBFull 
 
* JLink Info: Found SWD-DP with ID 0x1BA01477
* JLink Info: Found SWD-DP with ID 0x1BA01477
* JLink Info: TPIU fitted.
* JLink Info: ETM fitted.
* JLink Info: FPUnit: 6 code (BP) slots and 2 literal slots
* JLink Info: Found Cortex-M3 r1p1, Little endian.
ROMTableAddr = 0xE00FF003
 
Target info:
------------
Device: STM32F103VE
VTarget = 3.300V
State of Pins: 
TCK: 0, TDI: 0, TDO: 1, TMS: 0, TRES: 1, TRST: 1
Hardware-Breakpoints: 6
Software-Breakpoints: 8192
Watchpoints:          4
JTAG speed: 4000 kHz
 
Full Chip Erase Done.
Programming Done.
Application running ...
Build target 'NEWBUY_KitBoard'
compiling system_stm32f10x.c...
linking...
Program Size: Code=4884 RO-data=736 RW-data=68 ZI-data=4228  
FromELF: creating hex file...
".\Output\NEWBUY_KitBoard.axf" - 0 Error(s), 0 Warning(s).
Load "R:\\STM32_TK032AF196_硬件完整4线SPI正式版\\Output\\NEWBUY_KitBoard.AXF" 
* JLink Info: Device "STM32F103VE" selected (512 KB flash, 64 KB RAM).
Set JLink Project File to "R:\STM32_TK032AF196_硬件完整4线SPI正式版\JLinkSettings.ini"
 
JLink info:
------------
DLL: V4.50j, compiled Jun 26 2012 09:19:07
Firmware: J-Link ARM-OB STM32 compiled Dec 15 2010 11:30:03
Hardware: V7.00
S/N : 20090928 
Feature(s) : RDI,FlashDL,FlashBP,JFlash,GDBFull 
 
* JLink Info: Found SWD-DP with ID 0x1BA01477
* JLink Info: Found SWD-DP with ID 0x1BA01477
* JLink Info: TPIU fitted.
* JLink Info: ETM fitted.
* JLink Info: FPUnit: 6 code (BP) slots and 2 literal slots
* JLink Info: Found Cortex-M3 r1p1, Little endian.
ROMTableAddr = 0xE00FF003
 
Target info:
------------
Device: STM32F103VE
VTarget = 3.300V
State of Pins: 
TCK: 0, TDI: 0, TDO: 1, TMS: 0, TRES: 1, TRST: 1
Hardware-Breakpoints: 6
Software-Breakpoints: 8192
Watchpoints:          4
JTAG speed: 4000 kHz
 
Full Chip Erase Done.
Programming Done.
Application running ...
Build target 'NEWBUY_KitBoard'
compiling spi.c...
linking...
Program Size: Code=4884 RO-data=736 RW-data=68 ZI-data=4228  
FromELF: creating hex file...
".\Output\NEWBUY_KitBoard.axf" - 0 Error(s), 0 Warning(s).
Load "R:\\STM32_TK032AF196_硬件完整4线SPI正式版\\Output\\NEWBUY_KitBoard.AXF" 
* JLink Info: Device "STM32F103VE" selected (512 KB flash, 64 KB RAM).
Set JLink Project File to "R:\STM32_TK032AF196_硬件完整4线SPI正式版\JLinkSettings.ini"
 
JLink info:
------------
DLL: V4.50j, compiled Jun 26 2012 09:19:07
Firmware: J-Link ARM-OB STM32 compiled Dec 15 2010 11:30:03
Hardware: V7.00
S/N : 20090928 
Feature(s) : RDI,FlashDL,FlashBP,JFlash,GDBFull 
 
* JLink Info: Found SWD-DP with ID 0x1BA01477
* JLink Info: Found SWD-DP with ID 0x1BA01477
* JLink Info: TPIU fitted.
* JLink Info: ETM fitted.
* JLink Info: FPUnit: 6 code (BP) slots and 2 literal slots
* JLink Info: Found Cortex-M3 r1p1, Little endian.
ROMTableAddr = 0xE00FF003
 
Target info:
------------
Device: STM32F103VE
VTarget = 3.300V
State of Pins: 
TCK: 0, TDI: 0, TDO: 1, TMS: 0, TRES: 1, TRST: 1
Hardware-Breakpoints: 6
Software-Breakpoints: 8192
Watchpoints:          4
JTAG speed: 4000 kHz
 
Full Chip Erase Done.
Programming Done.
Application running ...
Build target 'NEWBUY_KitBoard'
compiling system_stm32f10x.c...
linking...
Program Size: Code=4884 RO-data=736 RW-data=68 ZI-data=4228  
FromELF: creating hex file...
".\Output\NEWBUY_KitBoard.axf" - 0 Error(s), 0 Warning(s).
Load "R:\\STM32_TK032AF196_硬件完整4线SPI正式版\\Output\\NEWBUY_KitBoard.AXF" 
* JLink Info: Device "STM32F103VE" selected (512 KB flash, 64 KB RAM).
Set JLink Project File to "R:\STM32_TK032AF196_硬件完整4线SPI正式版\JLinkSettings.ini"
 
JLink info:
------------
DLL: V4.50j, compiled Jun 26 2012 09:19:07
Firmware: J-Link ARM-OB STM32 compiled Dec 15 2010 11:30:03
Hardware: V7.00
S/N : 20090928 
Feature(s) : RDI,FlashDL,FlashBP,JFlash,GDBFull 
 
* JLink Info: Found SWD-DP with ID 0x1BA01477
* JLink Info: Found SWD-DP with ID 0x1BA01477
* JLink Info: TPIU fitted.
* JLink Info: ETM fitted.
* JLink Info: FPUnit: 6 code (BP) slots and 2 literal slots
* JLink Info: Found Cortex-M3 r1p1, Little endian.
ROMTableAddr = 0xE00FF003
 
Target info:
------------
Device: STM32F103VE
VTarget = 3.300V
State of Pins: 
TCK: 0, TDI: 0, TDO: 1, TMS: 0, TRES: 1, TRST: 1
Hardware-Breakpoints: 6
Software-Breakpoints: 8192
Watchpoints:          4
JTAG speed: 4000 kHz
 
Full Chip Erase Done.
Programming Done.
Application running ...
Build target 'NEWBUY_KitBoard'
compiling spi.c...
linking...
Program Size: Code=4884 RO-data=736 RW-data=68 ZI-data=4228  
FromELF: creating hex file...
".\Output\NEWBUY_KitBoard.axf" - 0 Error(s), 0 Warning(s).
Load "R:\\STM32_TK032AF196_硬件完整4线SPI正式版\\Output\\NEWBUY_KitBoard.AXF" 
* JLink Info: Device "STM32F103VE" selected (512 KB flash, 64 KB RAM).
Set JLink Project File to "R:\STM32_TK032AF196_硬件完整4线SPI正式版\JLinkSettings.ini"
 
JLink info:
------------
DLL: V4.50j, compiled Jun 26 2012 09:19:07
Firmware: J-Link ARM-OB STM32 compiled Dec 15 2010 11:30:03
Hardware: V7.00
S/N : 20090928 
Feature(s) : RDI,FlashDL,FlashBP,JFlash,GDBFull 
 
* JLink Info: Found SWD-DP with ID 0x1BA01477
* JLink Info: Found SWD-DP with ID 0x1BA01477
* JLink Info: TPIU fitted.
* JLink Info: ETM fitted.
* JLink Info: FPUnit: 6 code (BP) slots and 2 literal slots
* JLink Info: Found Cortex-M3 r1p1, Little endian.
ROMTableAddr = 0xE00FF003
 
Target info:
------------
Device: STM32F103VE
VTarget = 3.300V
State of Pins: 
TCK: 0, TDI: 0, TDO: 1, TMS: 0, TRES: 1, TRST: 1
Hardware-Breakpoints: 6
Software-Breakpoints: 8192
Watchpoints:          4
JTAG speed: 4000 kHz
 
Full Chip Erase Done.
Programming Done.
Application running ...
Build target 'NEWBUY_KitBoard'
compiling spi.c...
linking...
Program Size: Code=4884 RO-data=736 RW-data=68 ZI-data=4228  
FromELF: creating hex file...
".\Output\NEWBUY_KitBoard.axf" - 0 Error(s), 0 Warning(s).
Load "R:\\STM32_TK032AF196_硬件完整4线SPI正式版\\Output\\NEWBUY_KitBoard.AXF" 
* JLink Info: Device "STM32F103VE" selected (512 KB flash, 64 KB RAM).
Set JLink Project File to "R:\STM32_TK032AF196_硬件完整4线SPI正式版\JLinkSettings.ini"
 
JLink info:
------------
DLL: V4.50j, compiled Jun 26 2012 09:19:07
Firmware: J-Link ARM-OB STM32 compiled Dec 15 2010 11:30:03
Hardware: V7.00
S/N : 20090928 
Feature(s) : RDI,FlashDL,FlashBP,JFlash,GDBFull 
 
* JLink Info: Found SWD-DP with ID 0x1BA01477
* JLink Info: Found SWD-DP with ID 0x1BA01477
* JLink Info: TPIU fitted.
* JLink Info: ETM fitted.
* JLink Info: FPUnit: 6 code (BP) slots and 2 literal slots
* JLink Info: Found Cortex-M3 r1p1, Little endian.
ROMTableAddr = 0xE00FF003
 
Target info:
------------
Device: STM32F103VE
VTarget = 3.300V
State of Pins: 
TCK: 0, TDI: 0, TDO: 1, TMS: 0, TRES: 1, TRST: 1
Hardware-Breakpoints: 6
Software-Breakpoints: 8192
Watchpoints:          4
JTAG speed: 4000 kHz
 
Full Chip Erase Done.
Programming Done.
Application running ...
Build target 'NEWBUY_KitBoard'
compiling spi.c...
linking...
Program Size: Code=4884 RO-data=736 RW-data=68 ZI-data=4228  
FromELF: creating hex file...
".\Output\NEWBUY_KitBoard.axf" - 0 Error(s), 0 Warning(s).
Load "R:\\STM32_TK032AF196_硬件完整4线SPI正式版\\Output\\NEWBUY_KitBoard.AXF" 
* JLink Info: Device "STM32F103VE" selected (512 KB flash, 64 KB RAM).
Set JLink Project File to "R:\STM32_TK032AF196_硬件完整4线SPI正式版\JLinkSettings.ini"
 
JLink info:
------------
DLL: V4.50j, compiled Jun 26 2012 09:19:07
Firmware: J-Link ARM-OB STM32 compiled Dec 15 2010 11:30:03
Hardware: V7.00
S/N : 20090928 
Feature(s) : RDI,FlashDL,FlashBP,JFlash,GDBFull 
 
* JLink Info: Found SWD-DP with ID 0x1BA01477
* JLink Info: Found SWD-DP with ID 0x1BA01477
* JLink Info: TPIU fitted.
* JLink Info: ETM fitted.
* JLink Info: FPUnit: 6 code (BP) slots and 2 literal slots
* JLink Info: Found Cortex-M3 r1p1, Little endian.
ROMTableAddr = 0xE00FF003
 
Target info:
------------
Device: STM32F103VE
VTarget = 3.300V
State of Pins: 
TCK: 0, TDI: 0, TDO: 1, TMS: 0, TRES: 1, TRST: 1
Hardware-Breakpoints: 6
Software-Breakpoints: 8192
Watchpoints:          4
JTAG speed: 4000 kHz
 
Full Chip Erase Done.
Programming Done.
Application running ...
Build target 'NEWBUY_KitBoard'
compiling spi.c...
linking...
Program Size: Code=4884 RO-data=736 RW-data=68 ZI-data=4228  
FromELF: creating hex file...
".\Output\NEWBUY_KitBoard.axf" - 0 Error(s), 0 Warning(s).
Load "R:\\STM32_TK032AF196_硬件完整4线SPI正式版\\Output\\NEWBUY_KitBoard.AXF" 
* JLink Info: Device "STM32F103VE" selected (512 KB flash, 64 KB RAM).
Set JLink Project File to "R:\STM32_TK032AF196_硬件完整4线SPI正式版\JLinkSettings.ini"
 
JLink info:
------------
DLL: V4.50j, compiled Jun 26 2012 09:19:07
Firmware: J-Link ARM-OB STM32 compiled Dec 15 2010 11:30:03
Hardware: V7.00
S/N : 20090928 
Feature(s) : RDI,FlashDL,FlashBP,JFlash,GDBFull 
 
* JLink Info: Found SWD-DP with ID 0x1BA01477
* JLink Info: Found SWD-DP with ID 0x1BA01477
* JLink Info: TPIU fitted.
* JLink Info: ETM fitted.
* JLink Info: FPUnit: 6 code (BP) slots and 2 literal slots
* JLink Info: Found Cortex-M3 r1p1, Little endian.
ROMTableAddr = 0xE00FF003
 
Target info:
------------
Device: STM32F103VE
VTarget = 3.300V
State of Pins: 
TCK: 0, TDI: 0, TDO: 1, TMS: 0, TRES: 1, TRST: 1
Hardware-Breakpoints: 6
Software-Breakpoints: 8192
Watchpoints:          4
JTAG speed: 4000 kHz
 
Full Chip Erase Done.
Programming Done.
Application running ...
Build target 'NEWBUY_KitBoard'
compiling spi.c...
linking...
Program Size: Code=4884 RO-data=736 RW-data=68 ZI-data=4228  
FromELF: creating hex file...
".\Output\NEWBUY_KitBoard.axf" - 0 Error(s), 0 Warning(s).
Load "R:\\STM32_TK032AF196_硬件完整4线SPI正式版\\Output\\NEWBUY_KitBoard.AXF" 
* JLink Info: Device "STM32F103VE" selected (512 KB flash, 64 KB RAM).
Set JLink Project File to "R:\STM32_TK032AF196_硬件完整4线SPI正式版\JLinkSettings.ini"
 
JLink info:
------------
DLL: V4.50j, compiled Jun 26 2012 09:19:07
Firmware: J-Link ARM-OB STM32 compiled Dec 15 2010 11:30:03
Hardware: V7.00
S/N : 20090928 
Feature(s) : RDI,FlashDL,FlashBP,JFlash,GDBFull 
 
* JLink Info: Found SWD-DP with ID 0x1BA01477
* JLink Info: Found SWD-DP with ID 0x1BA01477
* JLink Info: TPIU fitted.
* JLink Info: ETM fitted.
* JLink Info: FPUnit: 6 code (BP) slots and 2 literal slots
* JLink Info: Found Cortex-M3 r1p1, Little endian.
ROMTableAddr = 0xE00FF003
 
Target info:
------------
Device: STM32F103VE
VTarget = 3.300V
State of Pins: 
TCK: 0, TDI: 0, TDO: 1, TMS: 0, TRES: 1, TRST: 1
Hardware-Breakpoints: 6
Software-Breakpoints: 8192
Watchpoints:          4
JTAG speed: 4000 kHz
 
Full Chip Erase Done.
Programming Done.
Application running ...
Build target 'NEWBUY_KitBoard'
compiling spi.c...
Source\spi.c(18): error:  #20: identifier "GPIO_Speed_5MHz" is undefined
Target not created
Build target 'NEWBUY_KitBoard'
compiling spi.c...
linking...
Program Size: Code=4884 RO-data=736 RW-data=68 ZI-data=4228  
FromELF: creating hex file...
".\Output\NEWBUY_KitBoard.axf" - 0 Error(s), 0 Warning(s).
Build target 'NEWBUY_KitBoard'
compiling spi.c...
linking...
Program Size: Code=4884 RO-data=736 RW-data=68 ZI-data=4228  
FromELF: creating hex file...
".\Output\NEWBUY_KitBoard.axf" - 0 Error(s), 0 Warning(s).
Build target 'NEWBUY_KitBoard'
compiling spi.c...
Source\spi.c(22): error:  #20: identifier "SPI1_CS" is undefined
Target not created
Build target 'NEWBUY_KitBoard'
compiling spi.c...
Source\spi.c(22): error:  #20: identifier "SPI1_CS" is undefined
compiling LCD.c...
Source\LCDDriver\LCD.h(48): warning:  #77-D: this declaration has no storage class or type specifier
.\Source\GB1616.h(70): warning:  #1-D: last line of file ends without a newline
Source\LCDDriver\LCD.c(241): warning:  #177-D: variable "a" was declared but never referenced
Source\LCDDriver\LCD.c(558): warning:  #177-D: variable "j" was declared but never referenced
Source\LCDDriver\LCD.c(703): warning:  #223-D: function "SD_Init" declared implicitly
Source\LCDDriver\LCD.c(774): warning:  #1-D: last line of file ends without a newline
Source\LCDDriver\LCD.c(110): warning:  #177-D: function "LCD_FSMC_Config" was declared but never referenced
Source\LCDDriver\LCD.c(146): warning:  #177-D: function "DelayX1ms" was declared but never referenced
Target not created
Build target 'NEWBUY_KitBoard'
compiling spi.c...
Source\spi.c(22): error:  #20: identifier "SPI1_CS" is undefined
compiling LCD.c...
Source\LCDDriver\LCD.h(48): warning:  #77-D: this declaration has no storage class or type specifier
.\Source\GB1616.h(70): warning:  #1-D: last line of file ends without a newline
Source\LCDDriver\LCD.c(241): warning:  #177-D: variable "a" was declared but never referenced
Source\LCDDriver\LCD.c(558): warning:  #177-D: variable "j" was declared but never referenced
Source\LCDDriver\LCD.c(703): warning:  #223-D: function "SD_Init" declared implicitly
Source\LCDDriver\LCD.c(774): warning:  #1-D: last line of file ends without a newline
Source\LCDDriver\LCD.c(110): warning:  #177-D: function "LCD_FSMC_Config" was declared but never referenced
Source\LCDDriver\LCD.c(146): warning:  #177-D: function "DelayX1ms" was declared but never referenced
Target not created
Build target 'NEWBUY_KitBoard'
compiling spi.c...
compiling LCD.c...
Source\LCDDriver\LCD.h(48): warning:  #77-D: this declaration has no storage class or type specifier
.\Source\GB1616.h(70): warning:  #1-D: last line of file ends without a newline
Source\LCDDriver\LCD.c(241): warning:  #177-D: variable "a" was declared but never referenced
Source\LCDDriver\LCD.c(558): warning:  #177-D: variable "j" was declared but never referenced
Source\LCDDriver\LCD.c(703): warning:  #223-D: function "SD_Init" declared implicitly
Source\LCDDriver\LCD.c(774): warning:  #1-D: last line of file ends without a newline
Source\LCDDriver\LCD.c(110): warning:  #177-D: function "LCD_FSMC_Config" was declared but never referenced
Source\LCDDriver\LCD.c(146): warning:  #177-D: function "DelayX1ms" was declared but never referenced
linking...
Program Size: Code=4916 RO-data=736 RW-data=68 ZI-data=4228  
FromELF: creating hex file...
".\Output\NEWBUY_KitBoard.axf" - 0 Error(s), 8 Warning(s).
Load "R:\\STM32_TK032AF196_硬件完整4线SPI正式版\\Output\\NEWBUY_KitBoard.AXF" 
* JLink Info: Device "STM32F103VE" selected (512 KB flash, 64 KB RAM).
Set JLink Project File to "R:\STM32_TK032AF196_硬件完整4线SPI正式版\JLinkSettings.ini"
 
JLink info:
------------
DLL: V4.50j, compiled Jun 26 2012 09:19:07
Firmware: J-Link ARM-OB STM32 compiled Dec 15 2010 11:30:03
Hardware: V7.00
S/N : 20090928 
Feature(s) : RDI,FlashDL,FlashBP,JFlash,GDBFull 
 
* JLink Info: Found SWD-DP with ID 0x1BA01477
* JLink Info: Found SWD-DP with ID 0x1BA01477
* JLink Info: TPIU fitted.
* JLink Info: ETM fitted.
* JLink Info: FPUnit: 6 code (BP) slots and 2 literal slots
* JLink Info: Found Cortex-M3 r1p1, Little endian.
ROMTableAddr = 0xE00FF003
 
Target info:
------------
Device: STM32F103VE
VTarget = 3.300V
State of Pins: 
TCK: 0, TDI: 0, TDO: 1, TMS: 0, TRES: 1, TRST: 1
Hardware-Breakpoints: 6
Software-Breakpoints: 8192
Watchpoints:          4
JTAG speed: 4000 kHz
 
Full Chip Erase Done.
Programming Done.
Application running ...
Build target 'NEWBUY_KitBoard'
compiling spi.c...
linking...
Program Size: Code=4916 RO-data=736 RW-data=68 ZI-data=4228  
FromELF: creating hex file...
".\Output\NEWBUY_KitBoard.axf" - 0 Error(s), 0 Warning(s).
Load "R:\\STM32_TK032AF196_硬件完整4线SPI正式版\\Output\\NEWBUY_KitBoard.AXF" 
* JLink Info: Device "STM32F103VE" selected (512 KB flash, 64 KB RAM).
Set JLink Project File to "R:\STM32_TK032AF196_硬件完整4线SPI正式版\JLinkSettings.ini"
 
JLink info:
------------
DLL: V4.50j, compiled Jun 26 2012 09:19:07
Firmware: J-Link ARM-OB STM32 compiled Dec 15 2010 11:30:03
Hardware: V7.00
S/N : 20090928 
Feature(s) : RDI,FlashDL,FlashBP,JFlash,GDBFull 
 
* JLink Info: Found SWD-DP with ID 0x1BA01477
* JLink Info: Found SWD-DP with ID 0x1BA01477
* JLink Info: TPIU fitted.
* JLink Info: ETM fitted.
* JLink Info: FPUnit: 6 code (BP) slots and 2 literal slots
* JLink Info: Found Cortex-M3 r1p1, Little endian.
ROMTableAddr = 0xE00FF003
 
Target info:
------------
Device: STM32F103VE
VTarget = 3.300V
State of Pins: 
TCK: 0, TDI: 0, TDO: 1, TMS: 0, TRES: 1, TRST: 1
Hardware-Breakpoints: 6
Software-Breakpoints: 8192
Watchpoints:          4
JTAG speed: 4000 kHz
 
Full Chip Erase Done.
Programming Done.
Application running ...
Build target 'NEWBUY_KitBoard'
compiling spi.c...
linking...
Program Size: Code=4908 RO-data=736 RW-data=68 ZI-data=4228  
FromELF: creating hex file...
".\Output\NEWBUY_KitBoard.axf" - 0 Error(s), 0 Warning(s).
Load "R:\\STM32_TK032AF196_硬件完整4线SPI正式版\\Output\\NEWBUY_KitBoard.AXF" 
* JLink Info: Device "STM32F103VE" selected (512 KB flash, 64 KB RAM).
Set JLink Project File to "R:\STM32_TK032AF196_硬件完整4线SPI正式版\JLinkSettings.ini"
 
JLink info:
------------
DLL: V4.50j, compiled Jun 26 2012 09:19:07
Firmware: J-Link ARM-OB STM32 compiled Dec 15 2010 11:30:03
Hardware: V7.00
S/N : 20090928 
Feature(s) : RDI,FlashDL,FlashBP,JFlash,GDBFull 
 
* JLink Info: Found SWD-DP with ID 0x1BA01477
* JLink Info: Found SWD-DP with ID 0x1BA01477
* JLink Info: TPIU fitted.
* JLink Info: ETM fitted.
* JLink Info: FPUnit: 6 code (BP) slots and 2 literal slots
* JLink Info: Found Cortex-M3 r1p1, Little endian.
ROMTableAddr = 0xE00FF003
 
Target info:
------------
Device: STM32F103VE
VTarget = 3.300V
State of Pins: 
TCK: 0, TDI: 0, TDO: 1, TMS: 0, TRES: 1, TRST: 1
Hardware-Breakpoints: 6
Software-Breakpoints: 8192
Watchpoints:          4
JTAG speed: 4000 kHz
 
Full Chip Erase Done.
Programming Done.
Application running ...
Build target 'NEWBUY_KitBoard'
compiling spi.c...
compiling LCD.c...
Source\LCDDriver\LCD.h(48): warning:  #77-D: this declaration has no storage class or type specifier
.\Source\GB1616.h(70): warning:  #1-D: last line of file ends without a newline
Source\LCDDriver\LCD.c(241): warning:  #177-D: variable "a" was declared but never referenced
Source\LCDDriver\LCD.c(558): warning:  #177-D: variable "j" was declared but never referenced
Source\LCDDriver\LCD.c(703): warning:  #223-D: function "SD_Init" declared implicitly
Source\LCDDriver\LCD.c(774): warning:  #1-D: last line of file ends without a newline
Source\LCDDriver\LCD.c(110): warning:  #177-D: function "LCD_FSMC_Config" was declared but never referenced
Source\LCDDriver\LCD.c(146): warning:  #177-D: function "DelayX1ms" was declared but never referenced
linking...
Program Size: Code=4924 RO-data=736 RW-data=68 ZI-data=4228  
FromELF: creating hex file...
".\Output\NEWBUY_KitBoard.axf" - 0 Error(s), 8 Warning(s).
Build target 'NEWBUY_KitBoard'
compiling LCD.c...
Source\LCDDriver\LCD.h(48): warning:  #77-D: this declaration has no storage class or type specifier
.\Source\GB1616.h(70): warning:  #1-D: last line of file ends without a newline
Source\LCDDriver\LCD.c(241): warning:  #177-D: variable "a" was declared but never referenced
Source\LCDDriver\LCD.c(558): warning:  #177-D: variable "j" was declared but never referenced
Source\LCDDriver\LCD.c(703): warning:  #223-D: function "SD_Init" declared implicitly
Source\LCDDriver\LCD.c(774): warning:  #1-D: last line of file ends without a newline
Source\LCDDriver\LCD.c(110): warning:  #177-D: function "LCD_FSMC_Config" was declared but never referenced
Source\LCDDriver\LCD.c(146): warning:  #177-D: function "DelayX1ms" was declared but never referenced
linking...
Program Size: Code=4940 RO-data=736 RW-data=68 ZI-data=4228  
FromELF: creating hex file...
".\Output\NEWBUY_KitBoard.axf" - 0 Error(s), 8 Warning(s).
Load "R:\\STM32_TK032AF196_硬件完整4线SPI正式版\\Output\\NEWBUY_KitBoard.AXF" 
* JLink Info: Device "STM32F103VE" selected (512 KB flash, 64 KB RAM).
Set JLink Project File to "R:\STM32_TK032AF196_硬件完整4线SPI正式版\JLinkSettings.ini"
 
JLink info:
------------
DLL: V4.50j, compiled Jun 26 2012 09:19:07
Firmware: J-Link ARM-OB STM32 compiled Dec 15 2010 11:30:03
Hardware: V7.00
S/N : 20090928 
Feature(s) : RDI,FlashDL,FlashBP,JFlash,GDBFull 
 
* JLink Info: Found SWD-DP with ID 0x1BA01477
* JLink Info: Found SWD-DP with ID 0x1BA01477
* JLink Info: TPIU fitted.
* JLink Info: ETM fitted.
* JLink Info: FPUnit: 6 code (BP) slots and 2 literal slots
* JLink Info: Found Cortex-M3 r1p1, Little endian.
ROMTableAddr = 0xE00FF003
 
Target info:
------------
Device: STM32F103VE
VTarget = 3.300V
State of Pins: 
TCK: 0, TDI: 0, TDO: 1, TMS: 0, TRES: 1, TRST: 1
Hardware-Breakpoints: 6
Software-Breakpoints: 8192
Watchpoints:          4
JTAG speed: 4000 kHz
 
Full Chip Erase Done.
Programming Done.
Application running ...
Build target 'NEWBUY_KitBoard'
compiling spi.c...
Source\spi.c(35): error:  #20: identifier "SPI_BaudRatePrescaler_1" is undefined
Target not created
Load "R:\\STM32_TK032AF196_硬件完整4线SPI正式版\\Output\\NEWBUY_KitBoard.AXF" 
_____^
*** error 56: cannot open file
Build target 'NEWBUY_KitBoard'
compiling spi.c...
Source\spi.c(35): error:  #20: identifier "SPI_BaudRatePrescaler_1" is undefined
Target not created
Build target 'NEWBUY_KitBoard'
compiling spi.c...
linking...
Program Size: Code=4940 RO-data=736 RW-data=68 ZI-data=4228  
FromELF: creating hex file...
".\Output\NEWBUY_KitBoard.axf" - 0 Error(s), 0 Warning(s).
Load "R:\\STM32_TK032AF196_硬件完整4线SPI正式版\\Output\\NEWBUY_KitBoard.AXF" 
* JLink Info: Device "STM32F103VE" selected (512 KB flash, 64 KB RAM).
Set JLink Project File to "R:\STM32_TK032AF196_硬件完整4线SPI正式版\JLinkSettings.ini"
 
JLink info:
------------
DLL: V4.50j, compiled Jun 26 2012 09:19:07
Firmware: J-Link ARM-OB STM32 compiled Dec 15 2010 11:30:03
Hardware: V7.00
S/N : 20090928 
Feature(s) : RDI,FlashDL,FlashBP,JFlash,GDBFull 
 
* JLink Info: Found SWD-DP with ID 0x1BA01477
* JLink Info: Found SWD-DP with ID 0x1BA01477
* JLink Info: TPIU fitted.
* JLink Info: ETM fitted.
* JLink Info: FPUnit: 6 code (BP) slots and 2 literal slots
* JLink Info: Found Cortex-M3 r1p1, Little endian.
ROMTableAddr = 0xE00FF003
 
Target info:
------------
Device: STM32F103VE
VTarget = 3.300V
State of Pins: 
TCK: 0, TDI: 0, TDO: 1, TMS: 0, TRES: 1, TRST: 1
Hardware-Breakpoints: 6
Software-Breakpoints: 8192
Watchpoints:          4
JTAG speed: 4000 kHz
 
Full Chip Erase Done.
Programming Done.
Application running ...
Build target 'NEWBUY_KitBoard'
compiling spi.c...
linking...
Program Size: Code=4936 RO-data=736 RW-data=68 ZI-data=4228  
FromELF: creating hex file...
".\Output\NEWBUY_KitBoard.axf" - 0 Error(s), 0 Warning(s).
Load "R:\\STM32_TK032AF196_硬件完整4线SPI正式版\\Output\\NEWBUY_KitBoard.AXF" 
* JLink Info: Device "STM32F103VE" selected (512 KB flash, 64 KB RAM).
Set JLink Project File to "R:\STM32_TK032AF196_硬件完整4线SPI正式版\JLinkSettings.ini"
 
JLink info:
------------
DLL: V4.50j, compiled Jun 26 2012 09:19:07
Firmware: J-Link ARM-OB STM32 compiled Dec 15 2010 11:30:03
Hardware: V7.00
S/N : 20090928 
Feature(s) : RDI,FlashDL,FlashBP,JFlash,GDBFull 
 
* JLink Info: Found SWD-DP with ID 0x1BA01477
* JLink Info: Found SWD-DP with ID 0x1BA01477
* JLink Info: TPIU fitted.
* JLink Info: ETM fitted.
* JLink Info: FPUnit: 6 code (BP) slots and 2 literal slots
* JLink Info: Found Cortex-M3 r1p1, Little endian.
ROMTableAddr = 0xE00FF003
 
Target info:
------------
Device: STM32F103VE
VTarget = 3.300V
State of Pins: 
TCK: 0, TDI: 0, TDO: 1, TMS: 0, TRES: 1, TRST: 1
Hardware-Breakpoints: 6
Software-Breakpoints: 8192
Watchpoints:          4
JTAG speed: 4000 kHz
 
Full Chip Erase Done.
Programming Done.
Application running ...
Build target 'NEWBUY_KitBoard'
compiling spi.c...
linking...
Program Size: Code=4940 RO-data=736 RW-data=68 ZI-data=4228  
FromELF: creating hex file...
".\Output\NEWBUY_KitBoard.axf" - 0 Error(s), 0 Warning(s).
Load "R:\\STM32_TK032AF196_硬件完整4线SPI正式版\\Output\\NEWBUY_KitBoard.AXF" 
* JLink Info: Device "STM32F103VE" selected (512 KB flash, 64 KB RAM).
Set JLink Project File to "R:\STM32_TK032AF196_硬件完整4线SPI正式版\JLinkSettings.ini"
 
JLink info:
------------
DLL: V4.50j, compiled Jun 26 2012 09:19:07
Firmware: J-Link ARM-OB STM32 compiled Dec 15 2010 11:30:03
Hardware: V7.00
S/N : 20090928 
Feature(s) : RDI,FlashDL,FlashBP,JFlash,GDBFull 
 
* JLink Info: Found SWD-DP with ID 0x1BA01477
* JLink Info: Found SWD-DP with ID 0x1BA01477
* JLink Info: TPIU fitted.
* JLink Info: ETM fitted.
* JLink Info: FPUnit: 6 code (BP) slots and 2 literal slots
* JLink Info: Found Cortex-M3 r1p1, Little endian.
ROMTableAddr = 0xE00FF003
 
Target info:
------------
Device: STM32F103VE
VTarget = 3.300V
State of Pins: 
TCK: 0, TDI: 0, TDO: 1, TMS: 0, TRES: 1, TRST: 1
Hardware-Breakpoints: 6
Software-Breakpoints: 8192
Watchpoints:          4
JTAG speed: 4000 kHz
 
Full Chip Erase Done.
Programming Done.
Application running ...
Build target 'NEWBUY_KitBoard'
compiling spi.c...
linking...
Program Size: Code=4940 RO-data=736 RW-data=68 ZI-data=4228  
FromELF: creating hex file...
".\Output\NEWBUY_KitBoard.axf" - 0 Error(s), 0 Warning(s).
Load "R:\\STM32_TK032AF196_硬件完整4线SPI正式版\\Output\\NEWBUY_KitBoard.AXF" 
* JLink Info: Device "STM32F103VE" selected (512 KB flash, 64 KB RAM).
Set JLink Project File to "R:\STM32_TK032AF196_硬件完整4线SPI正式版\JLinkSettings.ini"
 
JLink info:
------------
DLL: V4.50j, compiled Jun 26 2012 09:19:07
Firmware: J-Link ARM-OB STM32 compiled Dec 15 2010 11:30:03
Hardware: V7.00
S/N : 20090928 
Feature(s) : RDI,FlashDL,FlashBP,JFlash,GDBFull 
 
* JLink Info: Found SWD-DP with ID 0x1BA01477
* JLink Info: Found SWD-DP with ID 0x1BA01477
* JLink Info: TPIU fitted.
* JLink Info: ETM fitted.
* JLink Info: FPUnit: 6 code (BP) slots and 2 literal slots
* JLink Info: Found Cortex-M3 r1p1, Little endian.
ROMTableAddr = 0xE00FF003
 
Target info:
------------
Device: STM32F103VE
VTarget = 3.300V
State of Pins: 
TCK: 0, TDI: 0, TDO: 1, TMS: 0, TRES: 1, TRST: 1
Hardware-Breakpoints: 6
Software-Breakpoints: 8192
Watchpoints:          4
JTAG speed: 4000 kHz
 
Full Chip Erase Done.
Programming Done.
Application running ...
Build target 'NEWBUY_KitBoard'
compiling LCD.c...
Source\LCDDriver\LCD.h(48): warning:  #77-D: this declaration has no storage class or type specifier
.\Source\GB1616.h(70): warning:  #1-D: last line of file ends without a newline
Source\LCDDriver\LCD.c(241): warning:  #177-D: variable "a" was declared but never referenced
Source\LCDDriver\LCD.c(558): warning:  #177-D: variable "j" was declared but never referenced
Source\LCDDriver\LCD.c(703): warning:  #223-D: function "SD_Init" declared implicitly
Source\LCDDriver\LCD.c(774): warning:  #1-D: last line of file ends without a newline
Source\LCDDriver\LCD.c(110): warning:  #177-D: function "LCD_FSMC_Config" was declared but never referenced
Source\LCDDriver\LCD.c(146): warning:  #177-D: function "DelayX1ms" was declared but never referenced
linking...
Program Size: Code=5012 RO-data=307936 RW-data=68 ZI-data=4228  
FromELF: creating hex file...
".\Output\NEWBUY_KitBoard.axf" - 0 Error(s), 8 Warning(s).
Build target 'NEWBUY_KitBoard'
compiling LCD.c...
Source\LCDDriver\LCD.h(48): warning:  #77-D: this declaration has no storage class or type specifier
.\Source\GB1616.h(70): warning:  #1-D: last line of file ends without a newline
Source\LCDDriver\LCD.c(241): warning:  #177-D: variable "a" was declared but never referenced
Source\LCDDriver\LCD.c(559): warning:  #177-D: variable "j" was declared but never referenced
Source\LCDDriver\LCD.c(704): warning:  #223-D: function "SD_Init" declared implicitly
Source\LCDDriver\LCD.c(775): warning:  #1-D: last line of file ends without a newline
Source\LCDDriver\LCD.c(110): warning:  #177-D: function "LCD_FSMC_Config" was declared but never referenced
Source\LCDDriver\LCD.c(146): warning:  #177-D: function "DelayX1ms" was declared but never referenced
linking...
Program Size: Code=5024 RO-data=307936 RW-data=68 ZI-data=4228  
FromELF: creating hex file...
".\Output\NEWBUY_KitBoard.axf" - 0 Error(s), 8 Warning(s).
Build target 'NEWBUY_KitBoard'
compiling LCD.c...
Source\LCDDriver\LCD.h(48): warning:  #77-D: this declaration has no storage class or type specifier
.\Source\GB1616.h(70): warning:  #1-D: last line of file ends without a newline
Source\LCDDriver\LCD.c(241): warning:  #177-D: variable "a" was declared but never referenced
Source\LCDDriver\LCD.c(559): warning:  #177-D: variable "j" was declared but never referenced
Source\LCDDriver\LCD.c(704): warning:  #223-D: function "SD_Init" declared implicitly
Source\LCDDriver\LCD.c(775): warning:  #1-D: last line of file ends without a newline
Source\LCDDriver\LCD.c(110): warning:  #177-D: function "LCD_FSMC_Config" was declared but never referenced
Source\LCDDriver\LCD.c(146): warning:  #177-D: function "DelayX1ms" was declared but never referenced
Source\LCDDriver\LCD.c(215): warning:  #177-D: function "LCD_Rst" was declared but never referenced
linking...
Program Size: Code=4976 RO-data=307936 RW-data=68 ZI-data=4228  
FromELF: creating hex file...
".\Output\NEWBUY_KitBoard.axf" - 0 Error(s), 9 Warning(s).
Load "R:\\STM32_TK032AF196_硬件完整4线SPI正式版\\Output\\NEWBUY_KitBoard.AXF" 
* JLink Info: Device "STM32F103VE" selected (512 KB flash, 64 KB RAM).
Set JLink Project File to "R:\STM32_TK032AF196_硬件完整4线SPI正式版\JLinkSettings.ini"
 
JLink info:
------------
DLL: V4.50j, compiled Jun 26 2012 09:19:07
Firmware: J-Link ARM-OB STM32 compiled Dec 15 2010 11:30:03
Hardware: V7.00
S/N : 20090928 
Feature(s) : RDI,FlashDL,FlashBP,JFlash,GDBFull 
 
* JLink Info: Found SWD-DP with ID 0x1BA01477
* JLink Info: Found SWD-DP with ID 0x1BA01477
* JLink Info: TPIU fitted.
* JLink Info: ETM fitted.
* JLink Info: FPUnit: 6 code (BP) slots and 2 literal slots
* JLink Info: Found Cortex-M3 r1p1, Little endian.
ROMTableAddr = 0xE00FF003
 
Target info:
------------
Device: STM32F103VE
VTarget = 3.300V
State of Pins: 
TCK: 0, TDI: 0, TDO: 1, TMS: 0, TRES: 1, TRST: 1
Hardware-Breakpoints: 6
Software-Breakpoints: 8192
Watchpoints:          4
JTAG speed: 4000 kHz
 
Full Chip Erase Done.
Programming Done.
Application running ...
Build target 'NEWBUY_KitBoard'
compiling LCD.c...
Source\LCDDriver\LCD.h(48): warning:  #77-D: this declaration has no storage class or type specifier
.\Source\GB1616.h(70): warning:  #1-D: last line of file ends without a newline
Source\LCDDriver\LCD.c(241): warning:  #177-D: variable "a" was declared but never referenced
Source\LCDDriver\LCD.c(559): warning:  #177-D: variable "j" was declared but never referenced
Source\LCDDriver\LCD.c(704): warning:  #223-D: function "SD_Init" declared implicitly
Source\LCDDriver\LCD.c(775): warning:  #1-D: last line of file ends without a newline
Source\LCDDriver\LCD.c(110): warning:  #177-D: function "LCD_FSMC_Config" was declared but never referenced
Source\LCDDriver\LCD.c(146): warning:  #177-D: function "DelayX1ms" was declared but never referenced
Source\LCDDriver\LCD.c(215): warning:  #177-D: function "LCD_Rst" was declared but never referenced
linking...
Program Size: Code=4980 RO-data=307936 RW-data=68 ZI-data=4228  
FromELF: creating hex file...
".\Output\NEWBUY_KitBoard.axf" - 0 Error(s), 9 Warning(s).
Build target 'NEWBUY_KitBoard'
compiling LCD.c...
Source\LCDDriver\LCD.h(48): warning:  #77-D: this declaration has no storage class or type specifier
.\Source\GB1616.h(70): warning:  #1-D: last line of file ends without a newline
Source\LCDDriver\LCD.c(241): warning:  #177-D: variable "a" was declared but never referenced
Source\LCDDriver\LCD.c(561): warning:  #177-D: variable "j" was declared but never referenced
Source\LCDDriver\LCD.c(706): warning:  #223-D: function "SD_Init" declared implicitly
Source\LCDDriver\LCD.c(777): warning:  #1-D: last line of file ends without a newline
Source\LCDDriver\LCD.c(110): warning:  #177-D: function "LCD_FSMC_Config" was declared but never referenced
Source\LCDDriver\LCD.c(146): warning:  #177-D: function "DelayX1ms" was declared but never referenced
Source\LCDDriver\LCD.c(215): warning:  #177-D: function "LCD_Rst" was declared but never referenced
linking...
Program Size: Code=5056 RO-data=307936 RW-data=68 ZI-data=4228  
FromELF: creating hex file...
".\Output\NEWBUY_KitBoard.axf" - 0 Error(s), 9 Warning(s).
Build target 'NEWBUY_KitBoard'
compiling LCD.c...
Source\LCDDriver\LCD.h(48): warning:  #77-D: this declaration has no storage class or type specifier
.\Source\GB1616.h(70): warning:  #1-D: last line of file ends without a newline
Source\LCDDriver\LCD.c(241): warning:  #177-D: variable "a" was declared but never referenced
Source\LCDDriver\LCD.c(562): warning:  #177-D: variable "j" was declared but never referenced
Source\LCDDriver\LCD.c(707): warning:  #223-D: function "SD_Init" declared implicitly
Source\LCDDriver\LCD.c(778): warning:  #1-D: last line of file ends without a newline
Source\LCDDriver\LCD.c(110): warning:  #177-D: function "LCD_FSMC_Config" was declared but never referenced
Source\LCDDriver\LCD.c(146): warning:  #177-D: function "DelayX1ms" was declared but never referenced
Source\LCDDriver\LCD.c(215): warning:  #177-D: function "LCD_Rst" was declared but never referenced
linking...
Program Size: Code=5060 RO-data=307936 RW-data=68 ZI-data=4228  
FromELF: creating hex file...
".\Output\NEWBUY_KitBoard.axf" - 0 Error(s), 9 Warning(s).
Build target 'NEWBUY_KitBoard'
compiling LCD.c...
Source\LCDDriver\LCD.h(48): warning:  #77-D: this declaration has no storage class or type specifier
.\Source\GB1616.h(70): warning:  #1-D: last line of file ends without a newline
Source\LCDDriver\LCD.c(241): warning:  #177-D: variable "a" was declared but never referenced
Source\LCDDriver\LCD.c(562): warning:  #177-D: variable "j" was declared but never referenced
Source\LCDDriver\LCD.c(707): warning:  #223-D: function "SD_Init" declared implicitly
Source\LCDDriver\LCD.c(778): warning:  #1-D: last line of file ends without a newline
Source\LCDDriver\LCD.c(110): warning:  #177-D: function "LCD_FSMC_Config" was declared but never referenced
Source\LCDDriver\LCD.c(146): warning:  #177-D: function "DelayX1ms" was declared but never referenced
Source\LCDDriver\LCD.c(215): warning:  #177-D: function "LCD_Rst" was declared but never referenced
linking...
Program Size: Code=5064 RO-data=307936 RW-data=68 ZI-data=4228  
FromELF: creating hex file...
".\Output\NEWBUY_KitBoard.axf" - 0 Error(s), 9 Warning(s).
Build target 'NEWBUY_KitBoard'
compiling LCD.c...
Source\LCDDriver\LCD.h(48): warning:  #77-D: this declaration has no storage class or type specifier
.\Source\GB1616.h(70): warning:  #1-D: last line of file ends without a newline
Source\LCDDriver\LCD.c(241): warning:  #177-D: variable "a" was declared but never referenced
Source\LCDDriver\LCD.c(562): warning:  #177-D: variable "j" was declared but never referenced
Source\LCDDriver\LCD.c(707): warning:  #223-D: function "SD_Init" declared implicitly
Source\LCDDriver\LCD.c(778): warning:  #1-D: last line of file ends without a newline
Source\LCDDriver\LCD.c(110): warning:  #177-D: function "LCD_FSMC_Config" was declared but never referenced
Source\LCDDriver\LCD.c(146): warning:  #177-D: function "DelayX1ms" was declared but never referenced
Source\LCDDriver\LCD.c(215): warning:  #177-D: function "LCD_Rst" was declared but never referenced
linking...
Program Size: Code=5060 RO-data=307936 RW-data=68 ZI-data=4228  
FromELF: creating hex file...
".\Output\NEWBUY_KitBoard.axf" - 0 Error(s), 9 Warning(s).
Build target 'NEWBUY_KitBoard'
compiling LCD.c...
Source\LCDDriver\LCD.h(48): warning:  #77-D: this declaration has no storage class or type specifier
.\Source\GB1616.h(70): warning:  #1-D: last line of file ends without a newline
Source\LCDDriver\LCD.c(241): warning:  #177-D: variable "a" was declared but never referenced
Source\LCDDriver\LCD.c(560): warning:  #177-D: variable "j" was declared but never referenced
Source\LCDDriver\LCD.c(705): warning:  #223-D: function "SD_Init" declared implicitly
Source\LCDDriver\LCD.c(776): warning:  #1-D: last line of file ends without a newline
Source\LCDDriver\LCD.c(110): warning:  #177-D: function "LCD_FSMC_Config" was declared but never referenced
Source\LCDDriver\LCD.c(146): warning:  #177-D: function "DelayX1ms" was declared but never referenced
Source\LCDDriver\LCD.c(215): warning:  #177-D: function "LCD_Rst" was declared but never referenced
linking...
Program Size: Code=5064 RO-data=307936 RW-data=68 ZI-data=4228  
FromELF: creating hex file...
".\Output\NEWBUY_KitBoard.axf" - 0 Error(s), 9 Warning(s).
Build target 'NEWBUY_KitBoard'
compiling LCD.c...
Source\LCDDriver\LCD.h(48): warning:  #77-D: this declaration has no storage class or type specifier
.\Source\GB1616.h(70): warning:  #1-D: last line of file ends without a newline
Source\LCDDriver\LCD.c(241): warning:  #550-D: variable "a" was set but never used
Source\LCDDriver\LCD.c(560): warning:  #177-D: variable "j" was declared but never referenced
Source\LCDDriver\LCD.c(705): warning:  #223-D: function "SD_Init" declared implicitly
Source\LCDDriver\LCD.c(776): warning:  #1-D: last line of file ends without a newline
Source\LCDDriver\LCD.c(110): warning:  #177-D: function "LCD_FSMC_Config" was declared but never referenced
Source\LCDDriver\LCD.c(146): warning:  #177-D: function "DelayX1ms" was declared but never referenced
Source\LCDDriver\LCD.c(215): warning:  #177-D: function "LCD_Rst" was declared but never referenced
linking...
Program Size: Code=5000 RO-data=307936 RW-data=68 ZI-data=4228  
FromELF: creating hex file...
".\Output\NEWBUY_KitBoard.axf" - 0 Error(s), 9 Warning(s).
Build target 'NEWBUY_KitBoard'
linking...
Program Size: Code=5000 RO-data=307936 RW-data=68 ZI-data=4228  
FromELF: creating hex file...
".\Output\NEWBUY_KitBoard.axf" - 0 Error(s), 0 Warning(s).
Build target 'NEWBUY_KitBoard'
compiling LCD.c...
Source\LCDDriver\LCD.h(48): warning:  #77-D: this declaration has no storage class or type specifier
.\Source\GB1616.h(70): warning:  #1-D: last line of file ends without a newline
Source\LCDDriver\LCD.c(241): warning:  #550-D: variable "a" was set but never used
Source\LCDDriver\LCD.c(563): warning:  #177-D: variable "j" was declared but never referenced
Source\LCDDriver\LCD.c(708): warning:  #223-D: function "SD_Init" declared implicitly
Source\LCDDriver\LCD.c(779): warning:  #1-D: last line of file ends without a newline
Source\LCDDriver\LCD.c(110): warning:  #177-D: function "LCD_FSMC_Config" was declared but never referenced
Source\LCDDriver\LCD.c(146): warning:  #177-D: function "DelayX1ms" was declared but never referenced
Source\LCDDriver\LCD.c(215): warning:  #177-D: function "LCD_Rst" was declared but never referenced
linking...
Program Size: Code=5020 RO-data=307936 RW-data=68 ZI-data=4228  
FromELF: creating hex file...
".\Output\NEWBUY_KitBoard.axf" - 0 Error(s), 9 Warning(s).
Build target 'NEWBUY_KitBoard'
compiling LCD.c...
Source\LCDDriver\LCD.h(48): warning:  #77-D: this declaration has no storage class or type specifier
.\Source\GB1616.h(70): warning:  #1-D: last line of file ends without a newline
Source\LCDDriver\LCD.c(241): warning:  #177-D: variable "a" was declared but never referenced
Source\LCDDriver\LCD.c(562): warning:  #177-D: variable "j" was declared but never referenced
Source\LCDDriver\LCD.c(707): warning:  #223-D: function "SD_Init" declared implicitly
Source\LCDDriver\LCD.c(778): warning:  #1-D: last line of file ends without a newline
Source\LCDDriver\LCD.c(110): warning:  #177-D: function "LCD_FSMC_Config" was declared but never referenced
Source\LCDDriver\LCD.c(146): warning:  #177-D: function "DelayX1ms" was declared but never referenced
Source\LCDDriver\LCD.c(215): warning:  #177-D: function "LCD_Rst" was declared but never referenced
linking...
Program Size: Code=4996 RO-data=307936 RW-data=68 ZI-data=4228  
FromELF: creating hex file...
".\Output\NEWBUY_KitBoard.axf" - 0 Error(s), 9 Warning(s).
Build target 'NEWBUY_KitBoard'
compiling LCD.c...
Source\LCDDriver\LCD.h(48): warning:  #77-D: this declaration has no storage class or type specifier
.\Source\GB1616.h(70): warning:  #1-D: last line of file ends without a newline
Source\LCDDriver\LCD.c(129): warning:  #223-D: function "LCD_WriteByteSPI" declared implicitly
Source\LCDDriver\LCD.c(136): warning:  #223-D: function "LCD_WriteByteSPI" declared implicitly
Source\LCDDriver\LCD.c(143): warning:  #223-D: function "LCD_WriteByteSPI" declared implicitly
Source\LCDDriver\LCD.c(150): warning:  #223-D: function "LCD_WriteByteSPI" declared implicitly
Source\LCDDriver\LCD.c(172): warning:  #177-D: variable "a" was declared but never referenced
Source\LCDDriver\LCD.c(493): warning:  #177-D: variable "j" was declared but never referenced
Source\LCDDriver\LCD.c(638): warning:  #223-D: function "SD_Init" declared implicitly
Source\LCDDriver\LCD.c(709): warning:  #1-D: last line of file ends without a newline
linking...
.\Output\NEWBUY_KitBoard.axf: Error: L6218E: Undefined symbol LCD_WriteByteSPI (referred from lcd.o).
Target not created
Build target 'NEWBUY_KitBoard'
compiling LCD.c...
Source\LCDDriver\LCD.h(48): warning:  #77-D: this declaration has no storage class or type specifier
.\Source\GB1616.h(70): warning:  #1-D: last line of file ends without a newline
Source\LCDDriver\LCD.c(184): warning:  #177-D: variable "a" was declared but never referenced
Source\LCDDriver\LCD.c(505): warning:  #177-D: variable "j" was declared but never referenced
Source\LCDDriver\LCD.c(650): warning:  #223-D: function "SD_Init" declared implicitly
Source\LCDDriver\LCD.c(721): warning:  #1-D: last line of file ends without a newline
linking...
Program Size: Code=4996 RO-data=307936 RW-data=68 ZI-data=4228  
FromELF: creating hex file...
".\Output\NEWBUY_KitBoard.axf" - 0 Error(s), 6 Warning(s).
Build target 'NEWBUY_KitBoard'
compiling LCD.c...
Source\LCDDriver\LCD.h(48): warning:  #77-D: this declaration has no storage class or type specifier
.\Source\GB1616.h(70): warning:  #1-D: last line of file ends without a newline
Source\LCDDriver\LCD.c(155): warning:  #177-D: variable "a" was declared but never referenced
Source\LCDDriver\LCD.c(476): warning:  #177-D: variable "j" was declared but never referenced
Source\LCDDriver\LCD.c(621): warning:  #223-D: function "SD_Init" declared implicitly
Source\LCDDriver\LCD.c(692): warning:  #1-D: last line of file ends without a newline
linking...
Program Size: Code=4996 RO-data=307936 RW-data=68 ZI-data=4228  
FromELF: creating hex file...
".\Output\NEWBUY_KitBoard.axf" - 0 Error(s), 6 Warning(s).
Build target 'NEWBUY_KitBoard'
compiling LCD.c...
Source\LCDDriver\LCD.h(48): warning:  #77-D: this declaration has no storage class or type specifier
.\Source\GB1616.h(70): warning:  #1-D: last line of file ends without a newline
Source\LCDDriver\LCD.c(111): warning:  #177-D: variable "buf" was declared but never referenced
Source\LCDDriver\LCD.c(112): warning:  #177-D: variable "i" was declared but never referenced
Source\LCDDriver\LCD.c(148): warning:  #177-D: variable "a" was declared but never referenced
Source\LCDDriver\LCD.c(469): warning:  #177-D: variable "j" was declared but never referenced
Source\LCDDriver\LCD.c(614): warning:  #223-D: function "SD_Init" declared implicitly
Source\LCDDriver\LCD.c(685): warning:  #1-D: last line of file ends without a newline
linking...
Program Size: Code=4996 RO-data=307936 RW-data=68 ZI-data=4228  
FromELF: creating hex file...
".\Output\NEWBUY_KitBoard.axf" - 0 Error(s), 8 Warning(s).
Build target 'NEWBUY_KitBoard'
compiling LCD.c...
Source\LCDDriver\LCD.h(48): warning:  #77-D: this declaration has no storage class or type specifier
.\Source\GB1616.h(70): warning:  #1-D: last line of file ends without a newline
Source\LCDDriver\LCD.c(146): warning:  #177-D: variable "a" was declared but never referenced
Source\LCDDriver\LCD.c(467): warning:  #177-D: variable "j" was declared but never referenced
Source\LCDDriver\LCD.c(612): warning:  #223-D: function "SD_Init" declared implicitly
Source\LCDDriver\LCD.c(683): warning:  #1-D: last line of file ends without a newline
linking...
Program Size: Code=4996 RO-data=307936 RW-data=68 ZI-data=4228  
FromELF: creating hex file...
".\Output\NEWBUY_KitBoard.axf" - 0 Error(s), 6 Warning(s).
Build target 'NEWBUY_KitBoard'
compiling LCD.c...
Source\LCDDriver\LCD.h(48): warning:  #77-D: this declaration has no storage class or type specifier
.\Source\GB1616.h(70): warning:  #1-D: last line of file ends without a newline
Source\LCDDriver\LCD.c(141): warning:  #177-D: variable "a" was declared but never referenced
Source\LCDDriver\LCD.c(462): warning:  #177-D: variable "j" was declared but never referenced
Source\LCDDriver\LCD.c(607): warning:  #223-D: function "SD_Init" declared implicitly
Source\LCDDriver\LCD.c(678): warning:  #1-D: last line of file ends without a newline
linking...
Program Size: Code=4996 RO-data=307936 RW-data=68 ZI-data=4228  
FromELF: creating hex file...
".\Output\NEWBUY_KitBoard.axf" - 0 Error(s), 6 Warning(s).
Build target 'NEWBUY_KitBoard'
compiling LCD.c...
Source\LCDDriver\LCD.h(48): warning:  #77-D: this declaration has no storage class or type specifier
.\Source\GB1616.h(70): warning:  #1-D: last line of file ends without a newline
Source\LCDDriver\LCD.c(131): warning:  #177-D: variable "a" was declared but never referenced
Source\LCDDriver\LCD.c(452): warning:  #177-D: variable "j" was declared but never referenced
Source\LCDDriver\LCD.c(597): warning:  #223-D: function "SD_Init" declared implicitly
Source\LCDDriver\LCD.c(668): warning:  #1-D: last line of file ends without a newline
linking...
.\Output\NEWBUY_KitBoard.axf: Error: L6218E: Undefined symbol SPI_WriteCMD (referred from main.o).
.\Output\NEWBUY_KitBoard.axf: Error: L6218E: Undefined symbol SPI_WriteDAT (referred from main.o).
Target not created
Build target 'NEWBUY_KitBoard'
compiling main.c...
.\Source\LCDDriver\LCD.h(48): warning:  #77-D: this declaration has no storage class or type specifier
Source\main.c(74): warning:  #223-D: function "LCD_GPIO_Config" declared implicitly
Source\main.c(81): warning:  #223-D: function "SPI1_Init" declared implicitly
Source\main.c(94): warning:  #111-D: statement is unreachable
Source\main.c(458): warning:  #177-D: function "DispLogo" was declared but never referenced
Source\main.c(51): warning:  #177-D: function "Button_GPIO_Config" was declared but never referenced
linking...
Program Size: Code=4932 RO-data=307936 RW-data=68 ZI-data=4228  
FromELF: creating hex file...
".\Output\NEWBUY_KitBoard.axf" - 0 Error(s), 6 Warning(s).
Build target 'NEWBUY_KitBoard'
compiling LCD.c...
Source\LCDDriver\LCD.h(48): warning:  #77-D: this declaration has no storage class or type specifier
.\Source\GB1616.h(70): warning:  #1-D: last line of file ends without a newline
Source\LCDDriver\LCD.c(127): warning:  #177-D: variable "a" was declared but never referenced
Source\LCDDriver\LCD.c(448): warning:  #177-D: variable "j" was declared but never referenced
Source\LCDDriver\LCD.c(593): warning:  #223-D: function "SD_Init" declared implicitly
Source\LCDDriver\LCD.c(664): warning:  #1-D: last line of file ends without a newline
linking...
Program Size: Code=4932 RO-data=307936 RW-data=68 ZI-data=4228  
FromELF: creating hex file...
".\Output\NEWBUY_KitBoard.axf" - 0 Error(s), 6 Warning(s).
Build target 'NEWBUY_KitBoard'
compiling LCD.c...
Source\LCDDriver\LCD.h(48): warning:  #77-D: this declaration has no storage class or type specifier
.\Source\GB1616.h(70): warning:  #1-D: last line of file ends without a newline
Source\LCDDriver\LCD.c(126): warning:  #177-D: variable "a" was declared but never referenced
Source\LCDDriver\LCD.c(437): warning:  #177-D: variable "j" was declared but never referenced
Source\LCDDriver\LCD.c(582): warning:  #223-D: function "SD_Init" declared implicitly
Source\LCDDriver\LCD.c(653): warning:  #1-D: last line of file ends without a newline
linking...
Program Size: Code=5142 RO-data=307938 RW-data=68 ZI-data=4228  
FromELF: creating hex file...
".\Output\NEWBUY_KitBoard.axf" - 0 Error(s), 6 Warning(s).
Build target 'NEWBUY_KitBoard'
compiling LCD.c...
Source\LCDDriver\LCD.h(48): warning:  #77-D: this declaration has no storage class or type specifier
.\Source\GB1616.h(70): warning:  #1-D: last line of file ends without a newline
Source\LCDDriver\LCD.c(126): warning:  #177-D: variable "a" was declared but never referenced
Source\LCDDriver\LCD.c(437): warning:  #177-D: variable "j" was declared but never referenced
Source\LCDDriver\LCD.c(582): warning:  #223-D: function "SD_Init" declared implicitly
Source\LCDDriver\LCD.c(653): warning:  #1-D: last line of file ends without a newline
linking...
Program Size: Code=5142 RO-data=307938 RW-data=68 ZI-data=4228  
FromELF: creating hex file...
".\Output\NEWBUY_KitBoard.axf" - 0 Error(s), 6 Warning(s).
