<!doctype html public "-//w3c//dtd html 4.0 transitional//en">
<html><head>
<title>Static Call Graph - [..\Output\tiky.axf]</title></head>
<body><HR>
<H1>Static Call Graph for image ..\Output\tiky.axf</H1><HR>
<BR><P>#&#060CALLGRAPH&#062# ARM Linker, 5.03 [Build 76]: Last Updated: Fri Apr 20 18:05:57 2018
<BR><P>
<H3>Maximum Stack Usage =        688 bytes + Unknown(Cycles, Untraceable Function Pointers)</H3><H3>
Call chain for Maximum Stack Depth:</H3>
_cbCallback &rArr; MainTask_WIDGET_Effect &rArr; DROPDOWN_Expand &rArr; LISTBOX_CreateAsChild &rArr; LISTBOX_CreateEx &rArr; LISTBOX_SetText &rArr; LISTBOX_AddString &rArr; LISTBOX_UpdateScrollers &rArr; _ManageAutoScroll &rArr; _GetNumVisItems &rArr; _GetItemSizeY &rArr; _CallOwnerDraw &rArr; LISTBOX_OwnerDraw &rArr; GUI_DispStringAt &rArr; GUI_DispString &rArr; GUI__DispLine &rArr; WM__InitIVRSearch &rArr; WM__GetNextIVR &rArr; _FindNext_IVR &rArr; _Findx0 &rArr;  _Findx0 (Cycle)
<P>
<H3>
Mutually Recursive functions
</H3> <LI><a href="#[3]">NMI_Handler</a>&nbsp;&nbsp;&nbsp;&rArr;&nbsp;&nbsp;&nbsp;<a href="#[3]">NMI_Handler</a><BR>
 <LI><a href="#[4]">HardFault_Handler</a>&nbsp;&nbsp;&nbsp;&rArr;&nbsp;&nbsp;&nbsp;<a href="#[4]">HardFault_Handler</a><BR>
 <LI><a href="#[5]">MemManage_Handler</a>&nbsp;&nbsp;&nbsp;&rArr;&nbsp;&nbsp;&nbsp;<a href="#[5]">MemManage_Handler</a><BR>
 <LI><a href="#[6]">BusFault_Handler</a>&nbsp;&nbsp;&nbsp;&rArr;&nbsp;&nbsp;&nbsp;<a href="#[6]">BusFault_Handler</a><BR>
 <LI><a href="#[7]">UsageFault_Handler</a>&nbsp;&nbsp;&nbsp;&rArr;&nbsp;&nbsp;&nbsp;<a href="#[7]">UsageFault_Handler</a><BR>
 <LI><a href="#[8]">SVC_Handler</a>&nbsp;&nbsp;&nbsp;&rArr;&nbsp;&nbsp;&nbsp;<a href="#[8]">SVC_Handler</a><BR>
 <LI><a href="#[9]">DebugMon_Handler</a>&nbsp;&nbsp;&nbsp;&rArr;&nbsp;&nbsp;&nbsp;<a href="#[9]">DebugMon_Handler</a><BR>
 <LI><a href="#[a]">PendSV_Handler</a>&nbsp;&nbsp;&nbsp;&rArr;&nbsp;&nbsp;&nbsp;<a href="#[a]">PendSV_Handler</a><BR>
 <LI><a href="#[1e]">ADC1_2_IRQHandler</a>&nbsp;&nbsp;&nbsp;&rArr;&nbsp;&nbsp;&nbsp;<a href="#[1e]">ADC1_2_IRQHandler</a><BR>
 <LI><a href="#[382]">WM__ForEachDesc</a>&nbsp;&nbsp;&nbsp;&rArr;&nbsp;&nbsp;&nbsp;<a href="#[329]">WM_ForEachDesc</a><BR>
 <LI><a href="#[336]">_MoveDescendents</a>&nbsp;&nbsp;&nbsp;&rArr;&nbsp;&nbsp;&nbsp;<a href="#[336]">_MoveDescendents</a><BR>
 <LI><a href="#[367]">WM_ResizeWindow</a>&nbsp;&nbsp;&nbsp;&rArr;&nbsp;&nbsp;&nbsp;<a href="#[2fe]">WM__UpdateChildPositions</a><BR>
 <LI><a href="#[31a]">_Findx1</a>&nbsp;&nbsp;&nbsp;&rArr;&nbsp;&nbsp;&nbsp;<a href="#[31a]">_Findx1</a><BR>
 <LI><a href="#[319]">_Findx0</a>&nbsp;&nbsp;&nbsp;&rArr;&nbsp;&nbsp;&nbsp;<a href="#[319]">_Findx0</a><BR>
 <LI><a href="#[318]">_Findy1</a>&nbsp;&nbsp;&nbsp;&rArr;&nbsp;&nbsp;&nbsp;<a href="#[318]">_Findy1</a><BR>
 <LI><a href="#[316]">_DeleteAllChildren</a>&nbsp;&nbsp;&nbsp;&rArr;&nbsp;&nbsp;&nbsp;<a href="#[180]">WM_DeleteWindow</a><BR>
 <LI><a href="#[32d]">_GetDialogItem</a>&nbsp;&nbsp;&nbsp;&rArr;&nbsp;&nbsp;&nbsp;<a href="#[32d]">_GetDialogItem</a><BR>
 <LI><a href="#[385]">_Screen2hWin</a>&nbsp;&nbsp;&nbsp;&rArr;&nbsp;&nbsp;&nbsp;<a href="#[385]">_Screen2hWin</a><BR>
 <LI><a href="#[322]">_PaintTransChildren</a>&nbsp;&nbsp;&nbsp;&rArr;&nbsp;&nbsp;&nbsp;<a href="#[322]">_PaintTransChildren</a><BR>
 <LI><a href="#[38c]">WM_InvalidateWindowDescs</a>&nbsp;&nbsp;&nbsp;&rArr;&nbsp;&nbsp;&nbsp;<a href="#[38c]">WM_InvalidateWindowDescs</a><BR>
</UL>
<P>
<H3>
Function Pointers
</H3><UL>
 <LI><a href="#[1e]">ADC1_2_IRQHandler</a> from startup_stm32f10x_md.o(.text) referenced from startup_stm32f10x_md.o(RESET)
 <LI><a href="#[153]">BUTTON_Callback</a> from button.o(.text) referenced from button.o(.text)
 <LI><a href="#[49]">BUTTON_CreateIndirect</a> from button_createindirect.o(.text) referenced 43 times from ucgui_practice_ps2.o(.constdata)
 <LI><a href="#[49]">BUTTON_CreateIndirect</a> from button_createindirect.o(.text) referenced from messagebox.o(.text)
 <LI><a href="#[6]">BusFault_Handler</a> from startup_stm32f10x_md.o(.text) referenced from startup_stm32f10x_md.o(RESET)
 <LI><a href="#[21]">CAN1_RX1_IRQHandler</a> from startup_stm32f10x_md.o(.text) referenced from startup_stm32f10x_md.o(RESET)
 <LI><a href="#[22]">CAN1_SCE_IRQHandler</a> from startup_stm32f10x_md.o(.text) referenced from startup_stm32f10x_md.o(RESET)
 <LI><a href="#[7a]">CHECKBOX_CreateIndirect</a> from checkbox_createindirect.o(.text) referenced 5 times from dialog_all.o(.constdata)
 <LI><a href="#[17]">DMA1_Channel1_IRQHandler</a> from startup_stm32f10x_md.o(.text) referenced from startup_stm32f10x_md.o(RESET)
 <LI><a href="#[18]">DMA1_Channel2_IRQHandler</a> from startup_stm32f10x_md.o(.text) referenced from startup_stm32f10x_md.o(RESET)
 <LI><a href="#[19]">DMA1_Channel3_IRQHandler</a> from startup_stm32f10x_md.o(.text) referenced from startup_stm32f10x_md.o(RESET)
 <LI><a href="#[1a]">DMA1_Channel4_IRQHandler</a> from startup_stm32f10x_md.o(.text) referenced from startup_stm32f10x_md.o(RESET)
 <LI><a href="#[1b]">DMA1_Channel5_IRQHandler</a> from startup_stm32f10x_md.o(.text) referenced from startup_stm32f10x_md.o(RESET)
 <LI><a href="#[1c]">DMA1_Channel6_IRQHandler</a> from startup_stm32f10x_md.o(.text) referenced from startup_stm32f10x_md.o(RESET)
 <LI><a href="#[1d]">DMA1_Channel7_IRQHandler</a> from startup_stm32f10x_md.o(.text) referenced from startup_stm32f10x_md.o(RESET)
 <LI><a href="#[7c]">DROPDOWN_CreateIndirect</a> from dropdown_createindirect.o(.text) referenced 5 times from dialog_all.o(.constdata)
 <LI><a href="#[9]">DebugMon_Handler</a> from startup_stm32f10x_md.o(.text) referenced from startup_stm32f10x_md.o(RESET)
 <LI><a href="#[78]">EDIT_CreateIndirect</a> from edit_createindirect.o(.text) referenced 11 times from dialog_all.o(.constdata)
 <LI><a href="#[3c]">EDIT__Callback</a> from edit.o(.text) referenced from edit.o(.text)
 <LI><a href="#[12]">EXTI0_IRQHandler</a> from stm32f10x_it.o(i.EXTI0_IRQHandler) referenced from startup_stm32f10x_md.o(RESET)
 <LI><a href="#[34]">EXTI15_10_IRQHandler</a> from stm32f10x_it.o(i.EXTI15_10_IRQHandler) referenced from startup_stm32f10x_md.o(RESET)
 <LI><a href="#[13]">EXTI1_IRQHandler</a> from stm32f10x_it.o(i.EXTI1_IRQHandler) referenced from startup_stm32f10x_md.o(RESET)
 <LI><a href="#[14]">EXTI2_IRQHandler</a> from ps2.o(i.EXTI2_IRQHandler) referenced from startup_stm32f10x_md.o(RESET)
 <LI><a href="#[15]">EXTI3_IRQHandler</a> from stm32f10x_it.o(i.EXTI3_IRQHandler) referenced from startup_stm32f10x_md.o(RESET)
 <LI><a href="#[16]">EXTI4_IRQHandler</a> from stm32f10x_it.o(i.EXTI4_IRQHandler) referenced from startup_stm32f10x_md.o(RESET)
 <LI><a href="#[23]">EXTI9_5_IRQHandler</a> from stm32f10x_it.o(i.EXTI9_5_IRQHandler) referenced from startup_stm32f10x_md.o(RESET)
 <LI><a href="#[10]">FLASH_IRQHandler</a> from stm32f10x_it.o(i.FLASH_IRQHandler) referenced from startup_stm32f10x_md.o(RESET)
 <LI><a href="#[47]">FRAMEWIN_CreateIndirect</a> from framewin_createindirect.o(.text) referenced 8 times from ucgui_practice_ps2.o(.constdata)
 <LI><a href="#[47]">FRAMEWIN_CreateIndirect</a> from framewin_createindirect.o(.text) referenced from messagebox.o(.text)
 <LI><a href="#[44]">FRAMEWIN__cbClient</a> from framewin.o(.text) referenced from framewin.o(.text)
 <LI><a href="#[85]">GUIMONO_DispChar</a> from guicharm.o(.text) referenced from f8x16.o(.constdata)
 <LI><a href="#[86]">GUIMONO_GetCharDistX</a> from guicharm.o(.text) referenced from f8x16.o(.constdata)
 <LI><a href="#[87]">GUIMONO_GetFontInfo</a> from guicharm.o(.text) referenced from f8x16.o(.constdata)
 <LI><a href="#[88]">GUIMONO_IsInFont</a> from guicharm.o(.text) referenced from f8x16.o(.constdata)
 <LI><a href="#[89]">GUIPROP_DispChar</a> from guicharp.o(.text) referenced 6 times from f10_ascii.o(.constdata)
 <LI><a href="#[8a]">GUIPROP_GetCharDistX</a> from guicharp.o(.text) referenced 6 times from f10_ascii.o(.constdata)
 <LI><a href="#[8b]">GUIPROP_GetFontInfo</a> from guicharp.o(.text) referenced 6 times from f10_ascii.o(.constdata)
 <LI><a href="#[8c]">GUIPROP_IsInFont</a> from guicharp.o(.text) referenced 6 times from f10_ascii.o(.constdata)
 <LI><a href="#[4]">HardFault_Handler</a> from startup_stm32f10x_md.o(.text) referenced from startup_stm32f10x_md.o(RESET)
 <LI><a href="#[2c]">I2C1_ER_IRQHandler</a> from stm32f10x_it.o(i.I2C1_ER_IRQHandler) referenced from startup_stm32f10x_md.o(RESET)
 <LI><a href="#[2b]">I2C1_EV_IRQHandler</a> from stm32f10x_it.o(i.I2C1_EV_IRQHandler) referenced from startup_stm32f10x_md.o(RESET)
 <LI><a href="#[2e]">I2C2_ER_IRQHandler</a> from stm32f10x_it.o(i.I2C2_ER_IRQHandler) referenced from startup_stm32f10x_md.o(RESET)
 <LI><a href="#[2d]">I2C2_EV_IRQHandler</a> from stm32f10x_it.o(i.I2C2_EV_IRQHandler) referenced from startup_stm32f10x_md.o(RESET)
 <LI><a href="#[83]">LCD_DrawHLine</a> from lcd.o(.text) referenced from guicore.o(.constdata)
 <LI><a href="#[84]">LCD_DrawPixel</a> from lcd.o(.text) referenced from guicore.o(.constdata)
 <LI><a href="#[a0]">LCD_L0_Color2Index</a> from lcd_l0_generic.o(.text) referenced from lcd_api.o(.constdata)
 <LI><a href="#[a3]">LCD_L0_DrawBitmap</a> from lcdnull.o(i.LCD_L0_DrawBitmap) referenced from lcd_api.o(.constdata)
 <LI><a href="#[a4]">LCD_L0_DrawHLine</a> from lcdnull.o(i.LCD_L0_DrawHLine) referenced from lcd_api.o(.constdata)
 <LI><a href="#[a5]">LCD_L0_DrawVLine</a> from lcdnull.o(i.LCD_L0_DrawVLine) referenced from lcd_api.o(.constdata)
 <LI><a href="#[a6]">LCD_L0_FillRect</a> from lcdnull.o(i.LCD_L0_FillRect) referenced from lcd_api.o(.constdata)
 <LI><a href="#[a2]">LCD_L0_GetIndexMask</a> from lcd_l0_generic.o(.text) referenced from lcd_api.o(.constdata)
 <LI><a href="#[a7]">LCD_L0_GetPixelIndex</a> from lcdnull.o(i.LCD_L0_GetPixelIndex) referenced from lcd_api.o(.constdata)
 <LI><a href="#[a8]">LCD_L0_GetRect</a> from lcd_l0_generic.o(.text) referenced from lcd_api.o(.constdata)
 <LI><a href="#[a1]">LCD_L0_Index2Color</a> from lcd_l0_generic.o(.text) referenced from lcd_api.o(.constdata)
 <LI><a href="#[ab]">LCD_L0_SetLUTEntry</a> from lcdnull.o(i.LCD_L0_SetLUTEntry) referenced from lcd_api.o(.constdata)
 <LI><a href="#[a9]">LCD_L0_SetPixelIndex</a> from lcdnull.o(i.LCD_L0_SetPixelIndex) referenced from lcd_api.o(.constdata)
 <LI><a href="#[aa]">LCD_L0_XorPixel</a> from lcdnull.o(i.LCD_L0_XorPixel) referenced from lcd_api.o(.constdata)
 <LI><a href="#[79]">LISTBOX_CreateIndirect</a> from listbox_createindirect.o(.text) referenced 2 times from dialog_all.o(.constdata)
 <LI><a href="#[7e]">LISTVIEW_CreateIndirect</a> from listview_createindirect.o(.text) referenced 2 times from dialog_nestedmodal.o(.constdata)
 <LI><a href="#[81]">MULTIEDIT_CreateIndirect</a> from multiedit_createindirect.o(.text) referenced 2 times from widget_effect.o(.constdata)
 <LI><a href="#[5]">MemManage_Handler</a> from startup_stm32f10x_md.o(.text) referenced from startup_stm32f10x_md.o(RESET)
 <LI><a href="#[3]">NMI_Handler</a> from startup_stm32f10x_md.o(.text) referenced from startup_stm32f10x_md.o(RESET)
 <LI><a href="#[80]">PROGBAR_CreateIndirect</a> from progbar_createindirect.o(.text) referenced from widget_effect.o(.constdata)
 <LI><a href="#[d]">PVD_IRQHandler</a> from stm32f10x_it.o(i.PVD_IRQHandler) referenced from startup_stm32f10x_md.o(RESET)
 <LI><a href="#[a]">PendSV_Handler</a> from startup_stm32f10x_md.o(.text) referenced from startup_stm32f10x_md.o(RESET)
 <LI><a href="#[7d]">RADIO_CreateIndirect</a> from radio_createindirect.o(.text) referenced 3 times from dialog_nestedmodal.o(.constdata)
 <LI><a href="#[11]">RCC_IRQHandler</a> from stm32f10x_it.o(i.RCC_IRQHandler) referenced from startup_stm32f10x_md.o(RESET)
 <LI><a href="#[35]">RTCAlarm_IRQHandler</a> from stm32f10x_it.o(i.RTCAlarm_IRQHandler) referenced from startup_stm32f10x_md.o(RESET)
 <LI><a href="#[f]">RTC_IRQHandler</a> from stm32f10x_it.o(i.RTC_IRQHandler) referenced from startup_stm32f10x_md.o(RESET)
 <LI><a href="#[af]">Reset_Handler</a> from startup_stm32f10x_md.o(.text) referenced from startup_stm32f10x_md.o(RESET)
 <LI><a href="#[82]">SCROLLBAR_CreateIndirect</a> from scrollbar_createindirect.o(.text) referenced 4 times from widget_effect.o(.constdata)
 <LI><a href="#[7b]">SLIDER_CreateIndirect</a> from slider_createindirect.o(.text) referenced 9 times from dialog_all.o(.constdata)
 <LI><a href="#[2f]">SPI1_IRQHandler</a> from stm32f10x_it.o(i.SPI1_IRQHandler) referenced from startup_stm32f10x_md.o(RESET)
 <LI><a href="#[30]">SPI2_IRQHandler</a> from stm32f10x_it.o(i.SPI2_IRQHandler) referenced from startup_stm32f10x_md.o(RESET)
 <LI><a href="#[8]">SVC_Handler</a> from startup_stm32f10x_md.o(.text) referenced from startup_stm32f10x_md.o(RESET)
 <LI><a href="#[b]">SysTick_Handler</a> from stm32f10x_it.o(i.SysTick_Handler) referenced from startup_stm32f10x_md.o(RESET)
 <LI><a href="#[e]">TAMPER_IRQHandler</a> from stm32f10x_it.o(i.TAMPER_IRQHandler) referenced from startup_stm32f10x_md.o(RESET)
 <LI><a href="#[48]">TEXT_CreateIndirect</a> from text_createindirect.o(.text) referenced 40 times from dialog_all.o(.constdata)
 <LI><a href="#[48]">TEXT_CreateIndirect</a> from text_createindirect.o(.text) referenced from messagebox.o(.text)
 <LI><a href="#[24]">TIM1_BRK_IRQHandler</a> from stm32f10x_it.o(i.TIM1_BRK_IRQHandler) referenced from startup_stm32f10x_md.o(RESET)
 <LI><a href="#[27]">TIM1_CC_IRQHandler</a> from stm32f10x_it.o(i.TIM1_CC_IRQHandler) referenced from startup_stm32f10x_md.o(RESET)
 <LI><a href="#[26]">TIM1_TRG_COM_IRQHandler</a> from stm32f10x_it.o(i.TIM1_TRG_COM_IRQHandler) referenced from startup_stm32f10x_md.o(RESET)
 <LI><a href="#[25]">TIM1_UP_IRQHandler</a> from stm32f10x_it.o(i.TIM1_UP_IRQHandler) referenced from startup_stm32f10x_md.o(RESET)
 <LI><a href="#[28]">TIM2_IRQHandler</a> from stm32f10x_it.o(i.TIM2_IRQHandler) referenced from startup_stm32f10x_md.o(RESET)
 <LI><a href="#[29]">TIM3_IRQHandler</a> from stm32f10x_it.o(i.TIM3_IRQHandler) referenced from startup_stm32f10x_md.o(RESET)
 <LI><a href="#[2a]">TIM4_IRQHandler</a> from stm32f10x_it.o(i.TIM4_IRQHandler) referenced from startup_stm32f10x_md.o(RESET)
 <LI><a href="#[31]">USART1_IRQHandler</a> from stm32f10x_it.o(i.USART1_IRQHandler) referenced from startup_stm32f10x_md.o(RESET)
 <LI><a href="#[32]">USART2_IRQHandler</a> from stm32f10x_it.o(i.USART2_IRQHandler) referenced from startup_stm32f10x_md.o(RESET)
 <LI><a href="#[33]">USART3_IRQHandler</a> from stm32f10x_it.o(i.USART3_IRQHandler) referenced from startup_stm32f10x_md.o(RESET)
 <LI><a href="#[36]">USBWakeUp_IRQHandler</a> from stm32f10x_it.o(i.USBWakeUp_IRQHandler) referenced from startup_stm32f10x_md.o(RESET)
 <LI><a href="#[1f]">USB_HP_CAN1_TX_IRQHandler</a> from startup_stm32f10x_md.o(.text) referenced from startup_stm32f10x_md.o(RESET)
 <LI><a href="#[20]">USB_LP_CAN1_RX0_IRQHandler</a> from startup_stm32f10x_md.o(.text) referenced from startup_stm32f10x_md.o(RESET)
 <LI><a href="#[7]">UsageFault_Handler</a> from startup_stm32f10x_md.o(.text) referenced from startup_stm32f10x_md.o(RESET)
 <LI><a href="#[8d]">WIDGET_EFFECT_3D_DrawUp</a> from widget_effect_3d.o(.text) referenced from widget_effect_3d.o(.constdata)
 <LI><a href="#[7f]">WINDOW_CreateIndirect</a> from window.o(.text) referenced 8 times from widget_effect.o(.constdata)
 <LI><a href="#[58]">WM_HandlePID</a> from wmtouch.o(.text) referenced from gui_pid.o(.text)
 <LI><a href="#[c]">WWDG_IRQHandler</a> from stm32f10x_it.o(i.WWDG_IRQHandler) referenced from startup_stm32f10x_md.o(RESET)
 <LI><a href="#[3d]">_AddKeyBin</a> from editbin.o(.text) referenced from editbin.o(.text)
 <LI><a href="#[3f]">_AddKeyDec</a> from editdec.o(.text) referenced from editdec.o(.text)
 <LI><a href="#[41]">_AddKeyHex</a> from edithex.o(.text) referenced from edithex.o(.text)
 <LI><a href="#[55]">_CHECKBOX_Callback</a> from checkbox.o(.text) referenced from checkbox.o(.text)
 <LI><a href="#[9e]">_CalcSizeOfChar</a> from gui_uc_encodenone.o(.text) referenced from gui_uc_encodenone.o(.constdata)
 <LI><a href="#[4c]">_Callback</a> from multipage.o(.text) referenced from multipage.o(.text)
 <LI><a href="#[4d]">_ClientCallback</a> from multipage.o(.text) referenced from multipage.o(.text)
 <LI><a href="#[3b]">_DROPDOWN_Callback</a> from dropdown.o(.text) referenced from dropdown.o(.text)
 <LI><a href="#[ac]">_DrawBitmap</a> from gui_draw_bitmap.o(.text) referenced from gui_draw_bitmap.o(.constdata)
 <LI><a href="#[0]">_DrawBitmapCW</a> from lcd_rotatecw.o(.text) referenced 2 times from lcd_rotatecw.o(.data)
 <LI><a href="#[9f]">_Encode</a> from gui_uc_encodenone.o(.text) referenced from gui_uc_encodenone.o(.constdata)
 <LI><a href="#[43]">_FRAMEWIN_Callback</a> from framewin.o(.text) referenced from framewin.o(.text)
 <LI><a href="#[9c]">_GetCharCode</a> from gui_uc_encodenone.o(.text) referenced from gui_uc_encodenone.o(.constdata)
 <LI><a href="#[9d]">_GetCharSize</a> from gui_uc_encodenone.o(.text) referenced from gui_uc_encodenone.o(.constdata)
 <LI><a href="#[ad]">_GetXSize</a> from gui_draw_bitmap.o(.text) referenced from gui_draw_bitmap.o(.constdata)
 <LI><a href="#[ae]">_GetYSize</a> from gui_draw_bitmap.o(.text) referenced from gui_draw_bitmap.o(.constdata)
 <LI><a href="#[56]">_HEADER_Callback</a> from header.o(.text) referenced from header.o(.text)
 <LI><a href="#[45]">_LISTBOX_Callback</a> from listbox.o(.text) referenced from listbox.o(.text)
 <LI><a href="#[46]">_LISTVIEW_Callback</a> from listview.o(.text) referenced from listview.o(.text)
 <LI><a href="#[4a]">_MESSAGEBOX_cbCallback</a> from messagebox.o(.text) referenced from messagebox.o(.text)
 <LI><a href="#[4b]">_MULTIEDIT_Callback</a> from multiedit.o(.text) referenced from multiedit.o(.text)
 <LI><a href="#[4e]">_PROGBAR_Callback</a> from progbar.o(.text) referenced from progbar.o(.text)
 <LI><a href="#[4f]">_RADIO_Callback</a> from radio.o(.text) referenced from radio.o(.text)
 <LI><a href="#[1]">_Rect2TextRect</a> from lcd_rotatecw.o(.text) referenced 2 times from lcd_rotatecw.o(.data)
 <LI><a href="#[50]">_SCROLLBAR_Callback</a> from scrollbar.o(.text) referenced from scrollbar.o(.text)
 <LI><a href="#[51]">_SLIDER_Callback</a> from slider.o(.text) referenced from slider.o(.text)
 <LI><a href="#[57]">_TEXT_Callback</a> from text.o(.text) referenced from text.o(.text)
 <LI><a href="#[39]">_TempHide</a> from guicurs.o(.text) referenced from guicurs.o(.text)
 <LI><a href="#[3a]">_TempUnhide</a> from guicurs.o(.text) referenced from guicurs.o(.text)
 <LI><a href="#[3e]">_UpdateBuffer</a> from editbin.o(.text) referenced 3 times from editbin.o(.text)
 <LI><a href="#[8e]">_WIDGET_EFFECT_3D_DrawDown</a> from widget_effect_3d.o(.text) referenced from widget_effect_3d.o(.constdata)
 <LI><a href="#[90]">_WIDGET_EFFECT_3D_DrawDownRect</a> from widget_effect_3d.o(.text) referenced from widget_effect_3d.o(.constdata)
 <LI><a href="#[8f]">_WIDGET_EFFECT_3D_DrawUpRect</a> from widget_effect_3d.o(.text) referenced from widget_effect_3d.o(.constdata)
 <LI><a href="#[91]">_WIDGET_EFFECT_3D_GetRect</a> from widget_effect_3d.o(.text) referenced from widget_effect_3d.o(.constdata)
 <LI><a href="#[93]">_WIDGET_EFFECT_None_DrawDown</a> from widget_effect_none.o(.text) referenced from widget_effect_none.o(.constdata)
 <LI><a href="#[95]">_WIDGET_EFFECT_None_DrawDownRect</a> from widget_effect_none.o(.text) referenced from widget_effect_none.o(.constdata)
 <LI><a href="#[92]">_WIDGET_EFFECT_None_DrawUp</a> from widget_effect_none.o(.text) referenced from widget_effect_none.o(.constdata)
 <LI><a href="#[94]">_WIDGET_EFFECT_None_DrawUpRect</a> from widget_effect_none.o(.text) referenced from widget_effect_none.o(.constdata)
 <LI><a href="#[96]">_WIDGET_EFFECT_None_GetRect</a> from widget_effect_none.o(.text) referenced from widget_effect_none.o(.constdata)
 <LI><a href="#[98]">_WIDGET_EFFECT_Simple_DrawDown</a> from widget_effect_simple.o(.text) referenced from widget_effect_simple.o(.constdata)
 <LI><a href="#[9a]">_WIDGET_EFFECT_Simple_DrawDownRect</a> from widget_effect_simple.o(.text) referenced from widget_effect_simple.o(.constdata)
 <LI><a href="#[97]">_WIDGET_EFFECT_Simple_DrawUp</a> from widget_effect_simple.o(.text) referenced from widget_effect_simple.o(.constdata)
 <LI><a href="#[99]">_WIDGET_EFFECT_Simple_DrawUpRect</a> from widget_effect_simple.o(.text) referenced from widget_effect_simple.o(.constdata)
 <LI><a href="#[9b]">_WIDGET_EFFECT_Simple_GetRect</a> from widget_effect_simple.o(.text) referenced from widget_effect_simple.o(.constdata)
 <LI><a href="#[38]">__main</a> from entry.o(.ARM.Collect$$$$00000000) referenced from startup_stm32f10x_md.o(.text)
 <LI><a href="#[52]">_cb</a> from window.o(.text) referenced from window.o(.text)
 <LI><a href="#[70]">_cbBkWin</a> from wm_lateclipping.o(i._cbBkWin) referenced from wm_lateclipping.o(i.WM_LateClipping)
 <LI><a href="#[59]">_cbBkWindow</a> from dialog_nestedmodal.o(i._cbBkWindow) referenced from dialog_nestedmodal.o(i.DIALOG_NestedModal)
 <LI><a href="#[5b]">_cbBkWindow</a> from dialog_slidercolor.o(i._cbBkWindow) referenced from dialog_slidercolor.o(i.DIALOG_SliderColor)
 <LI><a href="#[5d]">_cbBkWindow</a> from dialog_all.o(i._cbBkWindow) referenced from dialog_all.o(i.MainTask_Dialog_All)
 <LI><a href="#[61]">_cbBkWindow</a> from widget_effect.o(i._cbBkWindow) referenced from widget_effect.o(i.MainTask_WIDGET_Effect)
 <LI><a href="#[65]">_cbBkWindow</a> from widget_multipage.o(i._cbBkWindow) referenced from widget_multipage.o(i.MainTask_WIDGET_Multipage)
 <LI><a href="#[76]">_cbBkWindow</a> from ucgui_practice_ps2.o(i._cbBkWindow) referenced from ucgui_practice_ps2.o(i.creat_PS2_desktop)
 <LI><a href="#[74]">_cbButton</a> from widget_buttonround.o(i._cbButton) referenced from widget_buttonround.o(i._cbDialog)
 <LI><a href="#[5c]">_cbCallback</a> from dialog_slidercolor.o(i._cbCallback) referenced from dialog_slidercolor.o(i.DIALOG_SliderColor)
 <LI><a href="#[5e]">_cbCallback</a> from dialog_all.o(i._cbCallback) referenced from dialog_all.o(i.MainTask_Dialog_All)
 <LI><a href="#[77]">_cbCallback</a> from ucgui_practice_ps2.o(i._cbCallback) referenced from ucgui_practice_ps2.o(i.creat_PS2_desktop)
 <LI><a href="#[62]">_cbCallbackFramewin</a> from widget_effect.o(i._cbCallbackFramewin) referenced from widget_effect.o(i.MainTask_WIDGET_Effect)
 <LI><a href="#[64]">_cbCallbackOptions</a> from widget_effect.o(i._cbCallbackOptions) referenced from widget_effect.o(i.MainTask_WIDGET_Effect)
 <LI><a href="#[63]">_cbCallbackWidgets</a> from widget_effect.o(i._cbCallbackWidgets) referenced from widget_effect.o(i.MainTask_WIDGET_Effect)
 <LI><a href="#[5f]">_cbDesktop</a> from widget_buttonround.o(i._cbDesktop) referenced from widget_buttonround.o(i.MainTask_WIDGET_ButtonRound)
 <LI><a href="#[6d]">_cbDesktop</a> from widget_numpad.o(i._cbDesktop) referenced from widget_numpad.o(i.MainTask_WIDGET_NumPad)
 <LI><a href="#[60]">_cbDialog</a> from widget_buttonround.o(i._cbDialog) referenced from widget_buttonround.o(i.MainTask_WIDGET_ButtonRound)
 <LI><a href="#[67]">_cbDialog1</a> from widget_multipage.o(i._cbDialog1) referenced from widget_multipage.o(i.MainTask_WIDGET_Multipage)
 <LI><a href="#[68]">_cbDialog2</a> from widget_multipage.o(i._cbDialog2) referenced from widget_multipage.o(i.MainTask_WIDGET_Multipage)
 <LI><a href="#[69]">_cbDialog3</a> from widget_multipage.o(i._cbDialog3) referenced from widget_multipage.o(i.MainTask_WIDGET_Multipage)
 <LI><a href="#[6a]">_cbDialog4</a> from widget_multipage.o(i._cbDialog4) referenced from widget_multipage.o(i.MainTask_WIDGET_Multipage)
 <LI><a href="#[6b]">_cbDialog5</a> from widget_multipage.o(i._cbDialog5) referenced from widget_multipage.o(i.MainTask_WIDGET_Multipage)
 <LI><a href="#[6c]">_cbDialog6</a> from widget_multipage.o(i._cbDialog6) referenced from widget_multipage.o(i.MainTask_WIDGET_Multipage)
 <LI><a href="#[6e]">_cbDialogNumPad</a> from widget_numpad.o(i._cbDialogNumPad) referenced from widget_numpad.o(i.MainTask_WIDGET_NumPad)
 <LI><a href="#[5a]">_cbDialogOrder</a> from dialog_nestedmodal.o(i._cbDialogOrder) referenced from dialog_nestedmodal.o(i.DIALOG_NestedModal)
 <LI><a href="#[75]">_cbDialogSelect</a> from dialog_nestedmodal.o(i._cbDialogSelect) referenced from dialog_nestedmodal.o(i._cbDialogOrder)
 <LI><a href="#[6f]">_cbDialogUser</a> from widget_numpad.o(i._cbDialogUser) referenced from widget_numpad.o(i.MainTask_WIDGET_NumPad)
 <LI><a href="#[66]">_cbFrameWin</a> from widget_multipage.o(i._cbFrameWin) referenced from widget_multipage.o(i.MainTask_WIDGET_Multipage)
 <LI><a href="#[72]">_cbFrameWin1</a> from wm_lateclipping.o(i._cbFrameWin1) referenced from wm_lateclipping.o(i.WM_LateClipping)
 <LI><a href="#[73]">_cbFrameWin2</a> from wm_lateclipping.o(i._cbFrameWin2) referenced from wm_lateclipping.o(i.WM_LateClipping)
 <LI><a href="#[54]">_cbInvalidateOne</a> from wm_bringtotop.o(.text) referenced from wm_bringtotop.o(.text)
 <LI><a href="#[71]">_cbTop</a> from wm_lateclipping.o(i._cbTop) referenced from wm_lateclipping.o(i.WM_LateClipping)
 <LI><a href="#[53]">cbBackWin</a> from wm.o(.text) referenced from wm.o(.text)
 <LI><a href="#[37]">main</a> from main.o(i.main) referenced from entry9a.o(.ARM.Collect$$$$0000000B)
</UL>
<P>
<H3>
Global Symbols
</H3>
<P><STRONG><a name="[38]"></a>__main</STRONG> (Thumb, 0 bytes, Stack size unknown bytes, entry.o(.ARM.Collect$$$$00000000))
<BR>[Address Reference Count : 1]<UL><LI> startup_stm32f10x_md.o(.text)
</UL>
<P><STRONG><a name="[3d5]"></a>_main_stk</STRONG> (Thumb, 0 bytes, Stack size unknown bytes, entry2.o(.ARM.Collect$$$$00000001))

<P><STRONG><a name="[b0]"></a>_main_scatterload</STRONG> (Thumb, 0 bytes, Stack size unknown bytes, entry5.o(.ARM.Collect$$$$00000004))
<BR><BR>[Calls]<UL><LI><a href="#[b1]">&gt;&gt;</a>&nbsp;&nbsp;&nbsp;__scatterload
</UL>

<P><STRONG><a name="[39f]"></a>__main_after_scatterload</STRONG> (Thumb, 0 bytes, Stack size unknown bytes, entry5.o(.ARM.Collect$$$$00000004))
<BR><BR>[Called By]<UL><LI><a href="#[b1]">&gt;&gt;</a>&nbsp;&nbsp;&nbsp;__scatterload
</UL>

<P><STRONG><a name="[3d6]"></a>_main_clock</STRONG> (Thumb, 0 bytes, Stack size unknown bytes, entry7b.o(.ARM.Collect$$$$00000008))

<P><STRONG><a name="[3d7]"></a>_main_cpp_init</STRONG> (Thumb, 0 bytes, Stack size unknown bytes, entry8b.o(.ARM.Collect$$$$0000000A))

<P><STRONG><a name="[3d8]"></a>_main_init</STRONG> (Thumb, 0 bytes, Stack size unknown bytes, entry9a.o(.ARM.Collect$$$$0000000B))

<P><STRONG><a name="[3d9]"></a>__rt_final_cpp</STRONG> (Thumb, 0 bytes, Stack size unknown bytes, entry10a.o(.ARM.Collect$$$$0000000D))

<P><STRONG><a name="[3da]"></a>__rt_final_exit</STRONG> (Thumb, 0 bytes, Stack size unknown bytes, entry11a.o(.ARM.Collect$$$$0000000F))

<P><STRONG><a name="[af]"></a>Reset_Handler</STRONG> (Thumb, 4 bytes, Stack size 0 bytes, startup_stm32f10x_md.o(.text))

<P><STRONG><a name="[3]"></a>NMI_Handler</STRONG> (Thumb, 2 bytes, Stack size 0 bytes, startup_stm32f10x_md.o(.text))
<BR><BR>[Calls]<UL><LI><a href="#[3]">&gt;&gt;</a>&nbsp;&nbsp;&nbsp;NMI_Handler
</UL>
<BR>[Called By]<UL><LI><a href="#[3]">&gt;&gt;</a>&nbsp;&nbsp;&nbsp;NMI_Handler
</UL>
<BR>[Address Reference Count : 1]<UL><LI> startup_stm32f10x_md.o(RESET)
</UL>
<P><STRONG><a name="[4]"></a>HardFault_Handler</STRONG> (Thumb, 2 bytes, Stack size 0 bytes, startup_stm32f10x_md.o(.text))
<BR><BR>[Calls]<UL><LI><a href="#[4]">&gt;&gt;</a>&nbsp;&nbsp;&nbsp;HardFault_Handler
</UL>
<BR>[Called By]<UL><LI><a href="#[4]">&gt;&gt;</a>&nbsp;&nbsp;&nbsp;HardFault_Handler
</UL>
<BR>[Address Reference Count : 1]<UL><LI> startup_stm32f10x_md.o(RESET)
</UL>
<P><STRONG><a name="[5]"></a>MemManage_Handler</STRONG> (Thumb, 2 bytes, Stack size 0 bytes, startup_stm32f10x_md.o(.text))
<BR><BR>[Calls]<UL><LI><a href="#[5]">&gt;&gt;</a>&nbsp;&nbsp;&nbsp;MemManage_Handler
</UL>
<BR>[Called By]<UL><LI><a href="#[5]">&gt;&gt;</a>&nbsp;&nbsp;&nbsp;MemManage_Handler
</UL>
<BR>[Address Reference Count : 1]<UL><LI> startup_stm32f10x_md.o(RESET)
</UL>
<P><STRONG><a name="[6]"></a>BusFault_Handler</STRONG> (Thumb, 2 bytes, Stack size 0 bytes, startup_stm32f10x_md.o(.text))
<BR><BR>[Calls]<UL><LI><a href="#[6]">&gt;&gt;</a>&nbsp;&nbsp;&nbsp;BusFault_Handler
</UL>
<BR>[Called By]<UL><LI><a href="#[6]">&gt;&gt;</a>&nbsp;&nbsp;&nbsp;BusFault_Handler
</UL>
<BR>[Address Reference Count : 1]<UL><LI> startup_stm32f10x_md.o(RESET)
</UL>
<P><STRONG><a name="[7]"></a>UsageFault_Handler</STRONG> (Thumb, 2 bytes, Stack size 0 bytes, startup_stm32f10x_md.o(.text))
<BR><BR>[Calls]<UL><LI><a href="#[7]">&gt;&gt;</a>&nbsp;&nbsp;&nbsp;UsageFault_Handler
</UL>
<BR>[Called By]<UL><LI><a href="#[7]">&gt;&gt;</a>&nbsp;&nbsp;&nbsp;UsageFault_Handler
</UL>
<BR>[Address Reference Count : 1]<UL><LI> startup_stm32f10x_md.o(RESET)
</UL>
<P><STRONG><a name="[8]"></a>SVC_Handler</STRONG> (Thumb, 2 bytes, Stack size 0 bytes, startup_stm32f10x_md.o(.text))
<BR><BR>[Calls]<UL><LI><a href="#[8]">&gt;&gt;</a>&nbsp;&nbsp;&nbsp;SVC_Handler
</UL>
<BR>[Called By]<UL><LI><a href="#[8]">&gt;&gt;</a>&nbsp;&nbsp;&nbsp;SVC_Handler
</UL>
<BR>[Address Reference Count : 1]<UL><LI> startup_stm32f10x_md.o(RESET)
</UL>
<P><STRONG><a name="[9]"></a>DebugMon_Handler</STRONG> (Thumb, 2 bytes, Stack size 0 bytes, startup_stm32f10x_md.o(.text))
<BR><BR>[Calls]<UL><LI><a href="#[9]">&gt;&gt;</a>&nbsp;&nbsp;&nbsp;DebugMon_Handler
</UL>
<BR>[Called By]<UL><LI><a href="#[9]">&gt;&gt;</a>&nbsp;&nbsp;&nbsp;DebugMon_Handler
</UL>
<BR>[Address Reference Count : 1]<UL><LI> startup_stm32f10x_md.o(RESET)
</UL>
<P><STRONG><a name="[a]"></a>PendSV_Handler</STRONG> (Thumb, 2 bytes, Stack size 0 bytes, startup_stm32f10x_md.o(.text))
<BR><BR>[Calls]<UL><LI><a href="#[a]">&gt;&gt;</a>&nbsp;&nbsp;&nbsp;PendSV_Handler
</UL>
<BR>[Called By]<UL><LI><a href="#[a]">&gt;&gt;</a>&nbsp;&nbsp;&nbsp;PendSV_Handler
</UL>
<BR>[Address Reference Count : 1]<UL><LI> startup_stm32f10x_md.o(RESET)
</UL>
<P><STRONG><a name="[1e]"></a>ADC1_2_IRQHandler</STRONG> (Thumb, 0 bytes, Stack size 0 bytes, startup_stm32f10x_md.o(.text))
<BR><BR>[Calls]<UL><LI><a href="#[1e]">&gt;&gt;</a>&nbsp;&nbsp;&nbsp;ADC1_2_IRQHandler
</UL>
<BR>[Called By]<UL><LI><a href="#[1e]">&gt;&gt;</a>&nbsp;&nbsp;&nbsp;ADC1_2_IRQHandler
</UL>
<BR>[Address Reference Count : 1]<UL><LI> startup_stm32f10x_md.o(RESET)
</UL>
<P><STRONG><a name="[21]"></a>CAN1_RX1_IRQHandler</STRONG> (Thumb, 0 bytes, Stack size 0 bytes, startup_stm32f10x_md.o(.text))
<BR>[Address Reference Count : 1]<UL><LI> startup_stm32f10x_md.o(RESET)
</UL>
<P><STRONG><a name="[22]"></a>CAN1_SCE_IRQHandler</STRONG> (Thumb, 0 bytes, Stack size 0 bytes, startup_stm32f10x_md.o(.text))
<BR>[Address Reference Count : 1]<UL><LI> startup_stm32f10x_md.o(RESET)
</UL>
<P><STRONG><a name="[17]"></a>DMA1_Channel1_IRQHandler</STRONG> (Thumb, 0 bytes, Stack size 0 bytes, startup_stm32f10x_md.o(.text))
<BR>[Address Reference Count : 1]<UL><LI> startup_stm32f10x_md.o(RESET)
</UL>
<P><STRONG><a name="[18]"></a>DMA1_Channel2_IRQHandler</STRONG> (Thumb, 0 bytes, Stack size 0 bytes, startup_stm32f10x_md.o(.text))
<BR>[Address Reference Count : 1]<UL><LI> startup_stm32f10x_md.o(RESET)
</UL>
<P><STRONG><a name="[19]"></a>DMA1_Channel3_IRQHandler</STRONG> (Thumb, 0 bytes, Stack size 0 bytes, startup_stm32f10x_md.o(.text))
<BR>[Address Reference Count : 1]<UL><LI> startup_stm32f10x_md.o(RESET)
</UL>
<P><STRONG><a name="[1a]"></a>DMA1_Channel4_IRQHandler</STRONG> (Thumb, 0 bytes, Stack size 0 bytes, startup_stm32f10x_md.o(.text))
<BR>[Address Reference Count : 1]<UL><LI> startup_stm32f10x_md.o(RESET)
</UL>
<P><STRONG><a name="[1b]"></a>DMA1_Channel5_IRQHandler</STRONG> (Thumb, 0 bytes, Stack size 0 bytes, startup_stm32f10x_md.o(.text))
<BR>[Address Reference Count : 1]<UL><LI> startup_stm32f10x_md.o(RESET)
</UL>
<P><STRONG><a name="[1c]"></a>DMA1_Channel6_IRQHandler</STRONG> (Thumb, 0 bytes, Stack size 0 bytes, startup_stm32f10x_md.o(.text))
<BR>[Address Reference Count : 1]<UL><LI> startup_stm32f10x_md.o(RESET)
</UL>
<P><STRONG><a name="[1d]"></a>DMA1_Channel7_IRQHandler</STRONG> (Thumb, 0 bytes, Stack size 0 bytes, startup_stm32f10x_md.o(.text))
<BR>[Address Reference Count : 1]<UL><LI> startup_stm32f10x_md.o(RESET)
</UL>
<P><STRONG><a name="[1f]"></a>USB_HP_CAN1_TX_IRQHandler</STRONG> (Thumb, 0 bytes, Stack size 0 bytes, startup_stm32f10x_md.o(.text))
<BR>[Address Reference Count : 1]<UL><LI> startup_stm32f10x_md.o(RESET)
</UL>
<P><STRONG><a name="[20]"></a>USB_LP_CAN1_RX0_IRQHandler</STRONG> (Thumb, 0 bytes, Stack size 0 bytes, startup_stm32f10x_md.o(.text))
<BR>[Address Reference Count : 1]<UL><LI> startup_stm32f10x_md.o(RESET)
</UL>
<P><STRONG><a name="[b3]"></a>GUI_sin</STRONG> (Thumb, 78 bytes, Stack size 8 bytes, gui2dlib.o(.text))
<BR><BR>[Stack]<UL><LI>Max Depth = 8<LI>Call Chain = GUI_sin
</UL>
<BR>[Called By]<UL><LI><a href="#[b9]">&gt;&gt;</a>&nbsp;&nbsp;&nbsp;GL_DrawLine
<LI><a href="#[b2]">&gt;&gt;</a>&nbsp;&nbsp;&nbsp;GUI_cos
</UL>

<P><STRONG><a name="[b2]"></a>GUI_cos</STRONG> (Thumb, 6 bytes, Stack size 0 bytes, gui2dlib.o(.text))
<BR><BR>[Stack]<UL><LI>Max Depth = 8<LI>Call Chain = GUI_cos &rArr; GUI_sin
</UL>
<BR>[Calls]<UL><LI><a href="#[b3]">&gt;&gt;</a>&nbsp;&nbsp;&nbsp;GUI_sin
</UL>
<BR>[Called By]<UL><LI><a href="#[b9]">&gt;&gt;</a>&nbsp;&nbsp;&nbsp;GL_DrawLine
</UL>

<P><STRONG><a name="[b4]"></a>GL_DrawPoint</STRONG> (Thumb, 26 bytes, Stack size 0 bytes, gui2dlib.o(.text))
<BR><BR>[Stack]<UL><LI>Max Depth = 40<LI>Call Chain = GL_DrawPoint &rArr; GL_FillCircle
</UL>
<BR>[Calls]<UL><LI><a href="#[b5]">&gt;&gt;</a>&nbsp;&nbsp;&nbsp;GL_FillCircle
</UL>
<BR>[Called By]<UL><LI><a href="#[ca]">&gt;&gt;</a>&nbsp;&nbsp;&nbsp;GUI_DrawPoint
<LI><a href="#[b6]">&gt;&gt;</a>&nbsp;&nbsp;&nbsp;GL_DrawLine1
<LI><a href="#[bc]">&gt;&gt;</a>&nbsp;&nbsp;&nbsp;_DrawLineEnd
</UL>

<P><STRONG><a name="[b6]"></a>GL_DrawLine1</STRONG> (Thumb, 238 bytes, Stack size 40 bytes, gui2dlib.o(.text))
<BR><BR>[Stack]<UL><LI>Max Depth = 80<LI>Call Chain = GL_DrawLine1 &rArr; GL_DrawPoint &rArr; GL_FillCircle
</UL>
<BR>[Calls]<UL><LI><a href="#[b4]">&gt;&gt;</a>&nbsp;&nbsp;&nbsp;GL_DrawPoint
<LI><a href="#[b8]">&gt;&gt;</a>&nbsp;&nbsp;&nbsp;_SetLineColor
<LI><a href="#[b7]">&gt;&gt;</a>&nbsp;&nbsp;&nbsp;Abs
</UL>
<BR>[Called By]<UL><LI><a href="#[11a]">&gt;&gt;</a>&nbsp;&nbsp;&nbsp;GL_DrawEllipse
<LI><a href="#[b9]">&gt;&gt;</a>&nbsp;&nbsp;&nbsp;GL_DrawLine
</UL>

<P><STRONG><a name="[b9]"></a>GL_DrawLine</STRONG> (Thumb, 262 bytes, Stack size 48 bytes, gui2dlib.o(.text))
<BR><BR>[Stack]<UL><LI>Max Depth = 128<LI>Call Chain = GL_DrawLine &rArr; GL_DrawLine1 &rArr; GL_DrawPoint &rArr; GL_FillCircle
</UL>
<BR>[Calls]<UL><LI><a href="#[bb]">&gt;&gt;</a>&nbsp;&nbsp;&nbsp;GL_FillPolygon
<LI><a href="#[b6]">&gt;&gt;</a>&nbsp;&nbsp;&nbsp;GL_DrawLine1
<LI><a href="#[b2]">&gt;&gt;</a>&nbsp;&nbsp;&nbsp;GUI_cos
<LI><a href="#[b3]">&gt;&gt;</a>&nbsp;&nbsp;&nbsp;GUI_sin
<LI><a href="#[bc]">&gt;&gt;</a>&nbsp;&nbsp;&nbsp;_DrawLineEnd
<LI><a href="#[ba]">&gt;&gt;</a>&nbsp;&nbsp;&nbsp;_atan2
</UL>
<BR>[Called By]<UL><LI><a href="#[bd]">&gt;&gt;</a>&nbsp;&nbsp;&nbsp;GUI_DrawLine
<LI><a href="#[c6]">&gt;&gt;</a>&nbsp;&nbsp;&nbsp;GUI_DrawLineTo
<LI><a href="#[c4]">&gt;&gt;</a>&nbsp;&nbsp;&nbsp;GUI_DrawLineRel
<LI><a href="#[c0]">&gt;&gt;</a>&nbsp;&nbsp;&nbsp;GL_DrawLineTo
</UL>

<P><STRONG><a name="[bd]"></a>GUI_DrawLine</STRONG> (Thumb, 50 bytes, Stack size 24 bytes, gui2dlib.o(.text))
<BR><BR>[Stack]<UL><LI>Max Depth = 168<LI>Call Chain = GUI_DrawLine &rArr; WM__InitIVRSearch &rArr; WM__GetNextIVR &rArr; _FindNext_IVR &rArr; _Findx0 &rArr;  _Findx0 (Cycle)
</UL>
<BR>[Calls]<UL><LI><a href="#[be]">&gt;&gt;</a>&nbsp;&nbsp;&nbsp;WM__InitIVRSearch
<LI><a href="#[bf]">&gt;&gt;</a>&nbsp;&nbsp;&nbsp;WM__GetNextIVR
<LI><a href="#[b9]">&gt;&gt;</a>&nbsp;&nbsp;&nbsp;GL_DrawLine
</UL>
<BR>[Called By]<UL><LI><a href="#[60]">&gt;&gt;</a>&nbsp;&nbsp;&nbsp;_cbDialog
</UL>

<P><STRONG><a name="[c0]"></a>GL_DrawLineTo</STRONG> (Thumb, 30 bytes, Stack size 16 bytes, gui2dlib.o(.text), UNUSED)
<BR><BR>[Calls]<UL><LI><a href="#[b9]">&gt;&gt;</a>&nbsp;&nbsp;&nbsp;GL_DrawLine
</UL>
<BR>[Called By]<UL><LI><a href="#[c1]">&gt;&gt;</a>&nbsp;&nbsp;&nbsp;GL_DrawPolygon
</UL>

<P><STRONG><a name="[c2]"></a>GL_MoveTo</STRONG> (Thumb, 8 bytes, Stack size 0 bytes, gui2dlib.o(.text), UNUSED)
<BR><BR>[Called By]<UL><LI><a href="#[c7]">&gt;&gt;</a>&nbsp;&nbsp;&nbsp;GUI_MoveTo
<LI><a href="#[c6]">&gt;&gt;</a>&nbsp;&nbsp;&nbsp;GUI_DrawLineTo
<LI><a href="#[c1]">&gt;&gt;</a>&nbsp;&nbsp;&nbsp;GL_DrawPolygon
</UL>

<P><STRONG><a name="[c1]"></a>GL_DrawPolygon</STRONG> (Thumb, 100 bytes, Stack size 24 bytes, gui2dlib.o(.text), UNUSED)
<BR><BR>[Calls]<UL><LI><a href="#[c2]">&gt;&gt;</a>&nbsp;&nbsp;&nbsp;GL_MoveTo
<LI><a href="#[c0]">&gt;&gt;</a>&nbsp;&nbsp;&nbsp;GL_DrawLineTo
</UL>
<BR>[Called By]<UL><LI><a href="#[c3]">&gt;&gt;</a>&nbsp;&nbsp;&nbsp;GUI_DrawPolygon
</UL>

<P><STRONG><a name="[c3]"></a>GUI_DrawPolygon</STRONG> (Thumb, 48 bytes, Stack size 24 bytes, gui2dlib.o(.text), UNUSED)
<BR><BR>[Calls]<UL><LI><a href="#[be]">&gt;&gt;</a>&nbsp;&nbsp;&nbsp;WM__InitIVRSearch
<LI><a href="#[bf]">&gt;&gt;</a>&nbsp;&nbsp;&nbsp;WM__GetNextIVR
<LI><a href="#[c1]">&gt;&gt;</a>&nbsp;&nbsp;&nbsp;GL_DrawPolygon
</UL>

<P><STRONG><a name="[c5]"></a>GUI_MoveRel</STRONG> (Thumb, 16 bytes, Stack size 0 bytes, gui2dlib.o(.text), UNUSED)
<BR><BR>[Called By]<UL><LI><a href="#[c4]">&gt;&gt;</a>&nbsp;&nbsp;&nbsp;GUI_DrawLineRel
</UL>

<P><STRONG><a name="[c4]"></a>GUI_DrawLineRel</STRONG> (Thumb, 50 bytes, Stack size 16 bytes, gui2dlib.o(.text), UNUSED)
<BR><BR>[Calls]<UL><LI><a href="#[be]">&gt;&gt;</a>&nbsp;&nbsp;&nbsp;WM__InitIVRSearch
<LI><a href="#[bf]">&gt;&gt;</a>&nbsp;&nbsp;&nbsp;WM__GetNextIVR
<LI><a href="#[c5]">&gt;&gt;</a>&nbsp;&nbsp;&nbsp;GUI_MoveRel
<LI><a href="#[b9]">&gt;&gt;</a>&nbsp;&nbsp;&nbsp;GL_DrawLine
</UL>

<P><STRONG><a name="[c6]"></a>GUI_DrawLineTo</STRONG> (Thumb, 54 bytes, Stack size 16 bytes, gui2dlib.o(.text), UNUSED)
<BR><BR>[Calls]<UL><LI><a href="#[be]">&gt;&gt;</a>&nbsp;&nbsp;&nbsp;WM__InitIVRSearch
<LI><a href="#[bf]">&gt;&gt;</a>&nbsp;&nbsp;&nbsp;WM__GetNextIVR
<LI><a href="#[c2]">&gt;&gt;</a>&nbsp;&nbsp;&nbsp;GL_MoveTo
<LI><a href="#[b9]">&gt;&gt;</a>&nbsp;&nbsp;&nbsp;GL_DrawLine
</UL>

<P><STRONG><a name="[c7]"></a>GUI_MoveTo</STRONG> (Thumb, 12 bytes, Stack size 0 bytes, gui2dlib.o(.text), UNUSED)
<BR><BR>[Calls]<UL><LI><a href="#[c2]">&gt;&gt;</a>&nbsp;&nbsp;&nbsp;GL_MoveTo
</UL>

<P><STRONG><a name="[c8]"></a>GUI_DrawRect</STRONG> (Thumb, 126 bytes, Stack size 32 bytes, gui2dlib.o(.text))
<BR><BR>[Stack]<UL><LI>Max Depth = 176<LI>Call Chain = GUI_DrawRect &rArr; WM__InitIVRSearch &rArr; WM__GetNextIVR &rArr; _FindNext_IVR &rArr; _Findx0 &rArr;  _Findx0 (Cycle)
</UL>
<BR>[Calls]<UL><LI><a href="#[be]">&gt;&gt;</a>&nbsp;&nbsp;&nbsp;WM__InitIVRSearch
<LI><a href="#[bf]">&gt;&gt;</a>&nbsp;&nbsp;&nbsp;WM__GetNextIVR
<LI><a href="#[c9]">&gt;&gt;</a>&nbsp;&nbsp;&nbsp;LCD_DrawVLine
<LI><a href="#[83]">&gt;&gt;</a>&nbsp;&nbsp;&nbsp;LCD_DrawHLine
</UL>
<BR>[Called By]<UL><LI><a href="#[6e]">&gt;&gt;</a>&nbsp;&nbsp;&nbsp;_cbDialogNumPad
<LI><a href="#[9a]">&gt;&gt;</a>&nbsp;&nbsp;&nbsp;_WIDGET_EFFECT_Simple_DrawDownRect
<LI><a href="#[99]">&gt;&gt;</a>&nbsp;&nbsp;&nbsp;_WIDGET_EFFECT_Simple_DrawUpRect
<LI><a href="#[8f]">&gt;&gt;</a>&nbsp;&nbsp;&nbsp;_WIDGET_EFFECT_3D_DrawUpRect
<LI><a href="#[14b]">&gt;&gt;</a>&nbsp;&nbsp;&nbsp;_Paint
</UL>

<P><STRONG><a name="[ca]"></a>GUI_DrawPoint</STRONG> (Thumb, 38 bytes, Stack size 16 bytes, gui2dlib.o(.text), UNUSED)
<BR><BR>[Calls]<UL><LI><a href="#[be]">&gt;&gt;</a>&nbsp;&nbsp;&nbsp;WM__InitIVRSearch
<LI><a href="#[bf]">&gt;&gt;</a>&nbsp;&nbsp;&nbsp;WM__GetNextIVR
<LI><a href="#[b4]">&gt;&gt;</a>&nbsp;&nbsp;&nbsp;GL_DrawPoint
</UL>

<P><STRONG><a name="[cf]"></a>GUI_DispChar</STRONG> (Thumb, 2 bytes, Stack size 0 bytes, gui_dispchar.o(.text))
<BR><BR>[Stack]<UL><LI>Max Depth = 168<LI>Call Chain = GUI_DispChar &rArr; CL_DispChar &rArr; WM__InitIVRSearch &rArr; WM__GetNextIVR &rArr; _FindNext_IVR &rArr; _Findx0 &rArr;  _Findx0 (Cycle)
</UL>
<BR>[Calls]<UL><LI><a href="#[cb]">&gt;&gt;</a>&nbsp;&nbsp;&nbsp;CL_DispChar
</UL>
<BR>[Called By]<UL><LI><a href="#[28c]">&gt;&gt;</a>&nbsp;&nbsp;&nbsp;GUI_DispChars
</UL>

<P><STRONG><a name="[d0]"></a>GUI_DispCharAt</STRONG> (Thumb, 8 bytes, Stack size 0 bytes, gui_dispchar.o(.text))
<BR><BR>[Stack]<UL><LI>Max Depth = 168<LI>Call Chain = GUI_DispCharAt &rArr; CL_DispChar &rArr; WM__InitIVRSearch &rArr; WM__GetNextIVR &rArr; _FindNext_IVR &rArr; _Findx0 &rArr;  _Findx0 (Cycle)
</UL>
<BR>[Calls]<UL><LI><a href="#[cb]">&gt;&gt;</a>&nbsp;&nbsp;&nbsp;CL_DispChar
</UL>
<BR>[Called By]<UL><LI><a href="#[271]">&gt;&gt;</a>&nbsp;&nbsp;&nbsp;_DispString
</UL>

<P><STRONG><a name="[d1]"></a>GUI_DispStringAt</STRONG> (Thumb, 10 bytes, Stack size 0 bytes, gui_dispstringat.o(.text))
<BR><BR>[Stack]<UL><LI>Max Depth = 208<LI>Call Chain = GUI_DispStringAt &rArr; GUI_DispString &rArr; GUI__DispLine &rArr; WM__InitIVRSearch &rArr; WM__GetNextIVR &rArr; _FindNext_IVR &rArr; _Findx0 &rArr;  _Findx0 (Cycle)
</UL>
<BR>[Calls]<UL><LI><a href="#[d2]">&gt;&gt;</a>&nbsp;&nbsp;&nbsp;GUI_DispString
</UL>
<BR>[Called By]<UL><LI><a href="#[145]">&gt;&gt;</a>&nbsp;&nbsp;&nbsp;GUI_DispDecAt
<LI><a href="#[70]">&gt;&gt;</a>&nbsp;&nbsp;&nbsp;_cbBkWin
<LI><a href="#[3c4]">&gt;&gt;</a>&nbsp;&nbsp;&nbsp;Page_Init
<LI><a href="#[3d3]">&gt;&gt;</a>&nbsp;&nbsp;&nbsp;ucGUI_Practice
<LI><a href="#[d3]">&gt;&gt;</a>&nbsp;&nbsp;&nbsp;GUI_DispStringHCenterAt
<LI><a href="#[37]">&gt;&gt;</a>&nbsp;&nbsp;&nbsp;main
<LI><a href="#[2c8]">&gt;&gt;</a>&nbsp;&nbsp;&nbsp;_OnPaint
<LI><a href="#[29a]">&gt;&gt;</a>&nbsp;&nbsp;&nbsp;_DrawTextItem
<LI><a href="#[1f8]">&gt;&gt;</a>&nbsp;&nbsp;&nbsp;LISTBOX_OwnerDraw
<LI><a href="#[1b3]">&gt;&gt;</a>&nbsp;&nbsp;&nbsp;WIDGET__FillStringInRect
</UL>

<P><STRONG><a name="[d3]"></a>GUI_DispStringHCenterAt</STRONG> (Thumb, 46 bytes, Stack size 24 bytes, gui_dispstringhcenter.o(.text))
<BR><BR>[Stack]<UL><LI>Max Depth = 232<LI>Call Chain = GUI_DispStringHCenterAt &rArr; GUI_DispStringAt &rArr; GUI_DispString &rArr; GUI__DispLine &rArr; WM__InitIVRSearch &rArr; WM__GetNextIVR &rArr; _FindNext_IVR &rArr; _Findx0 &rArr;  _Findx0 (Cycle)
</UL>
<BR>[Calls]<UL><LI><a href="#[d1]">&gt;&gt;</a>&nbsp;&nbsp;&nbsp;GUI_DispStringAt
<LI><a href="#[d4]">&gt;&gt;</a>&nbsp;&nbsp;&nbsp;GUI_SetTextAlign
</UL>
<BR>[Called By]<UL><LI><a href="#[65]">&gt;&gt;</a>&nbsp;&nbsp;&nbsp;_cbBkWindow
<LI><a href="#[6d]">&gt;&gt;</a>&nbsp;&nbsp;&nbsp;_cbDesktop
<LI><a href="#[61]">&gt;&gt;</a>&nbsp;&nbsp;&nbsp;_cbBkWindow
<LI><a href="#[59]">&gt;&gt;</a>&nbsp;&nbsp;&nbsp;_cbBkWindow
<LI><a href="#[5b]">&gt;&gt;</a>&nbsp;&nbsp;&nbsp;_cbBkWindow
<LI><a href="#[5d]">&gt;&gt;</a>&nbsp;&nbsp;&nbsp;_cbBkWindow
<LI><a href="#[76]">&gt;&gt;</a>&nbsp;&nbsp;&nbsp;_cbBkWindow
<LI><a href="#[37]">&gt;&gt;</a>&nbsp;&nbsp;&nbsp;main
<LI><a href="#[5f]">&gt;&gt;</a>&nbsp;&nbsp;&nbsp;_cbDesktop
</UL>

<P><STRONG><a name="[d5]"></a>GUI__DispStringInRect</STRONG> (Thumb, 314 bytes, Stack size 72 bytes, gui_dispstringinrect.o(.text))
<BR><BR>[Stack]<UL><LI>Max Depth = 240<LI>Call Chain = GUI__DispStringInRect &rArr; GUI__DispLine &rArr; WM__InitIVRSearch &rArr; WM__GetNextIVR &rArr; _FindNext_IVR &rArr; _Findx0 &rArr;  _Findx0 (Cycle)
</UL>
<BR>[Calls]<UL><LI><a href="#[d9]">&gt;&gt;</a>&nbsp;&nbsp;&nbsp;GUI__HandleEOLine
<LI><a href="#[d7]">&gt;&gt;</a>&nbsp;&nbsp;&nbsp;GUI__GetLineNumChars
<LI><a href="#[da]">&gt;&gt;</a>&nbsp;&nbsp;&nbsp;GUI__GetLineDistX
<LI><a href="#[db]">&gt;&gt;</a>&nbsp;&nbsp;&nbsp;GUI__DispLine
<LI><a href="#[d8]">&gt;&gt;</a>&nbsp;&nbsp;&nbsp;GUI_UC__NumChars2NumBytes
<LI><a href="#[dc]">&gt;&gt;</a>&nbsp;&nbsp;&nbsp;GUI_GetFontDistY
<LI><a href="#[d6]">&gt;&gt;</a>&nbsp;&nbsp;&nbsp;GUI_GetClientRect
<LI><a href="#[cd]">&gt;&gt;</a>&nbsp;&nbsp;&nbsp;GUI_GetFontSizeY
</UL>
<BR>[Called By]<UL><LI><a href="#[e1]">&gt;&gt;</a>&nbsp;&nbsp;&nbsp;GUI_DispStringInRectEx
<LI><a href="#[dd]">&gt;&gt;</a>&nbsp;&nbsp;&nbsp;GUI_DispStringInRectMax
</UL>

<P><STRONG><a name="[dd]"></a>GUI_DispStringInRectMax</STRONG> (Thumb, 66 bytes, Stack size 32 bytes, gui_dispstringinrect.o(.text))
<BR><BR>[Stack]<UL><LI>Max Depth = 272<LI>Call Chain = GUI_DispStringInRectMax &rArr; GUI__DispStringInRect &rArr; GUI__DispLine &rArr; WM__InitIVRSearch &rArr; WM__GetNextIVR &rArr; _FindNext_IVR &rArr; _Findx0 &rArr;  _Findx0 (Cycle)
</UL>
<BR>[Calls]<UL><LI><a href="#[de]">&gt;&gt;</a>&nbsp;&nbsp;&nbsp;WM_SetUserClipRect
<LI><a href="#[df]">&gt;&gt;</a>&nbsp;&nbsp;&nbsp;GUI__IntersectRects
<LI><a href="#[d5]">&gt;&gt;</a>&nbsp;&nbsp;&nbsp;GUI__DispStringInRect
</UL>
<BR>[Called By]<UL><LI><a href="#[e1]">&gt;&gt;</a>&nbsp;&nbsp;&nbsp;GUI_DispStringInRectEx
<LI><a href="#[e0]">&gt;&gt;</a>&nbsp;&nbsp;&nbsp;GUI_DispStringInRect
<LI><a href="#[271]">&gt;&gt;</a>&nbsp;&nbsp;&nbsp;_DispString
</UL>

<P><STRONG><a name="[e0]"></a>GUI_DispStringInRect</STRONG> (Thumb, 6 bytes, Stack size 0 bytes, gui_dispstringinrect.o(.text))
<BR><BR>[Stack]<UL><LI>Max Depth = 272<LI>Call Chain = GUI_DispStringInRect &rArr; GUI_DispStringInRectMax &rArr; GUI__DispStringInRect &rArr; GUI__DispLine &rArr; WM__InitIVRSearch &rArr; WM__GetNextIVR &rArr; _FindNext_IVR &rArr; _Findx0 &rArr;  _Findx0 (Cycle)
</UL>
<BR>[Calls]<UL><LI><a href="#[dd]">&gt;&gt;</a>&nbsp;&nbsp;&nbsp;GUI_DispStringInRectMax
</UL>
<BR>[Called By]<UL><LI><a href="#[74]">&gt;&gt;</a>&nbsp;&nbsp;&nbsp;_cbButton
<LI><a href="#[229]">&gt;&gt;</a>&nbsp;&nbsp;&nbsp;_Paint
<LI><a href="#[185]">&gt;&gt;</a>&nbsp;&nbsp;&nbsp;_Paint
<LI><a href="#[14b]">&gt;&gt;</a>&nbsp;&nbsp;&nbsp;_Paint
<LI><a href="#[57]">&gt;&gt;</a>&nbsp;&nbsp;&nbsp;_TEXT_Callback
<LI><a href="#[36f]">&gt;&gt;</a>&nbsp;&nbsp;&nbsp;_Paint
<LI><a href="#[364]">&gt;&gt;</a>&nbsp;&nbsp;&nbsp;_Paint
</UL>

<P><STRONG><a name="[e1]"></a>GUI_DispStringInRectEx</STRONG> (Thumb, 116 bytes, Stack size 48 bytes, gui_dispstringinrectex.o(.text))
<BR><BR>[Stack]<UL><LI>Max Depth = 320<LI>Call Chain = GUI_DispStringInRectEx &rArr; GUI_DispStringInRectMax &rArr; GUI__DispStringInRect &rArr; GUI__DispLine &rArr; WM__InitIVRSearch &rArr; WM__GetNextIVR &rArr; _FindNext_IVR &rArr; _Findx0 &rArr;  _Findx0 (Cycle)
</UL>
<BR>[Calls]<UL><LI><a href="#[e2]">&gt;&gt;</a>&nbsp;&nbsp;&nbsp;_SetRotation
<LI><a href="#[de]">&gt;&gt;</a>&nbsp;&nbsp;&nbsp;WM_SetUserClipRect
<LI><a href="#[df]">&gt;&gt;</a>&nbsp;&nbsp;&nbsp;GUI__IntersectRects
<LI><a href="#[dd]">&gt;&gt;</a>&nbsp;&nbsp;&nbsp;GUI_DispStringInRectMax
<LI><a href="#[d5]">&gt;&gt;</a>&nbsp;&nbsp;&nbsp;GUI__DispStringInRect
</UL>
<BR>[Called By]<UL><LI><a href="#[3c4]">&gt;&gt;</a>&nbsp;&nbsp;&nbsp;Page_Init
</UL>

<P><STRONG><a name="[e3]"></a>GUI_DrawHLine</STRONG> (Thumb, 66 bytes, Stack size 32 bytes, gui_drawhline.o(.text))
<BR><BR>[Stack]<UL><LI>Max Depth = 176<LI>Call Chain = GUI_DrawHLine &rArr; WM__InitIVRSearch &rArr; WM__GetNextIVR &rArr; _FindNext_IVR &rArr; _Findx0 &rArr;  _Findx0 (Cycle)
</UL>
<BR>[Calls]<UL><LI><a href="#[be]">&gt;&gt;</a>&nbsp;&nbsp;&nbsp;WM__InitIVRSearch
<LI><a href="#[bf]">&gt;&gt;</a>&nbsp;&nbsp;&nbsp;WM__GetNextIVR
</UL>
<BR>[Called By]<UL><LI><a href="#[6e]">&gt;&gt;</a>&nbsp;&nbsp;&nbsp;_cbDialogNumPad
<LI><a href="#[90]">&gt;&gt;</a>&nbsp;&nbsp;&nbsp;_WIDGET_EFFECT_3D_DrawDownRect
<LI><a href="#[8f]">&gt;&gt;</a>&nbsp;&nbsp;&nbsp;_WIDGET_EFFECT_3D_DrawUpRect
<LI><a href="#[2ea]">&gt;&gt;</a>&nbsp;&nbsp;&nbsp;WIDGET__DrawVLine
<LI><a href="#[2dc]">&gt;&gt;</a>&nbsp;&nbsp;&nbsp;_DrawTriangle
<LI><a href="#[229]">&gt;&gt;</a>&nbsp;&nbsp;&nbsp;_Paint
<LI><a href="#[185]">&gt;&gt;</a>&nbsp;&nbsp;&nbsp;_Paint
</UL>

<P><STRONG><a name="[e4]"></a>GUI_DrawVLine</STRONG> (Thumb, 58 bytes, Stack size 24 bytes, gui_drawvline.o(.text))
<BR><BR>[Stack]<UL><LI>Max Depth = 168<LI>Call Chain = GUI_DrawVLine &rArr; WM__InitIVRSearch &rArr; WM__GetNextIVR &rArr; _FindNext_IVR &rArr; _Findx0 &rArr;  _Findx0 (Cycle)
</UL>
<BR>[Calls]<UL><LI><a href="#[be]">&gt;&gt;</a>&nbsp;&nbsp;&nbsp;WM__InitIVRSearch
<LI><a href="#[bf]">&gt;&gt;</a>&nbsp;&nbsp;&nbsp;WM__GetNextIVR
<LI><a href="#[c9]">&gt;&gt;</a>&nbsp;&nbsp;&nbsp;LCD_DrawVLine
</UL>
<BR>[Called By]<UL><LI><a href="#[6e]">&gt;&gt;</a>&nbsp;&nbsp;&nbsp;_cbDialogNumPad
<LI><a href="#[90]">&gt;&gt;</a>&nbsp;&nbsp;&nbsp;_WIDGET_EFFECT_3D_DrawDownRect
<LI><a href="#[8f]">&gt;&gt;</a>&nbsp;&nbsp;&nbsp;_WIDGET_EFFECT_3D_DrawUpRect
<LI><a href="#[2ea]">&gt;&gt;</a>&nbsp;&nbsp;&nbsp;WIDGET__DrawVLine
<LI><a href="#[2dc]">&gt;&gt;</a>&nbsp;&nbsp;&nbsp;_DrawTriangle
<LI><a href="#[29a]">&gt;&gt;</a>&nbsp;&nbsp;&nbsp;_DrawTextItem
<LI><a href="#[229]">&gt;&gt;</a>&nbsp;&nbsp;&nbsp;_Paint
</UL>

<P><STRONG><a name="[e5]"></a>GUI_Exec1</STRONG> (Thumb, 28 bytes, Stack size 8 bytes, gui_exec.o(.text))
<BR><BR>[Stack]<UL><LI>Max Depth = 392<LI>Call Chain = GUI_Exec1 &rArr; WM_Exec &rArr; WM_Exec1 &rArr; _DrawNext &rArr; WM__PaintWinAndOverlays &rArr; _PaintTransChildren &rArr;  _PaintTransChildren (Cycle)
</UL>
<BR>[Calls]<UL><LI><a href="#[e6]">&gt;&gt;</a>&nbsp;&nbsp;&nbsp;WM_Exec
</UL>
<BR>[Called By]<UL><LI><a href="#[e7]">&gt;&gt;</a>&nbsp;&nbsp;&nbsp;GUI_Exec
</UL>

<P><STRONG><a name="[e7]"></a>GUI_Exec</STRONG> (Thumb, 20 bytes, Stack size 8 bytes, gui_exec.o(.text))
<BR><BR>[Stack]<UL><LI>Max Depth = 400<LI>Call Chain = GUI_Exec &rArr; GUI_Exec1 &rArr; WM_Exec &rArr; WM_Exec1 &rArr; _DrawNext &rArr; WM__PaintWinAndOverlays &rArr; _PaintTransChildren &rArr;  _PaintTransChildren (Cycle)
</UL>
<BR>[Calls]<UL><LI><a href="#[e5]">&gt;&gt;</a>&nbsp;&nbsp;&nbsp;GUI_Exec1
</UL>
<BR>[Called By]<UL><LI><a href="#[181]">&gt;&gt;</a>&nbsp;&nbsp;&nbsp;GUI_ExecCreatedDialog
<LI><a href="#[139]">&gt;&gt;</a>&nbsp;&nbsp;&nbsp;GUI_Delay
<LI><a href="#[3c2]">&gt;&gt;</a>&nbsp;&nbsp;&nbsp;MainTask_WIDGET_Multipage
</UL>

<P><STRONG><a name="[e8]"></a>GUI_FillRect</STRONG> (Thumb, 66 bytes, Stack size 32 bytes, gui_fillrect.o(.text))
<BR><BR>[Stack]<UL><LI>Max Depth = 176<LI>Call Chain = GUI_FillRect &rArr; WM__InitIVRSearch &rArr; WM__GetNextIVR &rArr; _FindNext_IVR &rArr; _Findx0 &rArr;  _Findx0 (Cycle)
</UL>
<BR>[Calls]<UL><LI><a href="#[e9]">&gt;&gt;</a>&nbsp;&nbsp;&nbsp;LCD_FillRect
<LI><a href="#[be]">&gt;&gt;</a>&nbsp;&nbsp;&nbsp;WM__InitIVRSearch
<LI><a href="#[bf]">&gt;&gt;</a>&nbsp;&nbsp;&nbsp;WM__GetNextIVR
</UL>
<BR>[Called By]<UL><LI><a href="#[5c]">&gt;&gt;</a>&nbsp;&nbsp;&nbsp;_cbCallback
<LI><a href="#[ea]">&gt;&gt;</a>&nbsp;&nbsp;&nbsp;GUI_FillRectEx
<LI><a href="#[1e2]">&gt;&gt;</a>&nbsp;&nbsp;&nbsp;_Paint
</UL>

<P><STRONG><a name="[ea]"></a>GUI_FillRectEx</STRONG> (Thumb, 20 bytes, Stack size 0 bytes, gui_fillrectex.o(.text))
<BR><BR>[Stack]<UL><LI>Max Depth = 176<LI>Call Chain = GUI_FillRectEx &rArr; GUI_FillRect &rArr; WM__InitIVRSearch &rArr; WM__GetNextIVR &rArr; _FindNext_IVR &rArr; _Findx0 &rArr;  _Findx0 (Cycle)
</UL>
<BR>[Calls]<UL><LI><a href="#[e8]">&gt;&gt;</a>&nbsp;&nbsp;&nbsp;GUI_FillRect
</UL>
<BR>[Called By]<UL><LI><a href="#[3c4]">&gt;&gt;</a>&nbsp;&nbsp;&nbsp;Page_Init
<LI><a href="#[29b]">&gt;&gt;</a>&nbsp;&nbsp;&nbsp;WIDGET__FillRectEx
<LI><a href="#[185]">&gt;&gt;</a>&nbsp;&nbsp;&nbsp;_Paint
</UL>

<P><STRONG><a name="[3db]"></a>GUI_GetDispPosX</STRONG> (Thumb, 8 bytes, Stack size 0 bytes, gui_getdisppos.o(.text), UNUSED)

<P><STRONG><a name="[3ce]"></a>GUI_GetDispPosY</STRONG> (Thumb, 8 bytes, Stack size 0 bytes, gui_getdisppos.o(.text))
<BR><BR>[Called By]<UL><LI><a href="#[6d]">&gt;&gt;</a>&nbsp;&nbsp;&nbsp;_cbDesktop
</UL>

<P><STRONG><a name="[eb]"></a>GUI_GotoY</STRONG> (Thumb, 4 bytes, Stack size 0 bytes, gui_goto.o(.text), UNUSED)
<BR><BR>[Calls]<UL><LI><a href="#[ec]">&gt;&gt;</a>&nbsp;&nbsp;&nbsp;_GotoY
</UL>

<P><STRONG><a name="[ed]"></a>GUI_GotoX</STRONG> (Thumb, 4 bytes, Stack size 0 bytes, gui_goto.o(.text), UNUSED)
<BR><BR>[Calls]<UL><LI><a href="#[ee]">&gt;&gt;</a>&nbsp;&nbsp;&nbsp;_GotoX
</UL>

<P><STRONG><a name="[ef]"></a>GUI_GotoXY</STRONG> (Thumb, 20 bytes, Stack size 16 bytes, gui_goto.o(.text))
<BR><BR>[Stack]<UL><LI>Max Depth = 16<LI>Call Chain = GUI_GotoXY
</UL>
<BR>[Calls]<UL><LI><a href="#[ee]">&gt;&gt;</a>&nbsp;&nbsp;&nbsp;_GotoX
<LI><a href="#[ec]">&gt;&gt;</a>&nbsp;&nbsp;&nbsp;_GotoY
</UL>
<BR>[Called By]<UL><LI><a href="#[11e]">&gt;&gt;</a>&nbsp;&nbsp;&nbsp;GUI_Clear
<LI><a href="#[11f]">&gt;&gt;</a>&nbsp;&nbsp;&nbsp;GUI_Init
<LI><a href="#[2b8]">&gt;&gt;</a>&nbsp;&nbsp;&nbsp;_DrawPart
</UL>

<P><STRONG><a name="[f2]"></a>GUI_MOUSE_DRIVER_PS2_OnRx</STRONG> (Thumb, 46 bytes, Stack size 8 bytes, gui_mouse_driverps2.o(.text))
<BR><BR>[Stack]<UL><LI>Max Depth = 68<LI>Call Chain = GUI_MOUSE_DRIVER_PS2_OnRx &rArr; _EvaPacket &rArr; GUI_MOUSE_StoreState &rArr; GUI_PID_StoreState &rArr; memcmp
</UL>
<BR>[Calls]<UL><LI><a href="#[f0]">&gt;&gt;</a>&nbsp;&nbsp;&nbsp;_EvaPacket
</UL>
<BR>[Called By]<UL><LI><a href="#[14]">&gt;&gt;</a>&nbsp;&nbsp;&nbsp;EXTI2_IRQHandler
</UL>

<P><STRONG><a name="[3dc]"></a>GUI_MOUSE_DRIVER_PS2_Init</STRONG> (Thumb, 10 bytes, Stack size 0 bytes, gui_mouse_driverps2.o(.text), UNUSED)

<P><STRONG><a name="[f4]"></a>GUI_GetKey</STRONG> (Thumb, 10 bytes, Stack size 0 bytes, gui_onkey.o(.text), UNUSED)
<BR><BR>[Called By]<UL><LI><a href="#[f3]">&gt;&gt;</a>&nbsp;&nbsp;&nbsp;GUI_ClearKeyBuffer
</UL>

<P><STRONG><a name="[f7]"></a>GUI_StoreKey</STRONG> (Thumb, 12 bytes, Stack size 0 bytes, gui_onkey.o(.text))
<BR><BR>[Called By]<UL><LI><a href="#[f5]">&gt;&gt;</a>&nbsp;&nbsp;&nbsp;GUI_PollKeyMsg
<LI><a href="#[53]">&gt;&gt;</a>&nbsp;&nbsp;&nbsp;cbBackWin
<LI><a href="#[4f]">&gt;&gt;</a>&nbsp;&nbsp;&nbsp;_RADIO_Callback
<LI><a href="#[157]">&gt;&gt;</a>&nbsp;&nbsp;&nbsp;_ButtonReleased
<LI><a href="#[55]">&gt;&gt;</a>&nbsp;&nbsp;&nbsp;_CHECKBOX_Callback
</UL>

<P><STRONG><a name="[f3]"></a>GUI_ClearKeyBuffer</STRONG> (Thumb, 12 bytes, Stack size 4 bytes, gui_onkey.o(.text), UNUSED)
<BR><BR>[Calls]<UL><LI><a href="#[f4]">&gt;&gt;</a>&nbsp;&nbsp;&nbsp;GUI_GetKey
</UL>

<P><STRONG><a name="[f9]"></a>GUI_StoreKeyMsg</STRONG> (Thumb, 16 bytes, Stack size 0 bytes, gui_onkey.o(.text))
<BR><BR>[Called By]<UL><LI><a href="#[f8]">&gt;&gt;</a>&nbsp;&nbsp;&nbsp;GUI_SendKeyMsg
</UL>

<P><STRONG><a name="[f5]"></a>GUI_PollKeyMsg</STRONG> (Thumb, 46 bytes, Stack size 16 bytes, gui_onkey.o(.text))
<BR><BR>[Stack]<UL><LI>Max Depth = 160<LI>Call Chain = GUI_PollKeyMsg &rArr; WM_OnKey &rArr; WM__SendMessage &rArr; WM_DefaultProc &rArr; WM_InvalidateWindow &rArr; WM_InvalidateRect &rArr; WM_InvalidateArea &rArr; _Invalidate1Abs &rArr; GUI__IntersectRects
</UL>
<BR>[Calls]<UL><LI><a href="#[f6]">&gt;&gt;</a>&nbsp;&nbsp;&nbsp;WM_OnKey
<LI><a href="#[f7]">&gt;&gt;</a>&nbsp;&nbsp;&nbsp;GUI_StoreKey
</UL>
<BR>[Called By]<UL><LI><a href="#[324]">&gt;&gt;</a>&nbsp;&nbsp;&nbsp;WM_Exec1
</UL>

<P><STRONG><a name="[f8]"></a>GUI_SendKeyMsg</STRONG> (Thumb, 26 bytes, Stack size 16 bytes, gui_onkey.o(.text))
<BR><BR>[Stack]<UL><LI>Max Depth = 160<LI>Call Chain = GUI_SendKeyMsg &rArr; WM_OnKey &rArr; WM__SendMessage &rArr; WM_DefaultProc &rArr; WM_InvalidateWindow &rArr; WM_InvalidateRect &rArr; WM_InvalidateArea &rArr; _Invalidate1Abs &rArr; GUI__IntersectRects
</UL>
<BR>[Calls]<UL><LI><a href="#[f6]">&gt;&gt;</a>&nbsp;&nbsp;&nbsp;WM_OnKey
<LI><a href="#[f9]">&gt;&gt;</a>&nbsp;&nbsp;&nbsp;GUI_StoreKeyMsg
</UL>
<BR>[Called By]<UL><LI><a href="#[6e]">&gt;&gt;</a>&nbsp;&nbsp;&nbsp;_cbDialogNumPad
</UL>

<P><STRONG><a name="[3dd]"></a>GUI_GetPenSize</STRONG> (Thumb, 6 bytes, Stack size 0 bytes, gui_pen.o(.text), UNUSED)

<P><STRONG><a name="[3de]"></a>GUI_GetPenShape</STRONG> (Thumb, 6 bytes, Stack size 0 bytes, gui_pen.o(.text), UNUSED)

<P><STRONG><a name="[351]"></a>GUI_SetPenSize</STRONG> (Thumb, 10 bytes, Stack size 0 bytes, gui_pen.o(.text))
<BR><BR>[Called By]<UL><LI><a href="#[60]">&gt;&gt;</a>&nbsp;&nbsp;&nbsp;_cbDialog
<LI><a href="#[31f]">&gt;&gt;</a>&nbsp;&nbsp;&nbsp;GL_SetDefault
</UL>

<P><STRONG><a name="[3df]"></a>GUI_SetPenShape</STRONG> (Thumb, 10 bytes, Stack size 0 bytes, gui_pen.o(.text), UNUSED)

<P><STRONG><a name="[fa]"></a>GUI_SetBkColor</STRONG> (Thumb, 4 bytes, Stack size 0 bytes, gui_setcolor.o(.text))
<BR><BR>[Stack]<UL><LI>Max Depth = 16<LI>Call Chain = GUI_SetBkColor &rArr; LCD_SetBkColor &rArr; LCD_SetBkColorIndex
</UL>
<BR>[Calls]<UL><LI><a href="#[fb]">&gt;&gt;</a>&nbsp;&nbsp;&nbsp;LCD_SetBkColor
</UL>
<BR>[Called By]<UL><LI><a href="#[66]">&gt;&gt;</a>&nbsp;&nbsp;&nbsp;_cbFrameWin
<LI><a href="#[65]">&gt;&gt;</a>&nbsp;&nbsp;&nbsp;_cbBkWindow
<LI><a href="#[6d]">&gt;&gt;</a>&nbsp;&nbsp;&nbsp;_cbDesktop
<LI><a href="#[61]">&gt;&gt;</a>&nbsp;&nbsp;&nbsp;_cbBkWindow
<LI><a href="#[59]">&gt;&gt;</a>&nbsp;&nbsp;&nbsp;_cbBkWindow
<LI><a href="#[71]">&gt;&gt;</a>&nbsp;&nbsp;&nbsp;_cbTop
<LI><a href="#[73]">&gt;&gt;</a>&nbsp;&nbsp;&nbsp;_cbFrameWin2
<LI><a href="#[72]">&gt;&gt;</a>&nbsp;&nbsp;&nbsp;_cbFrameWin1
<LI><a href="#[70]">&gt;&gt;</a>&nbsp;&nbsp;&nbsp;_cbBkWin
<LI><a href="#[5b]">&gt;&gt;</a>&nbsp;&nbsp;&nbsp;_cbBkWindow
<LI><a href="#[5d]">&gt;&gt;</a>&nbsp;&nbsp;&nbsp;_cbBkWindow
<LI><a href="#[76]">&gt;&gt;</a>&nbsp;&nbsp;&nbsp;_cbBkWindow
<LI><a href="#[3c4]">&gt;&gt;</a>&nbsp;&nbsp;&nbsp;Page_Init
<LI><a href="#[37]">&gt;&gt;</a>&nbsp;&nbsp;&nbsp;main
<LI><a href="#[5f]">&gt;&gt;</a>&nbsp;&nbsp;&nbsp;_cbDesktop
<LI><a href="#[74]">&gt;&gt;</a>&nbsp;&nbsp;&nbsp;_cbButton
<LI><a href="#[31f]">&gt;&gt;</a>&nbsp;&nbsp;&nbsp;GL_SetDefault
<LI><a href="#[53]">&gt;&gt;</a>&nbsp;&nbsp;&nbsp;cbBackWin
</UL>

<P><STRONG><a name="[fc]"></a>GUI_SetColor</STRONG> (Thumb, 4 bytes, Stack size 0 bytes, gui_setcolor.o(.text))
<BR><BR>[Stack]<UL><LI>Max Depth = 16<LI>Call Chain = GUI_SetColor &rArr; LCD_SetColor &rArr; LCD_SetColorIndex
</UL>
<BR>[Calls]<UL><LI><a href="#[fd]">&gt;&gt;</a>&nbsp;&nbsp;&nbsp;LCD_SetColor
</UL>
<BR>[Called By]<UL><LI><a href="#[65]">&gt;&gt;</a>&nbsp;&nbsp;&nbsp;_cbBkWindow
<LI><a href="#[6e]">&gt;&gt;</a>&nbsp;&nbsp;&nbsp;_cbDialogNumPad
<LI><a href="#[61]">&gt;&gt;</a>&nbsp;&nbsp;&nbsp;_cbBkWindow
<LI><a href="#[59]">&gt;&gt;</a>&nbsp;&nbsp;&nbsp;_cbBkWindow
<LI><a href="#[73]">&gt;&gt;</a>&nbsp;&nbsp;&nbsp;_cbFrameWin2
<LI><a href="#[72]">&gt;&gt;</a>&nbsp;&nbsp;&nbsp;_cbFrameWin1
<LI><a href="#[70]">&gt;&gt;</a>&nbsp;&nbsp;&nbsp;_cbBkWin
<LI><a href="#[5c]">&gt;&gt;</a>&nbsp;&nbsp;&nbsp;_cbCallback
<LI><a href="#[5b]">&gt;&gt;</a>&nbsp;&nbsp;&nbsp;_cbBkWindow
<LI><a href="#[5d]">&gt;&gt;</a>&nbsp;&nbsp;&nbsp;_cbBkWindow
<LI><a href="#[76]">&gt;&gt;</a>&nbsp;&nbsp;&nbsp;_cbBkWindow
<LI><a href="#[3c4]">&gt;&gt;</a>&nbsp;&nbsp;&nbsp;Page_Init
<LI><a href="#[37]">&gt;&gt;</a>&nbsp;&nbsp;&nbsp;main
<LI><a href="#[60]">&gt;&gt;</a>&nbsp;&nbsp;&nbsp;_cbDialog
<LI><a href="#[74]">&gt;&gt;</a>&nbsp;&nbsp;&nbsp;_cbButton
<LI><a href="#[89]">&gt;&gt;</a>&nbsp;&nbsp;&nbsp;GUIPROP_DispChar
<LI><a href="#[31f]">&gt;&gt;</a>&nbsp;&nbsp;&nbsp;GL_SetDefault
</UL>

<P><STRONG><a name="[14d]"></a>GUI_SetFont</STRONG> (Thumb, 12 bytes, Stack size 0 bytes, gui_setfont.o(.text))
<BR><BR>[Called By]<UL><LI><a href="#[65]">&gt;&gt;</a>&nbsp;&nbsp;&nbsp;_cbBkWindow
<LI><a href="#[6d]">&gt;&gt;</a>&nbsp;&nbsp;&nbsp;_cbDesktop
<LI><a href="#[2bd]">&gt;&gt;</a>&nbsp;&nbsp;&nbsp;PROGBAR_SetValue
<LI><a href="#[61]">&gt;&gt;</a>&nbsp;&nbsp;&nbsp;_cbBkWindow
<LI><a href="#[248]">&gt;&gt;</a>&nbsp;&nbsp;&nbsp;MESSAGEBOX_Create
<LI><a href="#[59]">&gt;&gt;</a>&nbsp;&nbsp;&nbsp;_cbBkWindow
<LI><a href="#[5b]">&gt;&gt;</a>&nbsp;&nbsp;&nbsp;_cbBkWindow
<LI><a href="#[5d]">&gt;&gt;</a>&nbsp;&nbsp;&nbsp;_cbBkWindow
<LI><a href="#[76]">&gt;&gt;</a>&nbsp;&nbsp;&nbsp;_cbBkWindow
<LI><a href="#[3c4]">&gt;&gt;</a>&nbsp;&nbsp;&nbsp;Page_Init
<LI><a href="#[3d3]">&gt;&gt;</a>&nbsp;&nbsp;&nbsp;ucGUI_Practice
<LI><a href="#[37]">&gt;&gt;</a>&nbsp;&nbsp;&nbsp;main
<LI><a href="#[5f]">&gt;&gt;</a>&nbsp;&nbsp;&nbsp;_cbDesktop
<LI><a href="#[74]">&gt;&gt;</a>&nbsp;&nbsp;&nbsp;_cbButton
<LI><a href="#[31f]">&gt;&gt;</a>&nbsp;&nbsp;&nbsp;GL_SetDefault
<LI><a href="#[2c8]">&gt;&gt;</a>&nbsp;&nbsp;&nbsp;_OnPaint
<LI><a href="#[2c3]">&gt;&gt;</a>&nbsp;&nbsp;&nbsp;PROGBAR_SetText
<LI><a href="#[2bb]">&gt;&gt;</a>&nbsp;&nbsp;&nbsp;_Paint
<LI><a href="#[29e]">&gt;&gt;</a>&nbsp;&nbsp;&nbsp;_Paint
<LI><a href="#[296]">&gt;&gt;</a>&nbsp;&nbsp;&nbsp;_GetPageSizeX
<LI><a href="#[270]">&gt;&gt;</a>&nbsp;&nbsp;&nbsp;_MULTIEDIT_Paint
<LI><a href="#[269]">&gt;&gt;</a>&nbsp;&nbsp;&nbsp;_SetCursorXY
<LI><a href="#[25e]">&gt;&gt;</a>&nbsp;&nbsp;&nbsp;_GetNumLines
<LI><a href="#[25d]">&gt;&gt;</a>&nbsp;&nbsp;&nbsp;_GetTextSizeX
<LI><a href="#[25a]">&gt;&gt;</a>&nbsp;&nbsp;&nbsp;_GetCursorXY
<LI><a href="#[23c]">&gt;&gt;</a>&nbsp;&nbsp;&nbsp;HEADER_AddItem
<LI><a href="#[229]">&gt;&gt;</a>&nbsp;&nbsp;&nbsp;_Paint
<LI><a href="#[1f8]">&gt;&gt;</a>&nbsp;&nbsp;&nbsp;LISTBOX_OwnerDraw
<LI><a href="#[212]">&gt;&gt;</a>&nbsp;&nbsp;&nbsp;_OnPaint
<LI><a href="#[1fe]">&gt;&gt;</a>&nbsp;&nbsp;&nbsp;_GetContentsSizeX
<LI><a href="#[1fc]">&gt;&gt;</a>&nbsp;&nbsp;&nbsp;_GetItemSizeY
<LI><a href="#[1e2]">&gt;&gt;</a>&nbsp;&nbsp;&nbsp;_Paint
<LI><a href="#[1b6]">&gt;&gt;</a>&nbsp;&nbsp;&nbsp;EDIT_SetCursorAtPixel
<LI><a href="#[1ac]">&gt;&gt;</a>&nbsp;&nbsp;&nbsp;_Paint
<LI><a href="#[185]">&gt;&gt;</a>&nbsp;&nbsp;&nbsp;_Paint
<LI><a href="#[14b]">&gt;&gt;</a>&nbsp;&nbsp;&nbsp;_Paint
<LI><a href="#[57]">&gt;&gt;</a>&nbsp;&nbsp;&nbsp;_TEXT_Callback
<LI><a href="#[36f]">&gt;&gt;</a>&nbsp;&nbsp;&nbsp;_Paint
<LI><a href="#[364]">&gt;&gt;</a>&nbsp;&nbsp;&nbsp;_Paint
</UL>

<P><STRONG><a name="[3e0]"></a>GUI_TOUCH_GetxPhys</STRONG> (Thumb, 6 bytes, Stack size 0 bytes, gui_touch_driveranalog.o(.text), UNUSED)

<P><STRONG><a name="[3e1]"></a>GUI_TOUCH_GetyPhys</STRONG> (Thumb, 6 bytes, Stack size 0 bytes, gui_touch_driveranalog.o(.text), UNUSED)

<P><STRONG><a name="[3e2]"></a>GUI_TOUCH_SetDefaultCalibration</STRONG> (Thumb, 26 bytes, Stack size 0 bytes, gui_touch_driveranalog.o(.text), UNUSED)

<P><STRONG><a name="[100]"></a>GUI_TOUCH_Calibrate</STRONG> (Thumb, 106 bytes, Stack size 40 bytes, gui_touch_driveranalog.o(.text), UNUSED)
<BR><BR>[Calls]<UL><LI><a href="#[101]">&gt;&gt;</a>&nbsp;&nbsp;&nbsp;_Log2Phys
</UL>

<P><STRONG><a name="[3e3]"></a>GUI_TOUCH_GetCalData</STRONG> (Thumb, 22 bytes, Stack size 8 bytes, gui_touch_driveranalog.o(.text), UNUSED)

<P><STRONG><a name="[102]"></a>GUI_TOUCH_Exec</STRONG> (Thumb, 162 bytes, Stack size 16 bytes, gui_touch_driveranalog.o(.text))
<BR><BR>[Stack]<UL><LI>Max Depth = 80<LI>Call Chain = GUI_TOUCH_Exec &rArr; GUI_TOUCH_X_MeasureY &rArr; WR_CMD
</UL>
<BR>[Calls]<UL><LI><a href="#[105]">&gt;&gt;</a>&nbsp;&nbsp;&nbsp;GUI_TOUCH_X_MeasureY
<LI><a href="#[103]">&gt;&gt;</a>&nbsp;&nbsp;&nbsp;GUI_TOUCH_X_MeasureX
<LI><a href="#[106]">&gt;&gt;</a>&nbsp;&nbsp;&nbsp;GUI_TOUCH_X_ActivateY
<LI><a href="#[104]">&gt;&gt;</a>&nbsp;&nbsp;&nbsp;GUI_TOUCH_X_ActivateX
<LI><a href="#[fe]">&gt;&gt;</a>&nbsp;&nbsp;&nbsp;_StoreUnstable
</UL>
<BR>[Called By]<UL><LI><a href="#[182]">&gt;&gt;</a>&nbsp;&nbsp;&nbsp;GUI_X_ExecIdle
<LI><a href="#[13a]">&gt;&gt;</a>&nbsp;&nbsp;&nbsp;GUI_X_Delay
</UL>

<P><STRONG><a name="[112]"></a>GUI_ALLOC_Init</STRONG> (Thumb, 40 bytes, Stack size 0 bytes, guialloc.o(.text))
<BR><BR>[Called By]<UL><LI><a href="#[10a]">&gt;&gt;</a>&nbsp;&nbsp;&nbsp;_CheckInit
</UL>

<P><STRONG><a name="[10c]"></a>GUI_ALLOC_AllocNoInit</STRONG> (Thumb, 8 bytes, Stack size 0 bytes, guialloc.o(.text))
<BR><BR>[Stack]<UL><LI>Max Depth = 64<LI>Call Chain = GUI_ALLOC_AllocNoInit &rArr; _Alloc &rArr; _CreateHole &rArr; __aeabi_memmove
</UL>
<BR>[Calls]<UL><LI><a href="#[109]">&gt;&gt;</a>&nbsp;&nbsp;&nbsp;_Alloc
</UL>
<BR>[Called By]<UL><LI><a href="#[12c]">&gt;&gt;</a>&nbsp;&nbsp;&nbsp;GUI_ALLOC_AllocZero
<LI><a href="#[1ba]">&gt;&gt;</a>&nbsp;&nbsp;&nbsp;GUI_ALLOC_Realloc
<LI><a href="#[15e]">&gt;&gt;</a>&nbsp;&nbsp;&nbsp;GUI__SetText
<LI><a href="#[36b]">&gt;&gt;</a>&nbsp;&nbsp;&nbsp;GUI_ALLOC_AllocInit
</UL>

<P><STRONG><a name="[131]"></a>GUI_ALLOC_h2p</STRONG> (Thumb, 20 bytes, Stack size 0 bytes, guialloc.o(.text))
<BR><BR>[Called By]<UL><LI><a href="#[2ae]">&gt;&gt;</a>&nbsp;&nbsp;&nbsp;MULTIPAGE_SetAlign
<LI><a href="#[2a1]">&gt;&gt;</a>&nbsp;&nbsp;&nbsp;MULTIPAGE_CreateEx
<LI><a href="#[2a2]">&gt;&gt;</a>&nbsp;&nbsp;&nbsp;MULTIPAGE_AddPage
<LI><a href="#[16e]">&gt;&gt;</a>&nbsp;&nbsp;&nbsp;BUTTON_GetText
<LI><a href="#[341]">&gt;&gt;</a>&nbsp;&nbsp;&nbsp;WM_SetStayOnTop
<LI><a href="#[2d8]">&gt;&gt;</a>&nbsp;&nbsp;&nbsp;WM_GetWindowRectEx
<LI><a href="#[2b6]">&gt;&gt;</a>&nbsp;&nbsp;&nbsp;WM_GetWindowOrgY
<LI><a href="#[2b5]">&gt;&gt;</a>&nbsp;&nbsp;&nbsp;WM_GetWindowOrgX
<LI><a href="#[194]">&gt;&gt;</a>&nbsp;&nbsp;&nbsp;WM_GetParent
<LI><a href="#[32f]">&gt;&gt;</a>&nbsp;&nbsp;&nbsp;WM_GetNextSibling
<LI><a href="#[32e]">&gt;&gt;</a>&nbsp;&nbsp;&nbsp;WM_GetFirstChild
<LI><a href="#[239]">&gt;&gt;</a>&nbsp;&nbsp;&nbsp;WM_GetClientRectEx
<LI><a href="#[7f]">&gt;&gt;</a>&nbsp;&nbsp;&nbsp;WINDOW_CreateIndirect
<LI><a href="#[299]">&gt;&gt;</a>&nbsp;&nbsp;&nbsp;SCROLLBAR_SetValue
<LI><a href="#[298]">&gt;&gt;</a>&nbsp;&nbsp;&nbsp;SCROLLBAR_SetPageSize
<LI><a href="#[297]">&gt;&gt;</a>&nbsp;&nbsp;&nbsp;SCROLLBAR_SetNumItems
<LI><a href="#[2cf]">&gt;&gt;</a>&nbsp;&nbsp;&nbsp;RADIO_SetValue
<LI><a href="#[2d6]">&gt;&gt;</a>&nbsp;&nbsp;&nbsp;RADIO_GetValue
<LI><a href="#[2bd]">&gt;&gt;</a>&nbsp;&nbsp;&nbsp;PROGBAR_SetValue
<LI><a href="#[275]">&gt;&gt;</a>&nbsp;&nbsp;&nbsp;MULTIEDIT_SetText
<LI><a href="#[240]">&gt;&gt;</a>&nbsp;&nbsp;&nbsp;LISTVIEW_GetNumColumns
<LI><a href="#[197]">&gt;&gt;</a>&nbsp;&nbsp;&nbsp;LISTBOX_SetAutoScrollV
<LI><a href="#[198]">&gt;&gt;</a>&nbsp;&nbsp;&nbsp;LISTBOX_AddString
<LI><a href="#[1ec]">&gt;&gt;</a>&nbsp;&nbsp;&nbsp;FRAMEWIN_SetText
<LI><a href="#[193]">&gt;&gt;</a>&nbsp;&nbsp;&nbsp;DROPDOWN_Expand
<LI><a href="#[1a0]">&gt;&gt;</a>&nbsp;&nbsp;&nbsp;DROPDOWN_Collapse
<LI><a href="#[172]">&gt;&gt;</a>&nbsp;&nbsp;&nbsp;BUTTON_IsPressed
<LI><a href="#[245]">&gt;&gt;</a>&nbsp;&nbsp;&nbsp;LISTVIEW_SetRBorder
<LI><a href="#[244]">&gt;&gt;</a>&nbsp;&nbsp;&nbsp;LISTVIEW_SetLBorder
<LI><a href="#[242]">&gt;&gt;</a>&nbsp;&nbsp;&nbsp;LISTVIEW_SetItemText
<LI><a href="#[241]">&gt;&gt;</a>&nbsp;&nbsp;&nbsp;LISTVIEW_SetGridVis
<LI><a href="#[233]">&gt;&gt;</a>&nbsp;&nbsp;&nbsp;LISTVIEW_GetSel
<LI><a href="#[23d]">&gt;&gt;</a>&nbsp;&nbsp;&nbsp;LISTVIEW_GetNumRows
<LI><a href="#[23e]">&gt;&gt;</a>&nbsp;&nbsp;&nbsp;LISTVIEW_AddRow
<LI><a href="#[23b]">&gt;&gt;</a>&nbsp;&nbsp;&nbsp;LISTVIEW_AddColumn
<LI><a href="#[1f5]">&gt;&gt;</a>&nbsp;&nbsp;&nbsp;FRAMEWIN_SetTitleHeight
<LI><a href="#[1f3]">&gt;&gt;</a>&nbsp;&nbsp;&nbsp;FRAMEWIN_SetFont
<LI><a href="#[1a9]">&gt;&gt;</a>&nbsp;&nbsp;&nbsp;DROPDOWN_SetTextColor
<LI><a href="#[1a8]">&gt;&gt;</a>&nbsp;&nbsp;&nbsp;DROPDOWN_SetBkColor
<LI><a href="#[1e1]">&gt;&gt;</a>&nbsp;&nbsp;&nbsp;WM_GetWindowSizeY
<LI><a href="#[1b7]">&gt;&gt;</a>&nbsp;&nbsp;&nbsp;WM_GetWindowSizeX
<LI><a href="#[180]">&gt;&gt;</a>&nbsp;&nbsp;&nbsp;WM_DeleteWindow
<LI><a href="#[15a]">&gt;&gt;</a>&nbsp;&nbsp;&nbsp;WM_CreateWindowAsChild
<LI><a href="#[1e5]">&gt;&gt;</a>&nbsp;&nbsp;&nbsp;WM_BringToTop
<LI><a href="#[1f0]">&gt;&gt;</a>&nbsp;&nbsp;&nbsp;FRAMEWIN_SetMoveable
<LI><a href="#[1ed]">&gt;&gt;</a>&nbsp;&nbsp;&nbsp;FRAMEWIN_CreateEx
<LI><a href="#[15d]">&gt;&gt;</a>&nbsp;&nbsp;&nbsp;BUTTON_SetText
<LI><a href="#[159]">&gt;&gt;</a>&nbsp;&nbsp;&nbsp;BUTTON_CreateEx
<LI><a href="#[2f2]">&gt;&gt;</a>&nbsp;&nbsp;&nbsp;SLIDER_SetRange
<LI><a href="#[2f7]">&gt;&gt;</a>&nbsp;&nbsp;&nbsp;SLIDER_GetValue
<LI><a href="#[1c9]">&gt;&gt;</a>&nbsp;&nbsp;&nbsp;EDIT_SetValue
<LI><a href="#[1d8]">&gt;&gt;</a>&nbsp;&nbsp;&nbsp;EDIT_SetDecMode
<LI><a href="#[1c8]">&gt;&gt;</a>&nbsp;&nbsp;&nbsp;EDIT_GetValue
<LI><a href="#[2f1]">&gt;&gt;</a>&nbsp;&nbsp;&nbsp;SLIDER_SetWidth
<LI><a href="#[2eb]">&gt;&gt;</a>&nbsp;&nbsp;&nbsp;SLIDER_SetValue
<LI><a href="#[1cb]">&gt;&gt;</a>&nbsp;&nbsp;&nbsp;EDIT_SetTextAlign
<LI><a href="#[1c6]">&gt;&gt;</a>&nbsp;&nbsp;&nbsp;EDIT_SetText
<LI><a href="#[1da]">&gt;&gt;</a>&nbsp;&nbsp;&nbsp;EDIT_SetHexMode
<LI><a href="#[1d0]">&gt;&gt;</a>&nbsp;&nbsp;&nbsp;EDIT_SetBinMode
<LI><a href="#[1a4]">&gt;&gt;</a>&nbsp;&nbsp;&nbsp;DROPDOWN_AddString
<LI><a href="#[176]">&gt;&gt;</a>&nbsp;&nbsp;&nbsp;CHECKBOX_SetState
<LI><a href="#[33a]">&gt;&gt;</a>&nbsp;&nbsp;&nbsp;WM_SetCallback
<LI><a href="#[158]">&gt;&gt;</a>&nbsp;&nbsp;&nbsp;WM_DefaultProc
<LI><a href="#[2f6]">&gt;&gt;</a>&nbsp;&nbsp;&nbsp;WM_SetHasTrans
<LI><a href="#[2fd]">&gt;&gt;</a>&nbsp;&nbsp;&nbsp;WIDGET_GetState
<LI><a href="#[162]">&gt;&gt;</a>&nbsp;&nbsp;&nbsp;BUTTON_SetTextColor
<LI><a href="#[160]">&gt;&gt;</a>&nbsp;&nbsp;&nbsp;BUTTON_SetFont
<LI><a href="#[161]">&gt;&gt;</a>&nbsp;&nbsp;&nbsp;BUTTON_SetBkColor
<LI><a href="#[171]">&gt;&gt;</a>&nbsp;&nbsp;&nbsp;BUTTON_GetTextColor
<LI><a href="#[16d]">&gt;&gt;</a>&nbsp;&nbsp;&nbsp;BUTTON_GetFont
<LI><a href="#[16c]">&gt;&gt;</a>&nbsp;&nbsp;&nbsp;BUTTON_GetBkColor
<LI><a href="#[74]">&gt;&gt;</a>&nbsp;&nbsp;&nbsp;_cbButton
<LI><a href="#[12c]">&gt;&gt;</a>&nbsp;&nbsp;&nbsp;GUI_ALLOC_AllocZero
<LI><a href="#[130]">&gt;&gt;</a>&nbsp;&nbsp;&nbsp;GUI_CURSOR_SetPosition
<LI><a href="#[136]">&gt;&gt;</a>&nbsp;&nbsp;&nbsp;_Draw
<LI><a href="#[135]">&gt;&gt;</a>&nbsp;&nbsp;&nbsp;_Undraw
<LI><a href="#[be]">&gt;&gt;</a>&nbsp;&nbsp;&nbsp;WM__InitIVRSearch
<LI><a href="#[147]">&gt;&gt;</a>&nbsp;&nbsp;&nbsp;WM_GetWindowRect
<LI><a href="#[344]">&gt;&gt;</a>&nbsp;&nbsp;&nbsp;GUI__strcmp_hp
<LI><a href="#[342]">&gt;&gt;</a>&nbsp;&nbsp;&nbsp;WM_AttachWindow
<LI><a href="#[343]">&gt;&gt;</a>&nbsp;&nbsp;&nbsp;WM_GetStayOnTop
<LI><a href="#[338]">&gt;&gt;</a>&nbsp;&nbsp;&nbsp;WM__MoveTo
<LI><a href="#[337]">&gt;&gt;</a>&nbsp;&nbsp;&nbsp;WM__MoveWindow
<LI><a href="#[336]">&gt;&gt;</a>&nbsp;&nbsp;&nbsp;_MoveDescendents
<LI><a href="#[32d]">&gt;&gt;</a>&nbsp;&nbsp;&nbsp;_GetDialogItem
<LI><a href="#[32a]">&gt;&gt;</a>&nbsp;&nbsp;&nbsp;WM_SetEnableState
<LI><a href="#[31b]">&gt;&gt;</a>&nbsp;&nbsp;&nbsp;WM_BringToBottom
<LI><a href="#[323]">&gt;&gt;</a>&nbsp;&nbsp;&nbsp;WM__PaintWinAndOverlays
<LI><a href="#[315]">&gt;&gt;</a>&nbsp;&nbsp;&nbsp;WM__IsWindow
<LI><a href="#[313]">&gt;&gt;</a>&nbsp;&nbsp;&nbsp;WM__RemoveFromLinList
<LI><a href="#[311]">&gt;&gt;</a>&nbsp;&nbsp;&nbsp;WM_SelectWindow
<LI><a href="#[310]">&gt;&gt;</a>&nbsp;&nbsp;&nbsp;WM__DetachWindow
<LI><a href="#[30f]">&gt;&gt;</a>&nbsp;&nbsp;&nbsp;WM_InvalidateArea
<LI><a href="#[30e]">&gt;&gt;</a>&nbsp;&nbsp;&nbsp;WM__RemoveWindowFromList
<LI><a href="#[30d]">&gt;&gt;</a>&nbsp;&nbsp;&nbsp;WM__InsertWindowIntoList
<LI><a href="#[30c]">&gt;&gt;</a>&nbsp;&nbsp;&nbsp;WM__ActivateClipRect
<LI><a href="#[30b]">&gt;&gt;</a>&nbsp;&nbsp;&nbsp;WM__ClipAtParentBorders
<LI><a href="#[325]">&gt;&gt;</a>&nbsp;&nbsp;&nbsp;_DrawNext
<LI><a href="#[322]">&gt;&gt;</a>&nbsp;&nbsp;&nbsp;_PaintTransChildren
<LI><a href="#[321]">&gt;&gt;</a>&nbsp;&nbsp;&nbsp;_Paint1Trans
<LI><a href="#[31d]">&gt;&gt;</a>&nbsp;&nbsp;&nbsp;_FindNext_IVR
<LI><a href="#[31a]">&gt;&gt;</a>&nbsp;&nbsp;&nbsp;_Findx1
<LI><a href="#[319]">&gt;&gt;</a>&nbsp;&nbsp;&nbsp;_Findx0
<LI><a href="#[318]">&gt;&gt;</a>&nbsp;&nbsp;&nbsp;_Findy1
<LI><a href="#[316]">&gt;&gt;</a>&nbsp;&nbsp;&nbsp;_DeleteAllChildren
<LI><a href="#[309]">&gt;&gt;</a>&nbsp;&nbsp;&nbsp;_SetClipRectUserIntersect
<LI><a href="#[307]">&gt;&gt;</a>&nbsp;&nbsp;&nbsp;_Invalidate1Abs
<LI><a href="#[52]">&gt;&gt;</a>&nbsp;&nbsp;&nbsp;_cb
<LI><a href="#[2fe]">&gt;&gt;</a>&nbsp;&nbsp;&nbsp;WM__UpdateChildPositions
<LI><a href="#[2f8]">&gt;&gt;</a>&nbsp;&nbsp;&nbsp;TEXT_CreateEx
<LI><a href="#[2f5]">&gt;&gt;</a>&nbsp;&nbsp;&nbsp;WM_ClrHasTrans
<LI><a href="#[2ed]">&gt;&gt;</a>&nbsp;&nbsp;&nbsp;WIDGET__GetWindowSizeX
<LI><a href="#[2f4]">&gt;&gt;</a>&nbsp;&nbsp;&nbsp;SLIDER_SetBkColor
<LI><a href="#[2f3]">&gt;&gt;</a>&nbsp;&nbsp;&nbsp;SLIDER_SetNumTicks
<LI><a href="#[2f0]">&gt;&gt;</a>&nbsp;&nbsp;&nbsp;SLIDER_CreateEx
<LI><a href="#[2ef]">&gt;&gt;</a>&nbsp;&nbsp;&nbsp;SLIDER_Inc
<LI><a href="#[2ee]">&gt;&gt;</a>&nbsp;&nbsp;&nbsp;SLIDER_Dec
<LI><a href="#[51]">&gt;&gt;</a>&nbsp;&nbsp;&nbsp;_SLIDER_Callback
<LI><a href="#[2e5]">&gt;&gt;</a>&nbsp;&nbsp;&nbsp;SCROLLBAR_CreateEx
<LI><a href="#[2e0]">&gt;&gt;</a>&nbsp;&nbsp;&nbsp;SCROLLBAR_AddValue
<LI><a href="#[50]">&gt;&gt;</a>&nbsp;&nbsp;&nbsp;_SCROLLBAR_Callback
<LI><a href="#[2cb]">&gt;&gt;</a>&nbsp;&nbsp;&nbsp;WM_GetHasTrans
<LI><a href="#[2d4]">&gt;&gt;</a>&nbsp;&nbsp;&nbsp;RADIO_CreateEx
<LI><a href="#[2d0]">&gt;&gt;</a>&nbsp;&nbsp;&nbsp;RADIO_AddValue
<LI><a href="#[4f]">&gt;&gt;</a>&nbsp;&nbsp;&nbsp;_RADIO_Callback
<LI><a href="#[2c6]">&gt;&gt;</a>&nbsp;&nbsp;&nbsp;PROGBAR_SetMinMax
<LI><a href="#[2c5]">&gt;&gt;</a>&nbsp;&nbsp;&nbsp;PROGBAR_SetTextPos
<LI><a href="#[2c4]">&gt;&gt;</a>&nbsp;&nbsp;&nbsp;PROGBAR_SetTextAlign
<LI><a href="#[2c3]">&gt;&gt;</a>&nbsp;&nbsp;&nbsp;PROGBAR_SetText
<LI><a href="#[2c2]">&gt;&gt;</a>&nbsp;&nbsp;&nbsp;PROGBAR_SetTextColor
<LI><a href="#[2c1]">&gt;&gt;</a>&nbsp;&nbsp;&nbsp;PROGBAR_SetBarColor
<LI><a href="#[2c0]">&gt;&gt;</a>&nbsp;&nbsp;&nbsp;PROGBAR_SetFont
<LI><a href="#[2bc]">&gt;&gt;</a>&nbsp;&nbsp;&nbsp;PROGBAR_CreateEx
<LI><a href="#[2bb]">&gt;&gt;</a>&nbsp;&nbsp;&nbsp;_Paint
<LI><a href="#[4e]">&gt;&gt;</a>&nbsp;&nbsp;&nbsp;_PROGBAR_Callback
<LI><a href="#[2b9]">&gt;&gt;</a>&nbsp;&nbsp;&nbsp;_GetText
<LI><a href="#[28e]">&gt;&gt;</a>&nbsp;&nbsp;&nbsp;WM_HideWindow
<LI><a href="#[2a0]">&gt;&gt;</a>&nbsp;&nbsp;&nbsp;SCROLLBAR_GetValue
<LI><a href="#[2aa]">&gt;&gt;</a>&nbsp;&nbsp;&nbsp;GUI_ARRAY_SetItem
<LI><a href="#[2a5]">&gt;&gt;</a>&nbsp;&nbsp;&nbsp;GUI_ARRAY_DeleteItem
<LI><a href="#[2b2]">&gt;&gt;</a>&nbsp;&nbsp;&nbsp;MULTIPAGE_IsPageEnabled
<LI><a href="#[2b1]">&gt;&gt;</a>&nbsp;&nbsp;&nbsp;MULTIPAGE_GetWindow
<LI><a href="#[2b0]">&gt;&gt;</a>&nbsp;&nbsp;&nbsp;MULTIPAGE_GetSelection
<LI><a href="#[2ad]">&gt;&gt;</a>&nbsp;&nbsp;&nbsp;MULTIPAGE_SetFont
<LI><a href="#[2ac]">&gt;&gt;</a>&nbsp;&nbsp;&nbsp;MULTIPAGE_SetTextColor
<LI><a href="#[2ab]">&gt;&gt;</a>&nbsp;&nbsp;&nbsp;MULTIPAGE_SetBkColor
<LI><a href="#[2a9]">&gt;&gt;</a>&nbsp;&nbsp;&nbsp;MULTIPAGE_SetText
<LI><a href="#[2a8]">&gt;&gt;</a>&nbsp;&nbsp;&nbsp;MULTIPAGE_EnablePage
<LI><a href="#[2a6]">&gt;&gt;</a>&nbsp;&nbsp;&nbsp;MULTIPAGE_DisablePage
<LI><a href="#[2a4]">&gt;&gt;</a>&nbsp;&nbsp;&nbsp;MULTIPAGE_DeletePage
<LI><a href="#[29c]">&gt;&gt;</a>&nbsp;&nbsp;&nbsp;MULTIPAGE_SelectPage
<LI><a href="#[29f]">&gt;&gt;</a>&nbsp;&nbsp;&nbsp;_OnTouch
<LI><a href="#[4d]">&gt;&gt;</a>&nbsp;&nbsp;&nbsp;_ClientCallback
<LI><a href="#[4c]">&gt;&gt;</a>&nbsp;&nbsp;&nbsp;_Callback
<LI><a href="#[28d]">&gt;&gt;</a>&nbsp;&nbsp;&nbsp;_ShowPage
<LI><a href="#[28b]">&gt;&gt;</a>&nbsp;&nbsp;&nbsp;MULTIEDIT_GetTextSize
<LI><a href="#[28a]">&gt;&gt;</a>&nbsp;&nbsp;&nbsp;MULTIEDIT_SetMaxNumChars
<LI><a href="#[289]">&gt;&gt;</a>&nbsp;&nbsp;&nbsp;MULTIEDIT_SetBufferSize
<LI><a href="#[288]">&gt;&gt;</a>&nbsp;&nbsp;&nbsp;MULTIEDIT_SetPrompt
<LI><a href="#[287]">&gt;&gt;</a>&nbsp;&nbsp;&nbsp;MULTIEDIT_SetTextColor
<LI><a href="#[286]">&gt;&gt;</a>&nbsp;&nbsp;&nbsp;MULTIEDIT_SetCursorOffset
<LI><a href="#[285]">&gt;&gt;</a>&nbsp;&nbsp;&nbsp;MULTIEDIT_SetBkColor
<LI><a href="#[284]">&gt;&gt;</a>&nbsp;&nbsp;&nbsp;MULTIEDIT_SetFont
<LI><a href="#[283]">&gt;&gt;</a>&nbsp;&nbsp;&nbsp;MULTIEDIT_SetHBorder
<LI><a href="#[280]">&gt;&gt;</a>&nbsp;&nbsp;&nbsp;MULTIEDIT_SetPasswordMode
<LI><a href="#[279]">&gt;&gt;</a>&nbsp;&nbsp;&nbsp;MULTIEDIT_GetPrompt
<LI><a href="#[278]">&gt;&gt;</a>&nbsp;&nbsp;&nbsp;MULTIEDIT_GetText
<LI><a href="#[276]">&gt;&gt;</a>&nbsp;&nbsp;&nbsp;MULTIEDIT_CreateEx
<LI><a href="#[27e]">&gt;&gt;</a>&nbsp;&nbsp;&nbsp;_SetFlag
<LI><a href="#[25c]">&gt;&gt;</a>&nbsp;&nbsp;&nbsp;_SetScrollState
<LI><a href="#[265]">&gt;&gt;</a>&nbsp;&nbsp;&nbsp;_GetNumChars
<LI><a href="#[4b]">&gt;&gt;</a>&nbsp;&nbsp;&nbsp;_MULTIEDIT_Callback
<LI><a href="#[273]">&gt;&gt;</a>&nbsp;&nbsp;&nbsp;_AddKey
<LI><a href="#[270]">&gt;&gt;</a>&nbsp;&nbsp;&nbsp;_MULTIEDIT_Paint
<LI><a href="#[26e]">&gt;&gt;</a>&nbsp;&nbsp;&nbsp;_InsertChar
<LI><a href="#[26d]">&gt;&gt;</a>&nbsp;&nbsp;&nbsp;_DeleteChar
<LI><a href="#[26c]">&gt;&gt;</a>&nbsp;&nbsp;&nbsp;_IsSpaceInBuffer
<LI><a href="#[26b]">&gt;&gt;</a>&nbsp;&nbsp;&nbsp;_IsOverwriteAtThisChar
<LI><a href="#[269]">&gt;&gt;</a>&nbsp;&nbsp;&nbsp;_SetCursorXY
<LI><a href="#[267]">&gt;&gt;</a>&nbsp;&nbsp;&nbsp;_SetWrapMode
<LI><a href="#[264]">&gt;&gt;</a>&nbsp;&nbsp;&nbsp;_CalcNextValidCursorPos
<LI><a href="#[263]">&gt;&gt;</a>&nbsp;&nbsp;&nbsp;_ManageScrollers
<LI><a href="#[25f]">&gt;&gt;</a>&nbsp;&nbsp;&nbsp;_CalcScrollParas
<LI><a href="#[25e]">&gt;&gt;</a>&nbsp;&nbsp;&nbsp;_GetNumLines
<LI><a href="#[25d]">&gt;&gt;</a>&nbsp;&nbsp;&nbsp;_GetTextSizeX
<LI><a href="#[25a]">&gt;&gt;</a>&nbsp;&nbsp;&nbsp;_GetCursorXY
<LI><a href="#[258]">&gt;&gt;</a>&nbsp;&nbsp;&nbsp;_GetpLine
<LI><a href="#[24f]">&gt;&gt;</a>&nbsp;&nbsp;&nbsp;_GetNumCharsInPrompt
<LI><a href="#[246]">&gt;&gt;</a>&nbsp;&nbsp;&nbsp;FRAMEWIN_SetClientColor
<LI><a href="#[243]">&gt;&gt;</a>&nbsp;&nbsp;&nbsp;GUI_ARRAY_ResizeItem
<LI><a href="#[234]">&gt;&gt;</a>&nbsp;&nbsp;&nbsp;LISTVIEW_SetSel
<LI><a href="#[236]">&gt;&gt;</a>&nbsp;&nbsp;&nbsp;HEADER_SetScrollPos
<LI><a href="#[22a]">&gt;&gt;</a>&nbsp;&nbsp;&nbsp;HEADER_GetNumItems
<LI><a href="#[22b]">&gt;&gt;</a>&nbsp;&nbsp;&nbsp;HEADER_GetItemWidth
<LI><a href="#[23a]">&gt;&gt;</a>&nbsp;&nbsp;&nbsp;HEADER_CreateEx
<LI><a href="#[23c]">&gt;&gt;</a>&nbsp;&nbsp;&nbsp;HEADER_AddItem
<LI><a href="#[238]">&gt;&gt;</a>&nbsp;&nbsp;&nbsp;LISTVIEW_CreateEx
<LI><a href="#[46]">&gt;&gt;</a>&nbsp;&nbsp;&nbsp;_LISTVIEW_Callback
<LI><a href="#[22e]">&gt;&gt;</a>&nbsp;&nbsp;&nbsp;_NotifyOwner
<LI><a href="#[229]">&gt;&gt;</a>&nbsp;&nbsp;&nbsp;_Paint
<LI><a href="#[225]">&gt;&gt;</a>&nbsp;&nbsp;&nbsp;LISTBOX_SetAutoScrollH
<LI><a href="#[209]">&gt;&gt;</a>&nbsp;&nbsp;&nbsp;WM_InvalidateRect
<LI><a href="#[1f7]">&gt;&gt;</a>&nbsp;&nbsp;&nbsp;GUI_ARRAY_GetpItem
<LI><a href="#[222]">&gt;&gt;</a>&nbsp;&nbsp;&nbsp;LISTBOX_CreateEx
<LI><a href="#[220]">&gt;&gt;</a>&nbsp;&nbsp;&nbsp;LISTBOX_InvalidateItem
<LI><a href="#[210]">&gt;&gt;</a>&nbsp;&nbsp;&nbsp;LISTBOX_UpdateScrollers
<LI><a href="#[1f8]">&gt;&gt;</a>&nbsp;&nbsp;&nbsp;LISTBOX_OwnerDraw
<LI><a href="#[211]">&gt;&gt;</a>&nbsp;&nbsp;&nbsp;_ManageAutoScroll
<LI><a href="#[45]">&gt;&gt;</a>&nbsp;&nbsp;&nbsp;_LISTBOX_Callback
<LI><a href="#[219]">&gt;&gt;</a>&nbsp;&nbsp;&nbsp;_AddKey
<LI><a href="#[216]">&gt;&gt;</a>&nbsp;&nbsp;&nbsp;_MoveSel
<LI><a href="#[215]">&gt;&gt;</a>&nbsp;&nbsp;&nbsp;_ToggleMultiSel
<LI><a href="#[202]">&gt;&gt;</a>&nbsp;&nbsp;&nbsp;_NotifyOwner
<LI><a href="#[1fe]">&gt;&gt;</a>&nbsp;&nbsp;&nbsp;_GetContentsSizeX
<LI><a href="#[1f4]">&gt;&gt;</a>&nbsp;&nbsp;&nbsp;FRAMEWIN__UpdateButtons
<LI><a href="#[1e9]">&gt;&gt;</a>&nbsp;&nbsp;&nbsp;WM__IsAncestor
<LI><a href="#[1eb]">&gt;&gt;</a>&nbsp;&nbsp;&nbsp;WM_MoveChildTo
<LI><a href="#[1ef]">&gt;&gt;</a>&nbsp;&nbsp;&nbsp;FRAMEWIN_SetTextAlign
<LI><a href="#[1df]">&gt;&gt;</a>&nbsp;&nbsp;&nbsp;FRAMEWIN__CalcPositions
<LI><a href="#[44]">&gt;&gt;</a>&nbsp;&nbsp;&nbsp;FRAMEWIN__cbClient
<LI><a href="#[43]">&gt;&gt;</a>&nbsp;&nbsp;&nbsp;_FRAMEWIN_Callback
<LI><a href="#[1e2]">&gt;&gt;</a>&nbsp;&nbsp;&nbsp;_Paint
<LI><a href="#[1dc]">&gt;&gt;</a>&nbsp;&nbsp;&nbsp;_SetActive
<LI><a href="#[42]">&gt;&gt;</a>&nbsp;&nbsp;&nbsp;_UpdateBuffer
<LI><a href="#[41]">&gt;&gt;</a>&nbsp;&nbsp;&nbsp;_AddKeyHex
<LI><a href="#[3f]">&gt;&gt;</a>&nbsp;&nbsp;&nbsp;_AddKeyDec
<LI><a href="#[40]">&gt;&gt;</a>&nbsp;&nbsp;&nbsp;_UpdateBuffer
<LI><a href="#[3e]">&gt;&gt;</a>&nbsp;&nbsp;&nbsp;_UpdateBuffer
<LI><a href="#[3d]">&gt;&gt;</a>&nbsp;&nbsp;&nbsp;_AddKeyBin
<LI><a href="#[1ba]">&gt;&gt;</a>&nbsp;&nbsp;&nbsp;GUI_ALLOC_Realloc
<LI><a href="#[1ca]">&gt;&gt;</a>&nbsp;&nbsp;&nbsp;EDIT_SetMaxLen
<LI><a href="#[1c7]">&gt;&gt;</a>&nbsp;&nbsp;&nbsp;EDIT_GetText
<LI><a href="#[1c5]">&gt;&gt;</a>&nbsp;&nbsp;&nbsp;EDIT_SetTextColor
<LI><a href="#[1c4]">&gt;&gt;</a>&nbsp;&nbsp;&nbsp;EDIT_SetBkColor
<LI><a href="#[1c3]">&gt;&gt;</a>&nbsp;&nbsp;&nbsp;EDIT_SetFont
<LI><a href="#[1c2]">&gt;&gt;</a>&nbsp;&nbsp;&nbsp;EDIT_CreateEx
<LI><a href="#[1c0]">&gt;&gt;</a>&nbsp;&nbsp;&nbsp;EDIT_AddKey
<LI><a href="#[1bf]">&gt;&gt;</a>&nbsp;&nbsp;&nbsp;EDIT__GetCurrentChar
[...]
</UL>
<BR>[Calls]<UL><LI><a href="#[131]">&gt;&gt;</a>&nbsp;&nbsp;&nbsp;GUI_ALLOC_h2p
<LI><a href="#[31a]">&gt;&gt;</a>&nbsp;&nbsp;&nbsp;_Findx1
<LI><a href="#[319]">&gt;&gt;</a>&nbsp;&nbsp;&nbsp;_Findx0
<LI><a href="#[318]">&gt;&gt;</a>&nbsp;&nbsp;&nbsp;_Findy1
</UL>
<BR>[Called By]<UL><LI><a href="#[bf]">&gt;&gt;</a>&nbsp;&nbsp;&nbsp;WM__GetNextIVR
</UL>

<P><STRONG><a name="[320]"></a>_Paint1</STRONG> (Thumb, 126 bytes, Stack size 32 bytes, wm.o(.text))
<BR><BR>[Stack]<UL><LI>Max Depth = 176<LI>Call Chain = _Paint1 &rArr; WM__InitIVRSearch &rArr; WM__GetNextIVR &rArr; _FindNext_IVR &rArr; _Findx0 &rArr;  _Findx0 (Cycle)
</UL>
<BR>[Calls]<UL><LI><a href="#[be]">&gt;&gt;</a>&nbsp;&nbsp;&nbsp;WM__InitIVRSearch
<LI><a href="#[bf]">&gt;&gt;</a>&nbsp;&nbsp;&nbsp;WM__GetNextIVR
<LI><a href="#[31e]">&gt;&gt;</a>&nbsp;&nbsp;&nbsp;WM_SetDefault
<LI><a href="#[178]">&gt;&gt;</a>&nbsp;&nbsp;&nbsp;WM_SendMessage
</UL>
<BR>[Called By]<UL><LI><a href="#[323]">&gt;&gt;</a>&nbsp;&nbsp;&nbsp;WM__PaintWinAndOverlays
<LI><a href="#[321]">&gt;&gt;</a>&nbsp;&nbsp;&nbsp;_Paint1Trans
</UL>

<P><STRONG><a name="[321]"></a>_Paint1Trans</STRONG> (Thumb, 92 bytes, Stack size 32 bytes, wm.o(.text))
<BR><BR>[Stack]<UL><LI>Max Depth = 208<LI>Call Chain = _Paint1Trans &rArr; _Paint1 &rArr; WM__InitIVRSearch &rArr; WM__GetNextIVR &rArr; _FindNext_IVR &rArr; _Findx0 &rArr;  _Findx0 (Cycle)
</UL>
<BR>[Calls]<UL><LI><a href="#[131]">&gt;&gt;</a>&nbsp;&nbsp;&nbsp;GUI_ALLOC_h2p
<LI><a href="#[125]">&gt;&gt;</a>&nbsp;&nbsp;&nbsp;GUI_RectsIntersect
<LI><a href="#[df]">&gt;&gt;</a>&nbsp;&nbsp;&nbsp;GUI__IntersectRects
<LI><a href="#[320]">&gt;&gt;</a>&nbsp;&nbsp;&nbsp;_Paint1
</UL>
<BR>[Called By]<UL><LI><a href="#[323]">&gt;&gt;</a>&nbsp;&nbsp;&nbsp;WM__PaintWinAndOverlays
<LI><a href="#[322]">&gt;&gt;</a>&nbsp;&nbsp;&nbsp;_PaintTransChildren
</UL>

<P><STRONG><a name="[322]"></a>_PaintTransChildren</STRONG> (Thumb, 84 bytes, Stack size 32 bytes, wm.o(.text))
<BR><BR>[Stack]<UL><LI>Max Depth = 240 + In Cycle
<LI>Call Chain = _PaintTransChildren &rArr;  _PaintTransChildren (Cycle)
</UL>
<BR>[Calls]<UL><LI><a href="#[131]">&gt;&gt;</a>&nbsp;&nbsp;&nbsp;GUI_ALLOC_h2p
<LI><a href="#[125]">&gt;&gt;</a>&nbsp;&nbsp;&nbsp;GUI_RectsIntersect
<LI><a href="#[322]">&gt;&gt;</a>&nbsp;&nbsp;&nbsp;_PaintTransChildren
<LI><a href="#[321]">&gt;&gt;</a>&nbsp;&nbsp;&nbsp;_Paint1Trans
</UL>
<BR>[Called By]<UL><LI><a href="#[323]">&gt;&gt;</a>&nbsp;&nbsp;&nbsp;WM__PaintWinAndOverlays
<LI><a href="#[322]">&gt;&gt;</a>&nbsp;&nbsp;&nbsp;_PaintTransChildren
</UL>

<P><STRONG><a name="[53]"></a>cbBackWin</STRONG> (Thumb, 66 bytes, Stack size 8 bytes, wm.o(.text))
<BR><BR>[Stack]<UL><LI>Max Depth = 192<LI>Call Chain = cbBackWin &rArr; GUI_Clear &rArr; GUI_ClearRect &rArr; WM__InitIVRSearch &rArr; WM__GetNextIVR &rArr; _FindNext_IVR &rArr; _Findx0 &rArr;  _Findx0 (Cycle)
</UL>
<BR>[Calls]<UL><LI><a href="#[fa]">&gt;&gt;</a>&nbsp;&nbsp;&nbsp;GUI_SetBkColor
<LI><a href="#[11e]">&gt;&gt;</a>&nbsp;&nbsp;&nbsp;GUI_Clear
<LI><a href="#[158]">&gt;&gt;</a>&nbsp;&nbsp;&nbsp;WM_DefaultProc
<LI><a href="#[f7]">&gt;&gt;</a>&nbsp;&nbsp;&nbsp;GUI_StoreKey
</UL>
<BR>[Address Reference Count : 1]<UL><LI> wm.o(.text)
</UL>
<P><STRONG><a name="[325]"></a>_DrawNext</STRONG> (Thumb, 140 bytes, Stack size 112 bytes, wm.o(.text))
<BR><BR>[Stack]<UL><LI>Max Depth = 368<LI>Call Chain = _DrawNext &rArr; WM__PaintWinAndOverlays &rArr; _PaintTransChildren &rArr;  _PaintTransChildren (Cycle)
</UL>
<BR>[Calls]<UL><LI><a href="#[131]">&gt;&gt;</a>&nbsp;&nbsp;&nbsp;GUI_ALLOC_h2p
<LI><a href="#[323]">&gt;&gt;</a>&nbsp;&nbsp;&nbsp;WM__PaintWinAndOverlays
<LI><a href="#[311]">&gt;&gt;</a>&nbsp;&nbsp;&nbsp;WM_SelectWindow
<LI><a href="#[30b]">&gt;&gt;</a>&nbsp;&nbsp;&nbsp;WM__ClipAtParentBorders
<LI><a href="#[304]">&gt;&gt;</a>&nbsp;&nbsp;&nbsp;GUI_SaveContext_W
<LI><a href="#[305]">&gt;&gt;</a>&nbsp;&nbsp;&nbsp;GUI_RestoreContext
</UL>
<BR>[Called By]<UL><LI><a href="#[324]">&gt;&gt;</a>&nbsp;&nbsp;&nbsp;WM_Exec1
</UL>

<P><STRONG><a name="[54]"></a>_cbInvalidateOne</STRONG> (Thumb, 4 bytes, Stack size 0 bytes, wm_bringtotop.o(.text))
<BR><BR>[Stack]<UL><LI>Max Depth = 88<LI>Call Chain = _cbInvalidateOne &rArr; WM_InvalidateWindow &rArr; WM_InvalidateRect &rArr; WM_InvalidateArea &rArr; _Invalidate1Abs &rArr; GUI__IntersectRects
</UL>
<BR>[Calls]<UL><LI><a href="#[15f]">&gt;&gt;</a>&nbsp;&nbsp;&nbsp;WM_InvalidateWindow
</UL>
<BR>[Address Reference Count : 1]<UL><LI> wm_bringtotop.o(.text)
</UL>
<P><STRONG><a name="[32d]"></a>_GetDialogItem</STRONG> (Thumb, 60 bytes, Stack size 16 bytes, wm_getdialogitem.o(.text))
<BR><BR>[Stack]<UL><LI>Max Depth = 48 + In Cycle
<LI>Call Chain = _GetDialogItem &rArr;  _GetDialogItem (Cycle)
</UL>
<BR>[Calls]<UL><LI><a href="#[247]">&gt;&gt;</a>&nbsp;&nbsp;&nbsp;WM_GetId
<LI><a href="#[131]">&gt;&gt;</a>&nbsp;&nbsp;&nbsp;GUI_ALLOC_h2p
<LI><a href="#[32d]">&gt;&gt;</a>&nbsp;&nbsp;&nbsp;_GetDialogItem
</UL>
<BR>[Called By]<UL><LI><a href="#[20e]">&gt;&gt;</a>&nbsp;&nbsp;&nbsp;WM_GetDialogItem
<LI><a href="#[32d]">&gt;&gt;</a>&nbsp;&nbsp;&nbsp;_GetDialogItem
</UL>

<P><STRONG><a name="[332]"></a>_GetDefaultWin</STRONG> (Thumb, 10 bytes, Stack size 0 bytes, wm_getwindowsize.o(.text))
<BR><BR>[Calls]<UL><LI><a href="#[1e3]">&gt;&gt;</a>&nbsp;&nbsp;&nbsp;WM_GetActiveWindow
</UL>
<BR>[Called By]<UL><LI><a href="#[1e1]">&gt;&gt;</a>&nbsp;&nbsp;&nbsp;WM_GetWindowSizeY
<LI><a href="#[1b7]">&gt;&gt;</a>&nbsp;&nbsp;&nbsp;WM_GetWindowSizeX
</UL>

<P><STRONG><a name="[336]"></a>_MoveDescendents</STRONG> (Thumb, 72 bytes, Stack size 24 bytes, wm_move.o(.text))
<BR><BR>[Stack]<UL><LI>Max Depth = 56 + In Cycle
<LI>Call Chain = _MoveDescendents &rArr;  _MoveDescendents (Cycle)
</UL>
<BR>[Calls]<UL><LI><a href="#[131]">&gt;&gt;</a>&nbsp;&nbsp;&nbsp;GUI_ALLOC_h2p
<LI><a href="#[336]">&gt;&gt;</a>&nbsp;&nbsp;&nbsp;_MoveDescendents
<LI><a href="#[314]">&gt;&gt;</a>&nbsp;&nbsp;&nbsp;WM__SendMsgNoData
<LI><a href="#[150]">&gt;&gt;</a>&nbsp;&nbsp;&nbsp;GUI_MoveRect
</UL>
<BR>[Called By]<UL><LI><a href="#[337]">&gt;&gt;</a>&nbsp;&nbsp;&nbsp;WM__MoveWindow
<LI><a href="#[336]">&gt;&gt;</a>&nbsp;&nbsp;&nbsp;_MoveDescendents
</UL>

<P><STRONG><a name="[33e]"></a>_SetScrollbar</STRONG> (Thumb, 54 bytes, Stack size 24 bytes, wm_setscrollbar.o(.text))
<BR><BR>[Stack]<UL><LI>Max Depth = 216<LI>Call Chain = _SetScrollbar &rArr; SCROLLBAR_CreateAttached &rArr; SCROLLBAR_CreateEx &rArr; WM_CreateWindowAsChild &rArr; WM_InvalidateWindow &rArr; WM_InvalidateRect &rArr; WM_InvalidateArea &rArr; _Invalidate1Abs &rArr; GUI__IntersectRects
</UL>
<BR>[Calls]<UL><LI><a href="#[180]">&gt;&gt;</a>&nbsp;&nbsp;&nbsp;WM_DeleteWindow
<LI><a href="#[20e]">&gt;&gt;</a>&nbsp;&nbsp;&nbsp;WM_GetDialogItem
<LI><a href="#[2e8]">&gt;&gt;</a>&nbsp;&nbsp;&nbsp;SCROLLBAR_CreateAttached
<LI><a href="#[28e]">&gt;&gt;</a>&nbsp;&nbsp;&nbsp;WM_HideWindow
</UL>
<BR>[Called By]<UL><LI><a href="#[340]">&gt;&gt;</a>&nbsp;&nbsp;&nbsp;WM__SetScrollbarH
<LI><a href="#[33f]">&gt;&gt;</a>&nbsp;&nbsp;&nbsp;WM__SetScrollbarV
</UL>

<P><STRONG><a name="[34c]"></a>_Add</STRONG> (Thumb, 46 bytes, Stack size 12 bytes, gui_fillpolygon.o(.text))
<BR><BR>[Stack]<UL><LI>Max Depth = 12<LI>Call Chain = _Add
</UL>
<BR>[Called By]<UL><LI><a href="#[bb]">&gt;&gt;</a>&nbsp;&nbsp;&nbsp;GL_FillPolygon
</UL>

<P><STRONG><a name="[9c]"></a>_GetCharCode</STRONG> (Thumb, 4 bytes, Stack size 0 bytes, gui_uc_encodenone.o(.text))
<BR>[Address Reference Count : 1]<UL><LI> gui_uc_encodenone.o(.constdata)
</UL>
<P><STRONG><a name="[9d]"></a>_GetCharSize</STRONG> (Thumb, 4 bytes, Stack size 0 bytes, gui_uc_encodenone.o(.text))
<BR>[Address Reference Count : 1]<UL><LI> gui_uc_encodenone.o(.constdata)
</UL>
<P><STRONG><a name="[9e]"></a>_CalcSizeOfChar</STRONG> (Thumb, 4 bytes, Stack size 0 bytes, gui_uc_encodenone.o(.text))
<BR>[Address Reference Count : 1]<UL><LI> gui_uc_encodenone.o(.constdata)
</UL>
<P><STRONG><a name="[9f]"></a>_Encode</STRONG> (Thumb, 6 bytes, Stack size 0 bytes, gui_uc_encodenone.o(.text))
<BR>[Address Reference Count : 1]<UL><LI> gui_uc_encodenone.o(.constdata)
</UL>
<P><STRONG><a name="[355]"></a>_DispLine</STRONG> (Thumb, 70 bytes, Stack size 32 bytes, guicharline.o(.text))
<BR><BR>[Stack]<UL><LI>Max Depth = 56<LI>Call Chain = _DispLine &rArr; GUI_UC__GetCharCodeInc
</UL>
<BR>[Calls]<UL><LI><a href="#[125]">&gt;&gt;</a>&nbsp;&nbsp;&nbsp;GUI_RectsIntersect
<LI><a href="#[1b2]">&gt;&gt;</a>&nbsp;&nbsp;&nbsp;GUI_UC__GetCharCodeInc
</UL>
<BR>[Called By]<UL><LI><a href="#[db]">&gt;&gt;</a>&nbsp;&nbsp;&nbsp;GUI__DispLine
</UL>

<P><STRONG><a name="[356]"></a>GUIPROP_FindChar</STRONG> (Thumb, 22 bytes, Stack size 0 bytes, guicharp.o(.text))
<BR><BR>[Called By]<UL><LI><a href="#[8c]">&gt;&gt;</a>&nbsp;&nbsp;&nbsp;GUIPROP_IsInFont
<LI><a href="#[8a]">&gt;&gt;</a>&nbsp;&nbsp;&nbsp;GUIPROP_GetCharDistX
<LI><a href="#[89]">&gt;&gt;</a>&nbsp;&nbsp;&nbsp;GUIPROP_DispChar
</UL>

<P><STRONG><a name="[35b]"></a>_GetColorIndex</STRONG> (Thumb, 12 bytes, Stack size 0 bytes, lcd.o(.text))
<BR><BR>[Called By]<UL><LI><a href="#[35c]">&gt;&gt;</a>&nbsp;&nbsp;&nbsp;LCD_SetBkColorIndex
<LI><a href="#[35a]">&gt;&gt;</a>&nbsp;&nbsp;&nbsp;LCD_SetColorIndex
</UL>

<P><STRONG><a name="[364]"></a>_Paint</STRONG> (Thumb, 390 bytes, Stack size 48 bytes, checkbox.o(.text))
<BR><BR>[Stack]<UL><LI>Max Depth = 320<LI>Call Chain = _Paint &rArr; GUI_DispStringInRect &rArr; GUI_DispStringInRectMax &rArr; GUI__DispStringInRect &rArr; GUI__DispLine &rArr; WM__InitIVRSearch &rArr; WM__GetNextIVR &rArr; _FindNext_IVR &rArr; _Findx0 &rArr;  _Findx0 (Cycle)
</UL>
<BR>[Calls]<UL><LI><a href="#[11e]">&gt;&gt;</a>&nbsp;&nbsp;&nbsp;GUI_Clear
<LI><a href="#[187]">&gt;&gt;</a>&nbsp;&nbsp;&nbsp;WM_GetClientRect
<LI><a href="#[14d]">&gt;&gt;</a>&nbsp;&nbsp;&nbsp;GUI_SetFont
<LI><a href="#[e0]">&gt;&gt;</a>&nbsp;&nbsp;&nbsp;GUI_DispStringInRect
<LI><a href="#[131]">&gt;&gt;</a>&nbsp;&nbsp;&nbsp;GUI_ALLOC_h2p
<LI><a href="#[fd]">&gt;&gt;</a>&nbsp;&nbsp;&nbsp;LCD_SetColor
<LI><a href="#[fb]">&gt;&gt;</a>&nbsp;&nbsp;&nbsp;LCD_SetBkColor
<LI><a href="#[de]">&gt;&gt;</a>&nbsp;&nbsp;&nbsp;WM_SetUserClipRect
<LI><a href="#[cd]">&gt;&gt;</a>&nbsp;&nbsp;&nbsp;GUI_GetFontSizeY
<LI><a href="#[2fb]">&gt;&gt;</a>&nbsp;&nbsp;&nbsp;WIDGET__GetBkColor
<LI><a href="#[2cb]">&gt;&gt;</a>&nbsp;&nbsp;&nbsp;WM_GetHasTrans
<LI><a href="#[2cd]">&gt;&gt;</a>&nbsp;&nbsp;&nbsp;WIDGET__DrawFocusRect
<LI><a href="#[2cc]">&gt;&gt;</a>&nbsp;&nbsp;&nbsp;GUI_DrawBitmap
<LI><a href="#[2c7]">&gt;&gt;</a>&nbsp;&nbsp;&nbsp;WIDGET__EFFECT_DrawDownRect
<LI><a href="#[1b8]">&gt;&gt;</a>&nbsp;&nbsp;&nbsp;GUI_GetStringDistX
<LI><a href="#[14c]">&gt;&gt;</a>&nbsp;&nbsp;&nbsp;WM__IsEnabled
<LI><a href="#[151]">&gt;&gt;</a>&nbsp;&nbsp;&nbsp;GUI_SetTextMode
</UL>
<BR>[Called By]<UL><LI><a href="#[55]">&gt;&gt;</a>&nbsp;&nbsp;&nbsp;_CHECKBOX_Callback
</UL>

<P><STRONG><a name="[55]"></a>_CHECKBOX_Callback</STRONG> (Thumb, 214 bytes, Stack size 32 bytes, checkbox.o(.text))
<BR><BR>[Stack]<UL><LI>Max Depth = 352<LI>Call Chain = _CHECKBOX_Callback &rArr; _Paint &rArr; GUI_DispStringInRect &rArr; GUI_DispStringInRectMax &rArr; GUI__DispStringInRect &rArr; GUI__DispLine &rArr; WM__InitIVRSearch &rArr; WM__GetNextIVR &rArr; _FindNext_IVR &rArr; _Findx0 &rArr;  _Findx0 (Cycle)
</UL>
<BR>[Calls]<UL><LI><a href="#[15f]">&gt;&gt;</a>&nbsp;&nbsp;&nbsp;WM_InvalidateWindow
<LI><a href="#[158]">&gt;&gt;</a>&nbsp;&nbsp;&nbsp;WM_DefaultProc
<LI><a href="#[131]">&gt;&gt;</a>&nbsp;&nbsp;&nbsp;GUI_ALLOC_h2p
<LI><a href="#[f7]">&gt;&gt;</a>&nbsp;&nbsp;&nbsp;GUI_StoreKey
<LI><a href="#[2df]">&gt;&gt;</a>&nbsp;&nbsp;&nbsp;WM_SetCapture
<LI><a href="#[14c]">&gt;&gt;</a>&nbsp;&nbsp;&nbsp;WM__IsEnabled
<LI><a href="#[156]">&gt;&gt;</a>&nbsp;&nbsp;&nbsp;WM_NotifyParent
<LI><a href="#[154]">&gt;&gt;</a>&nbsp;&nbsp;&nbsp;WIDGET_HandleActive
<LI><a href="#[365]">&gt;&gt;</a>&nbsp;&nbsp;&nbsp;WM_HasCaptured
<LI><a href="#[364]">&gt;&gt;</a>&nbsp;&nbsp;&nbsp;_Paint
</UL>
<BR>[Address Reference Count : 1]<UL><LI> checkbox.o(.text)
</UL>
<P><STRONG><a name="[ac]"></a>_DrawBitmap</STRONG> (Thumb, 18 bytes, Stack size 0 bytes, gui_draw_bitmap.o(.text))
<BR><BR>[Stack]<UL><LI>Max Depth = 248<LI>Call Chain = _DrawBitmap &rArr; GUI_DrawBitmap &rArr; GL_DrawBitmap &rArr; LCD_DrawBitmap &rArr; LCD_L0_DrawBitmap &rArr; DrawBitLine1BPP &rArr; DrawPixel &rArr; BlockWrite
</UL>
<BR>[Calls]<UL><LI><a href="#[2cc]">&gt;&gt;</a>&nbsp;&nbsp;&nbsp;GUI_DrawBitmap
</UL>
<BR>[Address Reference Count : 1]<UL><LI> gui_draw_bitmap.o(.constdata)
</UL>
<P><STRONG><a name="[ad]"></a>_GetXSize</STRONG> (Thumb, 6 bytes, Stack size 0 bytes, gui_draw_bitmap.o(.text))
<BR>[Address Reference Count : 1]<UL><LI> gui_draw_bitmap.o(.constdata)
</UL>
<P><STRONG><a name="[ae]"></a>_GetYSize</STRONG> (Thumb, 6 bytes, Stack size 0 bytes, gui_draw_bitmap.o(.text))
<BR>[Address Reference Count : 1]<UL><LI> gui_draw_bitmap.o(.constdata)
</UL>
<P><STRONG><a name="[36f]"></a>_Paint</STRONG> (Thumb, 352 bytes, Stack size 48 bytes, header.o(.text))
<BR><BR>[Stack]<UL><LI>Max Depth = 320<LI>Call Chain = _Paint &rArr; GUI_DispStringInRect &rArr; GUI_DispStringInRectMax &rArr; GUI__DispStringInRect &rArr; GUI__DispLine &rArr; WM__InitIVRSearch &rArr; WM__GetNextIVR &rArr; _FindNext_IVR &rArr; _Findx0 &rArr;  _Findx0 (Cycle)
</UL>
<BR>[Calls]<UL><LI><a href="#[11e]">&gt;&gt;</a>&nbsp;&nbsp;&nbsp;GUI_Clear
<LI><a href="#[14d]">&gt;&gt;</a>&nbsp;&nbsp;&nbsp;GUI_SetFont
<LI><a href="#[e0]">&gt;&gt;</a>&nbsp;&nbsp;&nbsp;GUI_DispStringInRect
<LI><a href="#[fd]">&gt;&gt;</a>&nbsp;&nbsp;&nbsp;LCD_SetColor
<LI><a href="#[fb]">&gt;&gt;</a>&nbsp;&nbsp;&nbsp;LCD_SetBkColor
<LI><a href="#[de]">&gt;&gt;</a>&nbsp;&nbsp;&nbsp;WM_SetUserClipRect
<LI><a href="#[d6]">&gt;&gt;</a>&nbsp;&nbsp;&nbsp;GUI_GetClientRect
<LI><a href="#[1f7]">&gt;&gt;</a>&nbsp;&nbsp;&nbsp;GUI_ARRAY_GetpItem
<LI><a href="#[1fb]">&gt;&gt;</a>&nbsp;&nbsp;&nbsp;GUI_ARRAY_GetNumItems
<LI><a href="#[189]">&gt;&gt;</a>&nbsp;&nbsp;&nbsp;WIDGET__EFFECT_DrawUpRect
<LI><a href="#[14f]">&gt;&gt;</a>&nbsp;&nbsp;&nbsp;GUI_DRAW__Draw
<LI><a href="#[36e]">&gt;&gt;</a>&nbsp;&nbsp;&nbsp;GUI_DRAW__GetYSize
<LI><a href="#[36d]">&gt;&gt;</a>&nbsp;&nbsp;&nbsp;GUI_DRAW__GetXSize
</UL>
<BR>[Called By]<UL><LI><a href="#[56]">&gt;&gt;</a>&nbsp;&nbsp;&nbsp;_HEADER_Callback
</UL>

<P><STRONG><a name="[371]"></a>_HandlePID</STRONG> (Thumb, 248 bytes, Stack size 64 bytes, header.o(.text))
<BR><BR>[Stack]<UL><LI>Max Depth = 184<LI>Call Chain = _HandlePID &rArr; _RestoreOldCursor &rArr; GUI_CURSOR_Select &rArr; GUI_ALLOC_AllocZero &rArr; GUI_ALLOC_AllocNoInit &rArr; _Alloc &rArr; _CreateHole &rArr; __aeabi_memmove
</UL>
<BR>[Calls]<UL><LI><a href="#[1e1]">&gt;&gt;</a>&nbsp;&nbsp;&nbsp;WM_GetWindowSizeY
<LI><a href="#[12a]">&gt;&gt;</a>&nbsp;&nbsp;&nbsp;GUI_CURSOR_Select
<LI><a href="#[2df]">&gt;&gt;</a>&nbsp;&nbsp;&nbsp;WM_SetCapture
<LI><a href="#[22b]">&gt;&gt;</a>&nbsp;&nbsp;&nbsp;HEADER_GetItemWidth
<LI><a href="#[1f7]">&gt;&gt;</a>&nbsp;&nbsp;&nbsp;GUI_ARRAY_GetpItem
<LI><a href="#[1fb]">&gt;&gt;</a>&nbsp;&nbsp;&nbsp;GUI_ARRAY_GetNumItems
<LI><a href="#[373]">&gt;&gt;</a>&nbsp;&nbsp;&nbsp;WM_ReleaseCapture
<LI><a href="#[370]">&gt;&gt;</a>&nbsp;&nbsp;&nbsp;HEADER_SetItemWidth
<LI><a href="#[372]">&gt;&gt;</a>&nbsp;&nbsp;&nbsp;_RestoreOldCursor
</UL>
<BR>[Called By]<UL><LI><a href="#[56]">&gt;&gt;</a>&nbsp;&nbsp;&nbsp;_HEADER_Callback
</UL>

<P><STRONG><a name="[56]"></a>_HEADER_Callback</STRONG> (Thumb, 158 bytes, Stack size 24 bytes, header.o(.text))
<BR><BR>[Stack]<UL><LI>Max Depth = 344<LI>Call Chain = _HEADER_Callback &rArr; _Paint &rArr; GUI_DispStringInRect &rArr; GUI_DispStringInRectMax &rArr; GUI__DispStringInRect &rArr; GUI__DispLine &rArr; WM__InitIVRSearch &rArr; WM__GetNextIVR &rArr; _FindNext_IVR &rArr; _Findx0 &rArr;  _Findx0 (Cycle)
</UL>
<BR>[Calls]<UL><LI><a href="#[158]">&gt;&gt;</a>&nbsp;&nbsp;&nbsp;WM_DefaultProc
<LI><a href="#[131]">&gt;&gt;</a>&nbsp;&nbsp;&nbsp;GUI_ALLOC_h2p
<LI><a href="#[10f]">&gt;&gt;</a>&nbsp;&nbsp;&nbsp;GUI_ALLOC_Free
<LI><a href="#[1f7]">&gt;&gt;</a>&nbsp;&nbsp;&nbsp;GUI_ARRAY_GetpItem
<LI><a href="#[1fb]">&gt;&gt;</a>&nbsp;&nbsp;&nbsp;GUI_ARRAY_GetNumItems
<LI><a href="#[1a2]">&gt;&gt;</a>&nbsp;&nbsp;&nbsp;GUI_ARRAY_Delete
<LI><a href="#[156]">&gt;&gt;</a>&nbsp;&nbsp;&nbsp;WM_NotifyParent
<LI><a href="#[154]">&gt;&gt;</a>&nbsp;&nbsp;&nbsp;WIDGET_HandleActive
<LI><a href="#[372]">&gt;&gt;</a>&nbsp;&nbsp;&nbsp;_RestoreOldCursor
<LI><a href="#[371]">&gt;&gt;</a>&nbsp;&nbsp;&nbsp;_HandlePID
<LI><a href="#[36f]">&gt;&gt;</a>&nbsp;&nbsp;&nbsp;_Paint
</UL>
<BR>[Address Reference Count : 1]<UL><LI> header.o(.text)
</UL>
<P><STRONG><a name="[372]"></a>_RestoreOldCursor</STRONG> (Thumb, 20 bytes, Stack size 8 bytes, header.o(.text))
<BR><BR>[Stack]<UL><LI>Max Depth = 120<LI>Call Chain = _RestoreOldCursor &rArr; GUI_CURSOR_Select &rArr; GUI_ALLOC_AllocZero &rArr; GUI_ALLOC_AllocNoInit &rArr; _Alloc &rArr; _CreateHole &rArr; __aeabi_memmove
</UL>
<BR>[Calls]<UL><LI><a href="#[12a]">&gt;&gt;</a>&nbsp;&nbsp;&nbsp;GUI_CURSOR_Select
</UL>
<BR>[Called By]<UL><LI><a href="#[56]">&gt;&gt;</a>&nbsp;&nbsp;&nbsp;_HEADER_Callback
<LI><a href="#[371]">&gt;&gt;</a>&nbsp;&nbsp;&nbsp;_HandlePID
</UL>

<P><STRONG><a name="[57]"></a>_TEXT_Callback</STRONG> (Thumb, 126 bytes, Stack size 24 bytes, text.o(.text))
<BR><BR>[Stack]<UL><LI>Max Depth = 296<LI>Call Chain = _TEXT_Callback &rArr; GUI_DispStringInRect &rArr; GUI_DispStringInRectMax &rArr; GUI__DispStringInRect &rArr; GUI__DispLine &rArr; WM__InitIVRSearch &rArr; WM__GetNextIVR &rArr; _FindNext_IVR &rArr; _Findx0 &rArr;  _Findx0 (Cycle)
</UL>
<BR>[Calls]<UL><LI><a href="#[11e]">&gt;&gt;</a>&nbsp;&nbsp;&nbsp;GUI_Clear
<LI><a href="#[187]">&gt;&gt;</a>&nbsp;&nbsp;&nbsp;WM_GetClientRect
<LI><a href="#[158]">&gt;&gt;</a>&nbsp;&nbsp;&nbsp;WM_DefaultProc
<LI><a href="#[14d]">&gt;&gt;</a>&nbsp;&nbsp;&nbsp;GUI_SetFont
<LI><a href="#[e0]">&gt;&gt;</a>&nbsp;&nbsp;&nbsp;GUI_DispStringInRect
<LI><a href="#[131]">&gt;&gt;</a>&nbsp;&nbsp;&nbsp;GUI_ALLOC_h2p
<LI><a href="#[111]">&gt;&gt;</a>&nbsp;&nbsp;&nbsp;GUI_ALLOC_FreePtr
<LI><a href="#[fd]">&gt;&gt;</a>&nbsp;&nbsp;&nbsp;LCD_SetColor
<LI><a href="#[fb]">&gt;&gt;</a>&nbsp;&nbsp;&nbsp;LCD_SetBkColor
<LI><a href="#[2cb]">&gt;&gt;</a>&nbsp;&nbsp;&nbsp;WM_GetHasTrans
<LI><a href="#[154]">&gt;&gt;</a>&nbsp;&nbsp;&nbsp;WIDGET_HandleActive
<LI><a href="#[151]">&gt;&gt;</a>&nbsp;&nbsp;&nbsp;GUI_SetTextMode
</UL>
<BR>[Address Reference Count : 1]<UL><LI> text.o(.text)
</UL>
<P><STRONG><a name="[385]"></a>_Screen2hWin</STRONG> (Thumb, 76 bytes, Stack size 32 bytes, wm_screen2win.o(.text))
<BR><BR>[Stack]<UL><LI>Max Depth = 32 + In Cycle
<LI>Call Chain = _Screen2hWin &rArr;  _Screen2hWin (Cycle)
</UL>
<BR>[Calls]<UL><LI><a href="#[131]">&gt;&gt;</a>&nbsp;&nbsp;&nbsp;GUI_ALLOC_h2p
<LI><a href="#[386]">&gt;&gt;</a>&nbsp;&nbsp;&nbsp;WM__IsInWindow
<LI><a href="#[385]">&gt;&gt;</a>&nbsp;&nbsp;&nbsp;_Screen2hWin
</UL>
<BR>[Called By]<UL><LI><a href="#[2b7]">&gt;&gt;</a>&nbsp;&nbsp;&nbsp;WM_Screen2hWinEx
<LI><a href="#[387]">&gt;&gt;</a>&nbsp;&nbsp;&nbsp;WM_Screen2hWin
<LI><a href="#[385]">&gt;&gt;</a>&nbsp;&nbsp;&nbsp;_Screen2hWin
</UL>

<P><STRONG><a name="[389]"></a>WM__ReleaseCapture</STRONG> (Thumb, 28 bytes, Stack size 24 bytes, wm_setcapture.o(.text))
<BR><BR>[Stack]<UL><LI>Max Depth = 40<LI>Call Chain = WM__ReleaseCapture &rArr; WM_SendMessage
</UL>
<BR>[Calls]<UL><LI><a href="#[178]">&gt;&gt;</a>&nbsp;&nbsp;&nbsp;WM_SendMessage
</UL>
<BR>[Called By]<UL><LI><a href="#[2df]">&gt;&gt;</a>&nbsp;&nbsp;&nbsp;WM_SetCapture
</UL>

<P><STRONG><a name="[38b]"></a>_GetNextChild</STRONG> (Thumb, 38 bytes, Stack size 16 bytes, wm_setfocusonnextchild.o(.text))
<BR><BR>[Stack]<UL><LI>Max Depth = 16<LI>Call Chain = _GetNextChild
</UL>
<BR>[Calls]<UL><LI><a href="#[131]">&gt;&gt;</a>&nbsp;&nbsp;&nbsp;GUI_ALLOC_h2p
</UL>
<BR>[Called By]<UL><LI><a href="#[17d]">&gt;&gt;</a>&nbsp;&nbsp;&nbsp;WM_SetFocusOnNextChild
</UL>
<P>
<H3>
Undefined Global Symbols
</H3><HR></body></html>
