<html>
<body>
<pre>
<h1>礦ision Build Log</h1>
<h2>Project:</h2>
R:\Camera and ucGUI__T35JKS16B_RGB模式\uVision3\Camera and uc_gui_2.0.uvproj
Project File Date:  11/10/2015

<h2>Output:</h2>
Build target 'Tiky Camera with ucgui and GPS'
linking...
Program Size: Code=72270 RO-data=335638 RW-data=880 ZI-data=8944  
FromELF: creating hex file...
"..\Output\tiky.axf" - 0 Error(s), 0 Warning(s).
Load "..\\Output\\tiky.axf" 
Set JLink Project File to "R:\Camera and ucGUI__T35JKS16B_RGB模式\uVision3\JLinkSettings.ini"
* JLink Info: Device "STM32F103VE" selected (512 KB flash, 64 KB RAM).
 
JLink info:
------------
DLL: V4.80g, compiled Feb 13 2014 20:50:02
Firmware: J-Link ARM-OB STM32 compiled Aug 22 2012 19:52:04
Hardware: V7.00
S/N : 20090928 
Feature(s) : RDI,FlashDL,FlashBP,JFlash,GDBFull 
 
* JLink Info: Found SWD-DP with ID 0x1BA01477
* JLink Info: Found SWD-DP with ID 0x1BA01477
* JLink Info: Found Cortex-M3 r1p1, Little endian.
* JLink Info: FPUnit: 6 code (BP) slots and 2 literal slots
* JLink Info: TPIU fitted.
* JLink Info: ETM fitted.
ROMTableAddr = 0xE00FF003
 
Target info:
------------
Device: STM32F103VE
VTarget = 3.300V
State of Pins: 
TCK: 0, TDI: 0, TDO: 1, TMS: 0, TRES: 1, TRST: 0
Hardware-Breakpoints: 6
Software-Breakpoints: 8192
Watchpoints:          4
JTAG speed: 4000 kHz
 
Full Chip Erase Done.
Programming Done.
Application running ...
</pre>
</body>
</html>
