Component: ARM Compiler 5.06 update 6 (build 750) Tool: armlink [4d35ed]

==============================================================================

Section Cross References

    Lcd.o(i.Lcd_Write) refers to stm32f4xx_hal_gpio.o(i.HAL_GPIO_WritePin) for HAL_GPIO_WritePin
    Lcd.o(i.Lcd_Write) refers to stm32f4xx_hal_spi.o(i.HAL_SPI_Transmit) for HAL_SPI_Transmit
    Lcd.o(i.Lcd_init) refers to Lcd.o(i.Lcd_WriteDatas) for Lcd_WriteDatas
    freertos.o(i.Cmyk_ask) refers to cmsis_os.o(i.osDelay) for osDelay
    freertos.o(i.Lcd_Task) refers to cmsis_os.o(i.osDelay) for osDelay
    freertos.o(i.MX_FREERTOS_Init) refers to cmsis_os.o(i.osTimerCreate) for osTimerCreate
    freertos.o(i.MX_FREERTOS_Init) refers to memcpya.o(.text) for __aeabi_memcpy4
    freertos.o(i.MX_FREERTOS_Init) refers to cmsis_os.o(i.osThreadCreate) for osThreadCreate
    freertos.o(i.MX_FREERTOS_Init) refers to freertos.o(.constdata) for .constdata
    freertos.o(i.MX_FREERTOS_Init) refers to freertos.o(.data) for counterHandle
    freertos.o(i.vApplicationGetIdleTaskMemory) refers to freertos.o(.bss) for xIdleTaskTCBBuffer
    freertos.o(i.vApplicationGetTimerTaskMemory) refers to freertos.o(.bss) for xTimerTaskTCBBuffer
    freertos.o(.constdata) refers to freertos.o(i.Counter_Callback) for Counter_Callback
    freertos.o(.constdata) refers to freertos.o(.conststring) for .conststring
    freertos.o(.constdata) refers to freertos.o(i.Cmyk_ask) for Cmyk_ask
    freertos.o(.constdata) refers to freertos.o(i.Lcd_Task) for Lcd_Task
    gpio.o(i.MX_GPIO_Init) refers to memseta.o(.text) for __aeabi_memclr4
    gpio.o(i.MX_GPIO_Init) refers to stm32f4xx_hal_gpio.o(i.HAL_GPIO_WritePin) for HAL_GPIO_WritePin
    gpio.o(i.MX_GPIO_Init) refers to stm32f4xx_hal_gpio.o(i.HAL_GPIO_Init) for HAL_GPIO_Init
    main.o(i.HAL_TIM_PeriodElapsedCallback) refers to stm32f4xx_hal.o(i.HAL_IncTick) for HAL_IncTick
    main.o(i.SystemClock_Config) refers to memseta.o(.text) for __aeabi_memclr4
    main.o(i.SystemClock_Config) refers to stm32f4xx_hal_rcc.o(i.HAL_RCC_OscConfig) for HAL_RCC_OscConfig
    main.o(i.SystemClock_Config) refers to main.o(i.Error_Handler) for Error_Handler
    main.o(i.SystemClock_Config) refers to stm32f4xx_hal_rcc.o(i.HAL_RCC_ClockConfig) for HAL_RCC_ClockConfig
    main.o(i.main) refers to stm32f4xx_hal.o(i.HAL_Init) for HAL_Init
    main.o(i.main) refers to main.o(i.SystemClock_Config) for SystemClock_Config
    main.o(i.main) refers to gpio.o(i.MX_GPIO_Init) for MX_GPIO_Init
    main.o(i.main) refers to spi.o(i.MX_SPI1_Init) for MX_SPI1_Init
    main.o(i.main) refers to tim.o(i.MX_TIM2_Init) for MX_TIM2_Init
    main.o(i.main) refers to spi.o(i.MX_SPI3_Init) for MX_SPI3_Init
    main.o(i.main) refers to tim.o(i.MX_TIM5_Init) for MX_TIM5_Init
    main.o(i.main) refers to freertos.o(i.MX_FREERTOS_Init) for MX_FREERTOS_Init
    main.o(i.main) refers to cmsis_os.o(i.osKernelStart) for osKernelStart
    spi.o(i.HAL_SPI_MspDeInit) refers to stm32f4xx_hal_gpio.o(i.HAL_GPIO_DeInit) for HAL_GPIO_DeInit
    spi.o(i.HAL_SPI_MspInit) refers to memseta.o(.text) for __aeabi_memclr4
    spi.o(i.HAL_SPI_MspInit) refers to stm32f4xx_hal_gpio.o(i.HAL_GPIO_Init) for HAL_GPIO_Init
    spi.o(i.MX_SPI1_Init) refers to stm32f4xx_hal_spi.o(i.HAL_SPI_Init) for HAL_SPI_Init
    spi.o(i.MX_SPI1_Init) refers to main.o(i.Error_Handler) for Error_Handler
    spi.o(i.MX_SPI1_Init) refers to spi.o(.bss) for hspi1
    spi.o(i.MX_SPI3_Init) refers to stm32f4xx_hal_spi.o(i.HAL_SPI_Init) for HAL_SPI_Init
    spi.o(i.MX_SPI3_Init) refers to main.o(i.Error_Handler) for Error_Handler
    spi.o(i.MX_SPI3_Init) refers to spi.o(.bss) for hspi3
    stm32f4xx_hal_msp.o(i.HAL_MspInit) refers to stm32f4xx_hal_cortex.o(i.HAL_NVIC_SetPriority) for HAL_NVIC_SetPriority
    stm32f4xx_hal_timebase_tim.o(i.HAL_InitTick) refers to stm32f4xx_hal_cortex.o(i.HAL_NVIC_SetPriority) for HAL_NVIC_SetPriority
    stm32f4xx_hal_timebase_tim.o(i.HAL_InitTick) refers to stm32f4xx_hal_cortex.o(i.HAL_NVIC_EnableIRQ) for HAL_NVIC_EnableIRQ
    stm32f4xx_hal_timebase_tim.o(i.HAL_InitTick) refers to stm32f4xx_hal_rcc.o(i.HAL_RCC_GetClockConfig) for HAL_RCC_GetClockConfig
    stm32f4xx_hal_timebase_tim.o(i.HAL_InitTick) refers to stm32f4xx_hal_rcc.o(i.HAL_RCC_GetPCLK2Freq) for HAL_RCC_GetPCLK2Freq
    stm32f4xx_hal_timebase_tim.o(i.HAL_InitTick) refers to stm32f4xx_hal_tim.o(i.HAL_TIM_Base_Init) for HAL_TIM_Base_Init
    stm32f4xx_hal_timebase_tim.o(i.HAL_InitTick) refers to stm32f4xx_hal_tim.o(i.HAL_TIM_Base_Start_IT) for HAL_TIM_Base_Start_IT
    stm32f4xx_hal_timebase_tim.o(i.HAL_InitTick) refers to stm32f4xx_hal_timebase_tim.o(.bss) for htim1
    stm32f4xx_hal_timebase_tim.o(i.HAL_ResumeTick) refers to stm32f4xx_hal_timebase_tim.o(.bss) for htim1
    stm32f4xx_hal_timebase_tim.o(i.HAL_SuspendTick) refers to stm32f4xx_hal_timebase_tim.o(.bss) for htim1
    stm32f4xx_it.o(i.TIM1_UP_TIM10_IRQHandler) refers to stm32f4xx_hal_tim.o(i.HAL_TIM_IRQHandler) for HAL_TIM_IRQHandler
[...]
    Removing cmsis_os.o(.revsh_text), (4 bytes).
    Removing cmsis_os.o(.rrx_text), (6 bytes).
    Removing cmsis_os.o(i.inHandlerMode), (16 bytes).
    Removing cmsis_os.o(i.makeCmsisPriority), (18 bytes).
    Removing cmsis_os.o(i.osAbortDelay), (6 bytes).
    Removing cmsis_os.o(i.osDelayUntil), (6 bytes).
    Removing cmsis_os.o(i.osKernelRunning), (18 bytes).
    Removing cmsis_os.o(i.osKernelSysTick), (20 bytes).
    Removing cmsis_os.o(i.osMailAlloc), (24 bytes).
    Removing cmsis_os.o(i.osMailCAlloc), (44 bytes).
    Removing cmsis_os.o(i.osMailCreate), (122 bytes).
    Removing cmsis_os.o(i.osMailFree), (22 bytes).
    Removing cmsis_os.o(i.osMailGet), (152 bytes).
    Removing cmsis_os.o(i.osMailPut), (96 bytes).
    Removing cmsis_os.o(i.osMessageAvailableSpace), (12 bytes).
    Removing cmsis_os.o(i.osMessageCreate), (40 bytes).
    Removing cmsis_os.o(i.osMessageDelete), (24 bytes).
    Removing cmsis_os.o(i.osMessageGet), (156 bytes).
    Removing cmsis_os.o(i.osMessagePeek), (86 bytes).
    Removing cmsis_os.o(i.osMessagePut), (96 bytes).
    Removing cmsis_os.o(i.osMessageWaiting), (26 bytes).
    Removing cmsis_os.o(i.osMutexCreate), (26 bytes).
    Removing cmsis_os.o(i.osMutexDelete), (24 bytes).
    Removing cmsis_os.o(i.osMutexRelease), (80 bytes).
    Removing cmsis_os.o(i.osMutexWait), (104 bytes).
    Removing cmsis_os.o(i.osPoolAlloc), (124 bytes).
    Removing cmsis_os.o(i.osPoolCAlloc), (22 bytes).
    Removing cmsis_os.o(i.osPoolCreate), (112 bytes).
    Removing cmsis_os.o(i.osPoolFree), (74 bytes).
    Removing cmsis_os.o(i.osRecursiveMutexCreate), (6 bytes).
    Removing cmsis_os.o(i.osRecursiveMutexRelease), (6 bytes).
    Removing cmsis_os.o(i.osRecursiveMutexWait), (6 bytes).
    Removing cmsis_os.o(i.osSemaphoreCreate), (74 bytes).
    Removing cmsis_os.o(i.osSemaphoreDelete), (24 bytes).
    Removing cmsis_os.o(i.osSemaphoreGetCount), (12 bytes).
    Removing cmsis_os.o(i.osSemaphoreRelease), (80 bytes).
    Removing cmsis_os.o(i.osSemaphoreWait), (104 bytes).
    Removing cmsis_os.o(i.osSignalSet), (96 bytes).
    Removing cmsis_os.o(i.osSignalWait), (98 bytes).
    Removing cmsis_os.o(i.osSystickHandler), (16 bytes).
    Removing cmsis_os.o(i.osThreadGetId), (8 bytes).
    Removing cmsis_os.o(i.osThreadGetPriority), (38 bytes).
    Removing cmsis_os.o(i.osThreadList), (6 bytes).
    Removing cmsis_os.o(i.osThreadResume), (52 bytes).
    Removing cmsis_os.o(i.osThreadResumeAll), (18 bytes).
    Removing cmsis_os.o(i.osThreadSetPriority), (26 bytes).
    Removing cmsis_os.o(i.osThreadSuspend), (14 bytes).
    Removing cmsis_os.o(i.osThreadSuspendAll), (10 bytes).
    Removing cmsis_os.o(i.osThreadTerminate), (14 bytes).
    Removing cmsis_os.o(i.osThreadYield), (24 bytes).
    Removing cmsis_os.o(i.osTimerDelete), (44 bytes).
    Removing cmsis_os.o(i.osTimerStart), (104 bytes).
    Removing cmsis_os.o(i.osTimerStop), (92 bytes).
    Removing event_groups.o(i.prvTestWaitCondition), (30 bytes).
    Removing event_groups.o(i.vEventGroupClearBitsCallback), (16 bytes).
    Removing event_groups.o(i.vEventGroupDelete), (86 bytes).
    Removing event_groups.o(i.vEventGroupSetBitsCallback), (16 bytes).
    Removing event_groups.o(i.xEventGroupClearBits), (92 bytes).
    Removing event_groups.o(i.xEventGroupCreate), (30 bytes).
    Removing event_groups.o(i.xEventGroupCreateStatic), (90 bytes).
    Removing event_groups.o(i.xEventGroupGetBitsFromISR), (44 bytes).
    Removing event_groups.o(i.xEventGroupSetBits), (206 bytes).
    Removing event_groups.o(i.xEventGroupSync), (272 bytes).
    Removing event_groups.o(i.xEventGroupWaitBits), (344 bytes).
    Removing heap_4.o(i.vPortGetHeapStats), (128 bytes).
    Removing heap_4.o(i.vPortInitialiseBlocks), (2 bytes).
    Removing heap_4.o(i.xPortGetFreeHeapSize), (12 bytes).
    Removing heap_4.o(i.xPortGetMinimumEverFreeHeapSize), (12 bytes).
    Removing port.o(i.vPortEndScheduler), (48 bytes).
    Removing queue.o(i.pcQueueGetName), (44 bytes).
    Removing queue.o(i.prvGetDisinheritPriorityAfterTimeout), (20 bytes).
    Removing queue.o(i.prvInitialiseMutex), (30 bytes).
    Removing queue.o(i.uxQueueMessagesWaiting), (42 bytes).
    Removing queue.o(i.uxQueueMessagesWaitingFromISR), (34 bytes).
    Removing queue.o(i.uxQueueSpacesAvailable), (48 bytes).
    Removing queue.o(i.vQueueDelete), (50 bytes).
    Removing queue.o(i.vQueueUnregisterQueue), (48 bytes).
    Removing queue.o(i.xQueueCreateMutex), (34 bytes).
    Removing queue.o(i.xQueueCreateMutexStatic), (42 bytes).
    Removing queue.o(i.xQueueGenericCreate), (90 bytes).
    Removing queue.o(i.xQueueGiveFromISR), (224 bytes).
    Removing queue.o(i.xQueueIsQueueEmptyFromISR), (42 bytes).
    Removing queue.o(i.xQueueIsQueueFullFromISR), (46 bytes).
    Removing queue.o(i.xQueuePeek), (368 bytes).
    Removing queue.o(i.xQueuePeekFromISR), (176 bytes).
    Removing queue.o(i.xQueueReceiveFromISR), (202 bytes).
    Removing queue.o(i.xQueueSemaphoreTake), (440 bytes).
    Removing stream_buffer.o(i.prvBytesInBuffer), (24 bytes).
    Removing stream_buffer.o(i.prvInitialiseNewStreamBuffer), (86 bytes).
    Removing stream_buffer.o(i.prvReadBytesFromBuffer), (202 bytes).
    Removing stream_buffer.o(i.prvReadMessageFromBuffer), (72 bytes).
    Removing stream_buffer.o(i.prvWriteBytesToBuffer), (186 bytes).
    Removing stream_buffer.o(i.prvWriteMessageToBuffer), (92 bytes).
    Removing stream_buffer.o(i.vStreamBufferDelete), (56 bytes).
    Removing stream_buffer.o(i.xStreamBufferBytesAvailable), (42 bytes).
    Removing stream_buffer.o(i.xStreamBufferGenericCreate), (160 bytes).
    Removing stream_buffer.o(i.xStreamBufferGenericCreateStatic), (238 bytes).
    Removing stream_buffer.o(i.xStreamBufferIsEmpty), (46 bytes).
    Removing stream_buffer.o(i.xStreamBufferIsFull), (64 bytes).
    Removing stream_buffer.o(i.xStreamBufferNextMessageLengthBytes), (120 bytes).
    Removing stream_buffer.o(i.xStreamBufferReceive), (254 bytes).
    Removing stream_buffer.o(i.xStreamBufferReceiveCompletedFromISR), (102 bytes).
    Removing stream_buffer.o(i.xStreamBufferReceiveFromISR), (184 bytes).
    Removing stream_buffer.o(i.xStreamBufferReset), (70 bytes).
    Removing stream_buffer.o(i.xStreamBufferSend), (312 bytes).
    Removing stream_buffer.o(i.xStreamBufferSendCompletedFromISR), (102 bytes).
    Removing stream_buffer.o(i.xStreamBufferSendFromISR), (184 bytes).
    Removing stream_buffer.o(i.xStreamBufferSetTriggerLevel), (50 bytes).
    Removing stream_buffer.o(i.xStreamBufferSpacesAvailable), (54 bytes).
    Removing tasks.o(i.pcTaskGetName), (48 bytes).
    Removing tasks.o(i.prvTaskIsTaskSuspended), (88 bytes).
    Removing tasks.o(i.pvTaskIncrementMutexHeldCount), (32 bytes).
    Removing tasks.o(i.ulTaskNotifyTake), (116 bytes).
    Removing tasks.o(i.ulTaskNotifyValueClear), (52 bytes).
    Removing tasks.o(i.uxTaskGetNumberOfTasks), (12 bytes).
    Removing tasks.o(i.uxTaskPriorityGet), (36 bytes).
    Removing tasks.o(i.uxTaskPriorityGetFromISR), (68 bytes).
    Removing tasks.o(i.uxTaskResetEventItemValue), (28 bytes).
    Removing tasks.o(i.vTaskDelete), (244 bytes).
    Removing tasks.o(i.vTaskEndScheduler), (36 bytes).
    Removing tasks.o(i.vTaskNotifyGiveFromISR), (240 bytes).
    Removing tasks.o(i.vTaskPlaceOnUnorderedEventList), (108 bytes).
    Removing tasks.o(i.vTaskPriorityDisinheritAfterTimeout), (228 bytes).
    Removing tasks.o(i.vTaskPrioritySet), (276 bytes).
    Removing tasks.o(i.vTaskRemoveFromUnorderedEventList), (164 bytes).
    Removing tasks.o(i.vTaskResume), (144 bytes).
    Removing tasks.o(i.vTaskSetTimeOutState), (60 bytes).
    Removing tasks.o(i.vTaskSuspend), (244 bytes).
    Removing tasks.o(i.xTaskCatchUpTicks), (76 bytes).
    Removing tasks.o(i.xTaskGenericNotify), (296 bytes).
    Removing tasks.o(i.xTaskGenericNotifyFromISR), (360 bytes).
    Removing tasks.o(i.xTaskGetCurrentTaskHandle), (12 bytes).
    Removing tasks.o(i.xTaskGetTickCountFromISR), (20 bytes).
    Removing tasks.o(i.xTaskNotifyStateClear), (52 bytes).
    Removing tasks.o(i.xTaskNotifyWait), (160 bytes).
    Removing tasks.o(i.xTaskPriorityInherit), (184 bytes).
    Removing tasks.o(i.xTaskResumeFromISR), (180 bytes).
    Removing timers.o(i.pcTimerGetName), (32 bytes).
    Removing timers.o(i.pvTimerGetTimerID), (44 bytes).
    Removing timers.o(i.uxTimerGetReloadMode), (58 bytes).
    Removing timers.o(i.vTimerSetReloadMode), (70 bytes).
    Removing timers.o(i.vTimerSetTimerID), (44 bytes).
    Removing timers.o(i.xTimerGetExpiryTime), (34 bytes).
    Removing timers.o(i.xTimerGetPeriod), (32 bytes).
    Removing timers.o(i.xTimerGetTimerDaemonTaskHandle), (48 bytes).
    Removing timers.o(i.xTimerIsTimerActive), (58 bytes).
    Removing startup_stm32f411xe.o(HEAP), (512 bytes).

590 unused section(s) (total 53846 bytes) removed from the image.

==============================================================================

Image Symbol Table

    Local Symbols

    Symbol Name                              Value     Ov Type        Size  Object(Section)

    ../clib/microlib/division.c              0x00000000   Number         0  uldiv.o ABSOLUTE
    ../clib/microlib/init/entry.s            0x00000000   Number         0  entry11a.o ABSOLUTE
    ../clib/microlib/init/entry.s            0x00000000   Number         0  entry5.o ABSOLUTE
    ../clib/microlib/init/entry.s            0x00000000   Number         0  entry9b.o ABSOLUTE
    ../clib/microlib/init/entry.s            0x00000000   Number         0  entry8a.o ABSOLUTE
    ../clib/microlib/init/entry.s            0x00000000   Number         0  entry7a.o ABSOLUTE
    ../clib/microlib/init/entry.s            0x00000000   Number         0  entry10a.o ABSOLUTE
    ../clib/microlib/init/entry.s            0x00000000   Number         0  entry11b.o ABSOLUTE
    ../clib/microlib/init/entry.s            0x00000000   Number         0  entry7b.o ABSOLUTE
    ../clib/microlib/init/entry.s            0x00000000   Number         0  entry10b.o ABSOLUTE
    ../clib/microlib/init/entry.s            0x00000000   Number         0  entry8b.o ABSOLUTE
    ../clib/microlib/init/entry.s            0x00000000   Number         0  entry2.o ABSOLUTE
    ../clib/microlib/init/entry.s            0x00000000   Number         0  entry9a.o ABSOLUTE
    ../clib/microlib/init/entry.s            0x00000000   Number         0  entry.o ABSOLUTE
    ../clib/microlib/longlong.c              0x00000000   Number         0  llshl.o ABSOLUTE
    ../clib/microlib/longlong.c              0x00000000   Number         0  llushr.o ABSOLUTE
    ../clib/microlib/string/memcpy.c         0x00000000   Number         0  memcpyb.o ABSOLUTE
    ../clib/microlib/string/memcpy.c         0x00000000   Number         0  memcpya.o ABSOLUTE
    ../clib/microlib/string/memset.c         0x00000000   Number         0  memseta.o ABSOLUTE
    ../clib/microlib/string/memset.c         0x00000000   Number         0  memset.o ABSOLUTE
    .\..\Core\Src\Ec11.c                     0x00000000   Number         0  Ec11.o ABSOLUTE
    .\..\Core\Src\Lcd.c                      0x00000000   Number         0  Lcd.o ABSOLUTE
    .\..\Core\Src\freertos.c                 0x00000000   Number         0  freertos.o ABSOLUTE
    .\..\Core\Src\gpio.c                     0x00000000   Number         0  gpio.o ABSOLUTE
    .\..\Core\Src\main.c                     0x00000000   Number         0  main.o ABSOLUTE
    .\..\Core\Src\spi.c                      0x00000000   Number         0  spi.o ABSOLUTE
    .\..\Core\Src\stm32f4xx_hal_msp.c        0x00000000   Number         0  stm32f4xx_hal_msp.o ABSOLUTE
    .\..\Core\Src\stm32f4xx_hal_timebase_tim.c 0x00000000   Number         0  stm32f4xx_hal_timebase_tim.o ABSOLUTE
    .\..\Core\Src\stm32f4xx_it.c             0x00000000   Number         0  stm32f4xx_it.o ABSOLUTE
    .\..\Core\Src\system_stm32f4xx.c         0x00000000   Number         0  system_stm32f4xx.o ABSOLUTE
    .\..\Core\Src\tim.c                      0x00000000   Number         0  tim.o ABSOLUTE
    .\..\Drivers\STM32F4xx_HAL_Driver\Src\stm32f4xx_hal.c 0x00000000   Number         0  stm32f4xx_hal.o ABSOLUTE
    .\..\Drivers\STM32F4xx_HAL_Driver\Src\stm32f4xx_hal_cortex.c 0x00000000   Number         0  stm32f4xx_hal_cortex.o ABSOLUTE
    .\..\Drivers\STM32F4xx_HAL_Driver\Src\stm32f4xx_hal_dma.c 0x00000000   Number         0  stm32f4xx_hal_dma.o ABSOLUTE
    .\..\Drivers\STM32F4xx_HAL_Driver\Src\stm32f4xx_hal_dma_ex.c 0x00000000   Number         0  stm32f4xx_hal_dma_ex.o ABSOLUTE
    .\..\Drivers\STM32F4xx_HAL_Driver\Src\stm32f4xx_hal_exti.c 0x00000000   Number         0  stm32f4xx_hal_exti.o ABSOLUTE
    .\..\Drivers\STM32F4xx_HAL_Driver\Src\stm32f4xx_hal_flash.c 0x00000000   Number         0  stm32f4xx_hal_flash.o ABSOLUTE
    .\..\Drivers\STM32F4xx_HAL_Driver\Src\stm32f4xx_hal_flash_ex.c 0x00000000   Number         0  stm32f4xx_hal_flash_ex.o ABSOLUTE
    .\..\Drivers\STM32F4xx_HAL_Driver\Src\stm32f4xx_hal_flash_ramfunc.c 0x00000000   Number         0  stm32f4xx_hal_flash_ramfunc.o ABSOLUTE
    .\..\Drivers\STM32F4xx_HAL_Driver\Src\stm32f4xx_hal_gpio.c 0x00000000   Number         0  stm32f4xx_hal_gpio.o ABSOLUTE
    .\..\Drivers\STM32F4xx_HAL_Driver\Src\stm32f4xx_hal_pwr.c 0x00000000   Number         0  stm32f4xx_hal_pwr.o ABSOLUTE
    .\..\Drivers\STM32F4xx_HAL_Driver\Src\stm32f4xx_hal_pwr_ex.c 0x00000000   Number         0  stm32f4xx_hal_pwr_ex.o ABSOLUTE
    .\..\Drivers\STM32F4xx_HAL_Driver\Src\stm32f4xx_hal_rcc.c 0x00000000   Number         0  stm32f4xx_hal_rcc.o ABSOLUTE
    .\..\Drivers\STM32F4xx_HAL_Driver\Src\stm32f4xx_hal_rcc_ex.c 0x00000000   Number         0  stm32f4xx_hal_rcc_ex.o ABSOLUTE
    .\..\Drivers\STM32F4xx_HAL_Driver\Src\stm32f4xx_hal_spi.c 0x00000000   Number         0  stm32f4xx_hal_spi.o ABSOLUTE
    .\..\Drivers\STM32F4xx_HAL_Driver\Src\stm32f4xx_hal_tim.c 0x00000000   Number         0  stm32f4xx_hal_tim.o ABSOLUTE
    .\..\Drivers\STM32F4xx_HAL_Driver\Src\stm32f4xx_hal_tim_ex.c 0x00000000   Number         0  stm32f4xx_hal_tim_ex.o ABSOLUTE
    .\..\Middlewares\Third_Party\FreeRTOS\Source\CMSIS_RTOS\cmsis_os.c 0x00000000   Number         0  cmsis_os.o ABSOLUTE
    .\..\Middlewares\Third_Party\FreeRTOS\Source\croutine.c 0x00000000   Number         0  croutine.o ABSOLUTE
    .\..\Middlewares\Third_Party\FreeRTOS\Source\event_groups.c 0x00000000   Number         0  event_groups.o ABSOLUTE
    .\..\Middlewares\Third_Party\FreeRTOS\Source\list.c 0x00000000   Number         0  list.o ABSOLUTE
    .\..\Middlewares\Third_Party\FreeRTOS\Source\portable\MemMang\heap_4.c 0x00000000   Number         0  heap_4.o ABSOLUTE
    .\..\Middlewares\Third_Party\FreeRTOS\Source\portable\RVDS\ARM_CM4F\port.c 0x00000000   Number         0  port.o ABSOLUTE
    .\..\Middlewares\Third_Party\FreeRTOS\Source\queue.c 0x00000000   Number         0  queue.o ABSOLUTE
    .\..\Middlewares\Third_Party\FreeRTOS\Source\stream_buffer.c 0x00000000   Number         0  stream_buffer.o ABSOLUTE
    .\..\Middlewares\Third_Party\FreeRTOS\Source\tasks.c 0x00000000   Number         0  tasks.o ABSOLUTE
    .\..\Middlewares\Third_Party\FreeRTOS\Source\timers.c 0x00000000   Number         0  timers.o ABSOLUTE
    .\\..\\Core\\Src\\Lcd.c                  0x00000000   Number         0  Lcd.o ABSOLUTE
    .\\..\\Core\\Src\\freertos.c             0x00000000   Number         0  freertos.o ABSOLUTE
    .\\..\\Core\\Src\\gpio.c                 0x00000000   Number         0  gpio.o ABSOLUTE
    .\\..\\Core\\Src\\main.c                 0x00000000   Number         0  main.o ABSOLUTE
    .\\..\\Core\\Src\\spi.c                  0x00000000   Number         0  spi.o ABSOLUTE
    .\\..\\Core\\Src\\stm32f4xx_hal_msp.c    0x00000000   Number         0  stm32f4xx_hal_msp.o ABSOLUTE
    .\\..\\Core\\Src\\stm32f4xx_hal_timebase_tim.c 0x00000000   Number         0  stm32f4xx_hal_timebase_tim.o ABSOLUTE
    .\\..\\Core\\Src\\stm32f4xx_it.c         0x00000000   Number         0  stm32f4xx_it.o ABSOLUTE
    .\\..\\Core\\Src\\system_stm32f4xx.c     0x00000000   Number         0  system_stm32f4xx.o ABSOLUTE
    .\\..\\Core\\Src\\tim.c                  0x00000000   Number         0  tim.o ABSOLUTE
    .\\..\\Drivers\\STM32F4xx_HAL_Driver\\Src\\stm32f4xx_hal.c 0x00000000   Number         0  stm32f4xx_hal.o ABSOLUTE
    .\\..\\Drivers\\STM32F4xx_HAL_Driver\\Src\\stm32f4xx_hal_cortex.c 0x00000000   Number         0  stm32f4xx_hal_cortex.o ABSOLUTE
    .\\..\\Drivers\\STM32F4xx_HAL_Driver\\Src\\stm32f4xx_hal_dma.c 0x00000000   Number         0  stm32f4xx_hal_dma.o ABSOLUTE
    .\\..\\Drivers\\STM32F4xx_HAL_Driver\\Src\\stm32f4xx_hal_dma_ex.c 0x00000000   Number         0  stm32f4xx_hal_dma_ex.o ABSOLUTE
    .\\..\\Drivers\\STM32F4xx_HAL_Driver\\Src\\stm32f4xx_hal_exti.c 0x00000000   Number         0  stm32f4xx_hal_exti.o ABSOLUTE
    .\\..\\Drivers\\STM32F4xx_HAL_Driver\\Src\\stm32f4xx_hal_flash.c 0x00000000   Number         0  stm32f4xx_hal_flash.o ABSOLUTE
    .\\..\\Drivers\\STM32F4xx_HAL_Driver\\Src\\stm32f4xx_hal_flash_ex.c 0x00000000   Number         0  stm32f4xx_hal_flash_ex.o ABSOLUTE
    .\\..\\Drivers\\STM32F4xx_HAL_Driver\\Src\\stm32f4xx_hal_flash_ramfunc.c 0x00000000   Number         0  stm32f4xx_hal_flash_ramfunc.o ABSOLUTE
    .\\..\\Drivers\\STM32F4xx_HAL_Driver\\Src\\stm32f4xx_hal_gpio.c 0x00000000   Number         0  stm32f4xx_hal_gpio.o ABSOLUTE
    .\\..\\Drivers\\STM32F4xx_HAL_Driver\\Src\\stm32f4xx_hal_pwr.c 0x00000000   Number         0  stm32f4xx_hal_pwr.o ABSOLUTE
    .\\..\\Drivers\\STM32F4xx_HAL_Driver\\Src\\stm32f4xx_hal_pwr_ex.c 0x00000000   Number         0  stm32f4xx_hal_pwr_ex.o ABSOLUTE
    .\\..\\Drivers\\STM32F4xx_HAL_Driver\\Src\\stm32f4xx_hal_rcc.c 0x00000000   Number         0  stm32f4xx_hal_rcc.o ABSOLUTE
    .\\..\\Drivers\\STM32F4xx_HAL_Driver\\Src\\stm32f4xx_hal_rcc_ex.c 0x00000000   Number         0  stm32f4xx_hal_rcc_ex.o ABSOLUTE
    .\\..\\Drivers\\STM32F4xx_HAL_Driver\\Src\\stm32f4xx_hal_spi.c 0x00000000   Number         0  stm32f4xx_hal_spi.o ABSOLUTE
    .\\..\\Drivers\\STM32F4xx_HAL_Driver\\Src\\stm32f4xx_hal_tim.c 0x00000000   Number         0  stm32f4xx_hal_tim.o ABSOLUTE
    .\\..\\Drivers\\STM32F4xx_HAL_Driver\\Src\\stm32f4xx_hal_tim_ex.c 0x00000000   Number         0  stm32f4xx_hal_tim_ex.o ABSOLUTE
    .\\..\\Middlewares\\Third_Party\\FreeRTOS\\Source\\CMSIS_RTOS\\cmsis_os.c 0x00000000   Number         0  cmsis_os.o ABSOLUTE
    .\\..\\Middlewares\\Third_Party\\FreeRTOS\\Source\\portable\\RVDS\\ARM_CM4F\\port.c 0x00000000   Number         0  port.o ABSOLUTE
    .\startup_stm32f411xe.s                  0x00000000   Number         0  startup_stm32f411xe.o ABSOLUTE
    dc.s                                     0x00000000   Number         0  dc.o ABSOLUTE
    handlers.s                               0x00000000   Number         0  handlers.o ABSOLUTE
    init.s                                   0x00000000   Number         0  init.o ABSOLUTE
    RESET                                    0x08000000   Section      408  startup_stm32f411xe.o(RESET)
    .ARM.Collect$$$$00000000                 0x08000198   Section        0  entry.o(.ARM.Collect$$$$00000000)
    .ARM.Collect$$$$00000001                 0x08000198   Section        4  entry2.o(.ARM.Collect$$$$00000001)
    .ARM.Collect$$$$00000004                 0x0800019c   Section        4  entry5.o(.ARM.Collect$$$$00000004)
    .ARM.Collect$$$$00000008                 0x080001a0   Section        0  entry7b.o(.ARM.Collect$$$$00000008)
    .ARM.Collect$$$$0000000A                 0x080001a0   Section        0  entry8b.o(.ARM.Collect$$$$0000000A)
    .ARM.Collect$$$$0000000B                 0x080001a0   Section        8  entry9a.o(.ARM.Collect$$$$0000000B)
    .ARM.Collect$$$$0000000D                 0x080001a8   Section        0  entry10a.o(.ARM.Collect$$$$0000000D)
    .ARM.Collect$$$$0000000F                 0x080001a8   Section        0  entry11a.o(.ARM.Collect$$$$0000000F)
    .ARM.Collect$$$$00002712                 0x080001a8   Section        4  entry2.o(.ARM.Collect$$$$00002712)
    __lit__00000000                          0x080001a8   Data           4  entry2.o(.ARM.Collect$$$$00002712)
    .emb_text                                0x080001ac   Section      190  port.o(.emb_text)
    $v0                                      0x080001ac   Number         0  port.o(.emb_text)
    .text                                    0x0800026c   Section       36  startup_stm32f411xe.o(.text)
    $v0                                      0x0800026c   Number         0  startup_stm32f411xe.o(.text)
    .text                                    0x08000290   Section        0  uldiv.o(.text)
    .text                                    0x080002f2   Section        0  memcpya.o(.text)
    .text                                    0x08000316   Section        0  memseta.o(.text)
    .text                                    0x0800033a   Section        0  llshl.o(.text)
    .text                                    0x08000358   Section        0  llushr.o(.text)
    .text                                    0x08000378   Section       36  init.o(.text)
    i.BusFault_Handler                       0x0800039c   Section        0  stm32f4xx_it.o(i.BusFault_Handler)
    i.Cmyk_ask                               0x080003a0   Section        0  freertos.o(i.Cmyk_ask)
    i.Counter_Callback                       0x080003aa   Section        0  freertos.o(i.Counter_Callback)
    i.DebugMon_Handler                       0x080003ac   Section        0  stm32f4xx_it.o(i.DebugMon_Handler)
    i.Error_Handler                          0x080003ae   Section        0  main.o(i.Error_Handler)
    i.HAL_GPIO_Init                          0x080003b4   Section        0  stm32f4xx_hal_gpio.o(i.HAL_GPIO_Init)
    i.HAL_GPIO_WritePin                      0x0800057c   Section        0  stm32f4xx_hal_gpio.o(i.HAL_GPIO_WritePin)
    i.HAL_GetTick                            0x08000588   Section        0  stm32f4xx_hal.o(i.HAL_GetTick)
    i.HAL_IncTick                            0x08000594   Section        0  stm32f4xx_hal.o(i.HAL_IncTick)
    i.HAL_Init                               0x080005ac   Section        0  stm32f4xx_hal.o(i.HAL_Init)
    i.HAL_InitTick                           0x080005e8   Section        0  stm32f4xx_hal_timebase_tim.o(i.HAL_InitTick)
    i.HAL_MspInit                            0x08000674   Section        0  stm32f4xx_hal_msp.o(i.HAL_MspInit)
    i.HAL_NVIC_EnableIRQ                     0x080006c8   Section        0  stm32f4xx_hal_cortex.o(i.HAL_NVIC_EnableIRQ)
    i.HAL_NVIC_SetPriority                   0x080006e8   Section        0  stm32f4xx_hal_cortex.o(i.HAL_NVIC_SetPriority)
    i.HAL_NVIC_SetPriorityGrouping           0x08000764   Section        0  stm32f4xx_hal_cortex.o(i.HAL_NVIC_SetPriorityGrouping)
    i.HAL_RCC_ClockConfig                    0x0800078c   Section        0  stm32f4xx_hal_rcc.o(i.HAL_RCC_ClockConfig)
    i.HAL_RCC_GetClockConfig                 0x08000910   Section        0  stm32f4xx_hal_rcc.o(i.HAL_RCC_GetClockConfig)
    i.HAL_RCC_GetHCLKFreq                    0x08000954   Section        0  stm32f4xx_hal_rcc.o(i.HAL_RCC_GetHCLKFreq)
    i.HAL_RCC_GetPCLK2Freq                   0x08000960   Section        0  stm32f4xx_hal_rcc.o(i.HAL_RCC_GetPCLK2Freq)
    i.HAL_RCC_GetSysClockFreq                0x08000980   Section        0  stm32f4xx_hal_rcc.o(i.HAL_RCC_GetSysClockFreq)
    i.HAL_RCC_OscConfig                      0x08000a30   Section        0  stm32f4xx_hal_rcc.o(i.HAL_RCC_OscConfig)
    i.HAL_SPI_Init                           0x08000ecc   Section        0  stm32f4xx_hal_spi.o(i.HAL_SPI_Init)
    i.HAL_SPI_MspInit                        0x08000f94   Section        0  spi.o(i.HAL_SPI_MspInit)
    i.HAL_TIMEx_BreakCallback                0x080010cc   Section        0  stm32f4xx_hal_tim_ex.o(i.HAL_TIMEx_BreakCallback)
    i.HAL_TIMEx_CommutCallback               0x080010ce   Section        0  stm32f4xx_hal_tim_ex.o(i.HAL_TIMEx_CommutCallback)
    i.HAL_TIMEx_MasterConfigSynchronization  0x080010d0   Section        0  stm32f4xx_hal_tim_ex.o(i.HAL_TIMEx_MasterConfigSynchronization)
    i.HAL_TIM_Base_Init                      0x0800116c   Section        0  stm32f4xx_hal_tim.o(i.HAL_TIM_Base_Init)
    i.HAL_TIM_Base_MspInit                   0x080011d4   Section        0  tim.o(i.HAL_TIM_Base_MspInit)
    i.HAL_TIM_Base_Start_IT                  0x08001208   Section        0  stm32f4xx_hal_tim.o(i.HAL_TIM_Base_Start_IT)
    i.HAL_TIM_ConfigClockSource              0x08001298   Section        0  stm32f4xx_hal_tim.o(i.HAL_TIM_ConfigClockSource)
    i.HAL_TIM_IC_CaptureCallback             0x080013a4   Section        0  stm32f4xx_hal_tim.o(i.HAL_TIM_IC_CaptureCallback)
    i.HAL_TIM_IRQHandler                     0x080013a6   Section        0  stm32f4xx_hal_tim.o(i.HAL_TIM_IRQHandler)
    i.HAL_TIM_MspPostInit                    0x0800153c   Section        0  tim.o(i.HAL_TIM_MspPostInit)
    i.HAL_TIM_OC_DelayElapsedCallback        0x080015e0   Section        0  stm32f4xx_hal_tim.o(i.HAL_TIM_OC_DelayElapsedCallback)
    i.HAL_TIM_PWM_ConfigChannel              0x080015e2   Section        0  stm32f4xx_hal_tim.o(i.HAL_TIM_PWM_ConfigChannel)
    i.HAL_TIM_PWM_Init                       0x080016e6   Section        0  stm32f4xx_hal_tim.o(i.HAL_TIM_PWM_Init)
    i.HAL_TIM_PWM_MspInit                    0x0800174c   Section        0  tim.o(i.HAL_TIM_PWM_MspInit)
    i.HAL_TIM_PWM_PulseFinishedCallback      0x0800177c   Section        0  stm32f4xx_hal_tim.o(i.HAL_TIM_PWM_PulseFinishedCallback)
    i.HAL_TIM_PeriodElapsedCallback          0x08001780   Section        0  main.o(i.HAL_TIM_PeriodElapsedCallback)
    i.HAL_TIM_TriggerCallback                0x08001798   Section        0  stm32f4xx_hal_tim.o(i.HAL_TIM_TriggerCallback)
    i.HardFault_Handler                      0x0800179a   Section        0  stm32f4xx_it.o(i.HardFault_Handler)
    i.Lcd_Task                               0x0800179e   Section        0  freertos.o(i.Lcd_Task)
    i.MX_FREERTOS_Init                       0x080017a8   Section        0  freertos.o(i.MX_FREERTOS_Init)
    i.MX_GPIO_Init                           0x08001808   Section        0  gpio.o(i.MX_GPIO_Init)
    i.MX_SPI1_Init                           0x08001944   Section        0  spi.o(i.MX_SPI1_Init)
    i.MX_SPI3_Init                           0x0800198c   Section        0  spi.o(i.MX_SPI3_Init)
    i.MX_TIM2_Init                           0x080019d0   Section        0  tim.o(i.MX_TIM2_Init)
    i.MX_TIM5_Init                           0x08001a58   Section        0  tim.o(i.MX_TIM5_Init)
    i.MemManage_Handler                      0x08001af8   Section        0  stm32f4xx_it.o(i.MemManage_Handler)
    i.NMI_Handler                            0x08001afc   Section        0  stm32f4xx_it.o(i.NMI_Handler)
    i.SysTick_Handler                        0x08001b00   Section        0  port.o(i.SysTick_Handler)
    i.SystemClock_Config                     0x08001b34   Section        0  main.o(i.SystemClock_Config)
    i.SystemInit                             0x08001be8   Section        0  system_stm32f4xx.o(i.SystemInit)
    i.TIM1_UP_TIM10_IRQHandler               0x08001bfc   Section        0  stm32f4xx_it.o(i.TIM1_UP_TIM10_IRQHandler)
    i.TIM_Base_SetConfig                     0x08001c0c   Section        0  stm32f4xx_hal_tim.o(i.TIM_Base_SetConfig)
    i.TIM_ETR_SetConfig                      0x08001cb0   Section        0  stm32f4xx_hal_tim.o(i.TIM_ETR_SetConfig)
    i.TIM_ITRx_SetConfig                     0x08001cc6   Section        0  stm32f4xx_hal_tim.o(i.TIM_ITRx_SetConfig)
    TIM_ITRx_SetConfig                       0x08001cc7   Thumb Code    18  stm32f4xx_hal_tim.o(i.TIM_ITRx_SetConfig)
    i.TIM_OC1_SetConfig                      0x08001cd8   Section        0  stm32f4xx_hal_tim.o(i.TIM_OC1_SetConfig)
    TIM_OC1_SetConfig                        0x08001cd9   Thumb Code    90  stm32f4xx_hal_tim.o(i.TIM_OC1_SetConfig)
    i.TIM_OC2_SetConfig                      0x08001d38   Section        0  stm32f4xx_hal_tim.o(i.TIM_OC2_SetConfig)
    i.TIM_OC3_SetConfig                      0x08001da0   Section        0  stm32f4xx_hal_tim.o(i.TIM_OC3_SetConfig)
    TIM_OC3_SetConfig                        0x08001da1   Thumb Code    98  stm32f4xx_hal_tim.o(i.TIM_OC3_SetConfig)
    i.TIM_OC4_SetConfig                      0x08001e08   Section        0  stm32f4xx_hal_tim.o(i.TIM_OC4_SetConfig)
    TIM_OC4_SetConfig                        0x08001e09   Thumb Code    68  stm32f4xx_hal_tim.o(i.TIM_OC4_SetConfig)
    i.TIM_TI1_ConfigInputStage               0x08001e50   Section        0  stm32f4xx_hal_tim.o(i.TIM_TI1_ConfigInputStage)
    TIM_TI1_ConfigInputStage                 0x08001e51   Thumb Code    38  stm32f4xx_hal_tim.o(i.TIM_TI1_ConfigInputStage)
    i.TIM_TI2_ConfigInputStage               0x08001e76   Section        0  stm32f4xx_hal_tim.o(i.TIM_TI2_ConfigInputStage)
    TIM_TI2_ConfigInputStage                 0x08001e77   Thumb Code    40  stm32f4xx_hal_tim.o(i.TIM_TI2_ConfigInputStage)
    i.UsageFault_Handler                     0x08001e9e   Section        0  stm32f4xx_it.o(i.UsageFault_Handler)
    i.__NVIC_GetPriorityGrouping             0x08001ea4   Section        0  stm32f4xx_hal_cortex.o(i.__NVIC_GetPriorityGrouping)
    __NVIC_GetPriorityGrouping               0x08001ea5   Thumb Code    10  stm32f4xx_hal_cortex.o(i.__NVIC_GetPriorityGrouping)
    i.__NVIC_SetPriority                     0x08001eb4   Section        0  stm32f4xx_hal_cortex.o(i.__NVIC_SetPriority)
    __NVIC_SetPriority                       0x08001eb5   Thumb Code    32  stm32f4xx_hal_cortex.o(i.__NVIC_SetPriority)
    i.__scatterload_copy                     0x08001edc   Section       14  handlers.o(i.__scatterload_copy)
    i.__scatterload_null                     0x08001eea   Section        2  handlers.o(i.__scatterload_null)
    i.__scatterload_zeroinit                 0x08001eec   Section       14  handlers.o(i.__scatterload_zeroinit)
    i.main                                   0x08001efa   Section        0  main.o(i.main)
    i.makeFreeRtosPriority                   0x08001f22   Section        0  cmsis_os.o(i.makeFreeRtosPriority)
    makeFreeRtosPriority                     0x08001f23   Thumb Code    14  cmsis_os.o(i.makeFreeRtosPriority)
    i.osDelay                                0x08001f30   Section        0  cmsis_os.o(i.osDelay)
    i.osKernelStart                          0x08001f48   Section        0  cmsis_os.o(i.osKernelStart)
    i.osThreadCreate                         0x08001f52   Section        0  cmsis_os.o(i.osThreadCreate)
    i.osTimerCreate                          0x08001fb0   Section        0  cmsis_os.o(i.osTimerCreate)
    i.prvAddCurrentTaskToDelayedList         0x08001ffc   Section        0  tasks.o(i.prvAddCurrentTaskToDelayedList)
    prvAddCurrentTaskToDelayedList           0x08001ffd   Thumb Code   124  tasks.o(i.prvAddCurrentTaskToDelayedList)
    i.prvAddNewTaskToReadyList               0x08002094   Section        0  tasks.o(i.prvAddNewTaskToReadyList)
    prvAddNewTaskToReadyList                 0x08002095   Thumb Code   150  tasks.o(i.prvAddNewTaskToReadyList)
    i.prvCheckForValidListAndQueue           0x08002148   Section        0  timers.o(i.prvCheckForValidListAndQueue)
    prvCheckForValidListAndQueue             0x08002149   Thumb Code    78  timers.o(i.prvCheckForValidListAndQueue)
    i.prvCheckTasksWaitingTermination        0x080021bc   Section        0  tasks.o(i.prvCheckTasksWaitingTermination)
    prvCheckTasksWaitingTermination          0x080021bd   Thumb Code    60  tasks.o(i.prvCheckTasksWaitingTermination)
    i.prvCopyDataFromQueue                   0x08002204   Section        0  queue.o(i.prvCopyDataFromQueue)
    prvCopyDataFromQueue                     0x08002205   Thumb Code    42  queue.o(i.prvCopyDataFromQueue)
    i.prvCopyDataToQueue                     0x0800222e   Section        0  queue.o(i.prvCopyDataToQueue)
    prvCopyDataToQueue                       0x0800222f   Thumb Code   126  queue.o(i.prvCopyDataToQueue)
    i.prvDeleteTCB                           0x080022ac   Section        0  tasks.o(i.prvDeleteTCB)
    prvDeleteTCB                             0x080022ad   Thumb Code    80  tasks.o(i.prvDeleteTCB)
    i.prvGetNextExpireTime                   0x080022fc   Section        0  timers.o(i.prvGetNextExpireTime)
    prvGetNextExpireTime                     0x080022fd   Thumb Code    36  timers.o(i.prvGetNextExpireTime)
    i.prvHeapInit                            0x08002324   Section        0  heap_4.o(i.prvHeapInit)
    prvHeapInit                              0x08002325   Thumb Code    98  heap_4.o(i.prvHeapInit)
    i.prvIdleTask                            0x080023a0   Section        0  tasks.o(i.prvIdleTask)
    prvIdleTask                              0x080023a1   Thumb Code    32  tasks.o(i.prvIdleTask)
    i.prvInitialiseNewQueue                  0x080023c8   Section        0  queue.o(i.prvInitialiseNewQueue)
    prvInitialiseNewQueue                    0x080023c9   Thumb Code    38  queue.o(i.prvInitialiseNewQueue)
    i.prvInitialiseNewTask                   0x080023ee   Section        0  tasks.o(i.prvInitialiseNewTask)
    prvInitialiseNewTask                     0x080023ef   Thumb Code   190  tasks.o(i.prvInitialiseNewTask)
    i.prvInitialiseNewTimer                  0x080024ac   Section        0  timers.o(i.prvInitialiseNewTimer)
    prvInitialiseNewTimer                    0x080024ad   Thumb Code    90  timers.o(i.prvInitialiseNewTimer)
    i.prvInitialiseTaskLists                 0x08002508   Section        0  tasks.o(i.prvInitialiseTaskLists)
    prvInitialiseTaskLists                   0x08002509   Thumb Code    70  tasks.o(i.prvInitialiseTaskLists)
    i.prvInsertBlockIntoFreeList             0x08002570   Section        0  heap_4.o(i.prvInsertBlockIntoFreeList)
    prvInsertBlockIntoFreeList               0x08002571   Thumb Code    96  heap_4.o(i.prvInsertBlockIntoFreeList)
    i.prvInsertTimerInActiveList             0x080025d8   Section        0  timers.o(i.prvInsertTimerInActiveList)
    prvInsertTimerInActiveList               0x080025d9   Thumb Code    80  timers.o(i.prvInsertTimerInActiveList)
    i.prvIsQueueEmpty                        0x08002630   Section        0  queue.o(i.prvIsQueueEmpty)
    prvIsQueueEmpty                          0x08002631   Thumb Code    26  queue.o(i.prvIsQueueEmpty)
    i.prvIsQueueFull                         0x0800264a   Section        0  queue.o(i.prvIsQueueFull)
    prvIsQueueFull                           0x0800264b   Thumb Code    30  queue.o(i.prvIsQueueFull)
    i.prvProcessExpiredTimer                 0x08002668   Section        0  timers.o(i.prvProcessExpiredTimer)
    prvProcessExpiredTimer                   0x08002669   Thumb Code   110  timers.o(i.prvProcessExpiredTimer)
    i.prvProcessReceivedCommands             0x080026dc   Section        0  timers.o(i.prvProcessReceivedCommands)
    prvProcessReceivedCommands               0x080026dd   Thumb Code   308  timers.o(i.prvProcessReceivedCommands)
    i.prvProcessTimerOrBlockTask             0x08002814   Section        0  timers.o(i.prvProcessTimerOrBlockTask)
    prvProcessTimerOrBlockTask               0x08002815   Thumb Code   102  timers.o(i.prvProcessTimerOrBlockTask)
    i.prvResetNextTaskUnblockTime            0x08002888   Section        0  tasks.o(i.prvResetNextTaskUnblockTime)
    prvResetNextTaskUnblockTime              0x08002889   Thumb Code    42  tasks.o(i.prvResetNextTaskUnblockTime)
    i.prvSampleTimeNow                       0x080028bc   Section        0  timers.o(i.prvSampleTimeNow)
    prvSampleTimeNow                         0x080028bd   Thumb Code    40  timers.o(i.prvSampleTimeNow)
    i.prvSwitchTimerLists                    0x080028e8   Section        0  timers.o(i.prvSwitchTimerLists)
    prvSwitchTimerLists                      0x080028e9   Thumb Code   154  timers.o(i.prvSwitchTimerLists)
    i.prvTaskExitError                       0x0800298c   Section        0  port.o(i.prvTaskExitError)
    prvTaskExitError                         0x0800298d   Thumb Code    60  port.o(i.prvTaskExitError)
    i.prvTimerTask                           0x080029cc   Section        0  timers.o(i.prvTimerTask)
    prvTimerTask                             0x080029cd   Thumb Code    26  timers.o(i.prvTimerTask)
    i.prvUnlockQueue                         0x080029e6   Section        0  queue.o(i.prvUnlockQueue)
    prvUnlockQueue                           0x080029e7   Thumb Code   126  queue.o(i.prvUnlockQueue)
    i.pvPortMalloc                           0x08002a64   Section        0  heap_4.o(i.pvPortMalloc)
    i.pxPortInitialiseStack                  0x08002bb8   Section        0  port.o(i.pxPortInitialiseStack)
    i.uxListRemove                           0x08002be4   Section        0  list.o(i.uxListRemove)
    i.vApplicationGetIdleTaskMemory          0x08002c0c   Section        0  freertos.o(i.vApplicationGetIdleTaskMemory)
    i.vApplicationGetTimerTaskMemory         0x08002c24   Section        0  freertos.o(i.vApplicationGetTimerTaskMemory)
    i.vApplicationMallocFailedHook           0x08002c3c   Section        0  freertos.o(i.vApplicationMallocFailedHook)
    i.vApplicationStackOverflowHook          0x08002c3e   Section        0  freertos.o(i.vApplicationStackOverflowHook)
    i.vListInitialise                        0x08002c40   Section        0  list.o(i.vListInitialise)
    i.vListInitialiseItem                    0x08002c5a   Section        0  list.o(i.vListInitialiseItem)
    i.vListInsert                            0x08002c60   Section        0  list.o(i.vListInsert)
    i.vListInsertEnd                         0x08002c94   Section        0  list.o(i.vListInsertEnd)
    i.vPortEnterCritical                     0x08002cac   Section        0  port.o(i.vPortEnterCritical)
    i.vPortExitCritical                      0x08002d00   Section        0  port.o(i.vPortExitCritical)
    i.vPortFree                              0x08002d3c   Section        0  heap_4.o(i.vPortFree)
    i.vPortSetupTimerInterrupt               0x08002de0   Section        0  port.o(i.vPortSetupTimerInterrupt)
    i.vPortValidateInterruptPriority         0x08002e08   Section        0  port.o(i.vPortValidateInterruptPriority)
    i.vQueueAddToRegistry                    0x08002e80   Section        0  queue.o(i.vQueueAddToRegistry)
    i.vQueueWaitForMessageRestricted         0x08002eac   Section        0  queue.o(i.vQueueWaitForMessageRestricted)
    i.vTaskDelay                             0x08002ef8   Section        0  tasks.o(i.vTaskDelay)
    i.vTaskInternalSetTimeOutState           0x08002f54   Section        0  tasks.o(i.vTaskInternalSetTimeOutState)
    i.vTaskMissedYield                       0x08002f6c   Section        0  tasks.o(i.vTaskMissedYield)
    i.vTaskPlaceOnEventList                  0x08002f78   Section        0  tasks.o(i.vTaskPlaceOnEventList)
    i.vTaskPlaceOnEventListRestricted        0x08002fb0   Section        0  tasks.o(i.vTaskPlaceOnEventListRestricted)
    i.vTaskStartScheduler                    0x08002ff0   Section        0  tasks.o(i.vTaskStartScheduler)
    i.vTaskSuspendAll                        0x080030a8   Section        0  tasks.o(i.vTaskSuspendAll)
    i.vTaskSwitchContext                     0x080030b8   Section        0  tasks.o(i.vTaskSwitchContext)
    i.xPortStartScheduler                    0x0800317c   Section        0  port.o(i.xPortStartScheduler)
    i.xQueueGenericCreateStatic              0x080032e4   Section        0  queue.o(i.xQueueGenericCreateStatic)
    i.xQueueGenericReset                     0x080033c4   Section        0  queue.o(i.xQueueGenericReset)
    i.xQueueGenericSend                      0x0800345c   Section        0  queue.o(i.xQueueGenericSend)
    i.xQueueGenericSendFromISR               0x08003604   Section        0  queue.o(i.xQueueGenericSendFromISR)
    i.xQueueReceive                          0x08003700   Section        0  queue.o(i.xQueueReceive)
    i.xTaskCheckForTimeOut                   0x08003868   Section        0  tasks.o(i.xTaskCheckForTimeOut)
    i.xTaskCreate                            0x080038f4   Section        0  tasks.o(i.xTaskCreate)
    i.xTaskCreateStatic                      0x08003958   Section        0  tasks.o(i.xTaskCreateStatic)
    i.xTaskGetSchedulerState                 0x08003a14   Section        0  tasks.o(i.xTaskGetSchedulerState)
    i.xTaskGetTickCount                      0x08003a34   Section        0  tasks.o(i.xTaskGetTickCount)
    i.xTaskIncrementTick                     0x08003a40   Section        0  tasks.o(i.xTaskIncrementTick)
    i.xTaskPriorityDisinherit                0x08003b88   Section        0  tasks.o(i.xTaskPriorityDisinherit)
    i.xTaskRemoveFromEventList               0x08003c50   Section        0  tasks.o(i.xTaskRemoveFromEventList)
    i.xTaskResumeAll                         0x08003ce8   Section        0  tasks.o(i.xTaskResumeAll)
    i.xTimerCreate                           0x08003dec   Section        0  timers.o(i.xTimerCreate)
    i.xTimerCreateStatic                     0x08003e22   Section        0  timers.o(i.xTimerCreateStatic)
    i.xTimerCreateTimerTask                  0x08003e94   Section        0  timers.o(i.xTimerCreateTimerTask)
    i.xTimerGenericCommand                   0x08003f0c   Section        0  timers.o(i.xTimerGenericCommand)
    .constdata                               0x08003f90   Section       64  freertos.o(.constdata)
    .constdata                               0x08003fd0   Section       24  system_stm32f4xx.o(.constdata)
    .conststring                             0x08003fe8   Section        9  freertos.o(.conststring)
    .data                                    0x20000000   Section       12  freertos.o(.data)
    .data                                    0x2000000c   Section        4  system_stm32f4xx.o(.data)
    .data                                    0x20000010   Section        9  stm32f4xx_hal.o(.data)
    .data                                    0x2000001c   Section       32  heap_4.o(.data)
    xStart                                   0x2000001c   Data           8  heap_4.o(.data)
    pxEnd                                    0x20000024   Data           4  heap_4.o(.data)
    xFreeBytesRemaining                      0x20000028   Data           4  heap_4.o(.data)
    xMinimumEverFreeBytesRemaining           0x2000002c   Data           4  heap_4.o(.data)
    xNumberOfSuccessfulAllocations           0x20000030   Data           4  heap_4.o(.data)
    xNumberOfSuccessfulFrees                 0x20000034   Data           4  heap_4.o(.data)
    xBlockAllocatedBit                       0x20000038   Data           4  heap_4.o(.data)
    .data                                    0x2000003c   Section       12  port.o(.data)
    uxCriticalNesting                        0x2000003c   Data           4  port.o(.data)
    ucMaxSysCallPriority                     0x20000040   Data           1  port.o(.data)
    ulMaxPRIGROUPValue                       0x20000044   Data           4  port.o(.data)
    .data                                    0x20000048   Section       60  tasks.o(.data)
    pxDelayedTaskList                        0x2000004c   Data           4  tasks.o(.data)
    pxOverflowDelayedTaskList                0x20000050   Data           4  tasks.o(.data)
    uxDeletedTasksWaitingCleanUp             0x20000054   Data           4  tasks.o(.data)
    uxCurrentNumberOfTasks                   0x20000058   Data           4  tasks.o(.data)
    xTickCount                               0x2000005c   Data           4  tasks.o(.data)
    uxTopReadyPriority                       0x20000060   Data           4  tasks.o(.data)
    xSchedulerRunning                        0x20000064   Data           4  tasks.o(.data)
    xPendedTicks                             0x20000068   Data           4  tasks.o(.data)
    xYieldPending                            0x2000006c   Data           4  tasks.o(.data)
    xNumOfOverflows                          0x20000070   Data           4  tasks.o(.data)
    uxTaskNumber                             0x20000074   Data           4  tasks.o(.data)
    xNextTaskUnblockTime                     0x20000078   Data           4  tasks.o(.data)
    xIdleTaskHandle                          0x2000007c   Data           4  tasks.o(.data)
    uxSchedulerSuspended                     0x20000080   Data           4  tasks.o(.data)
    .data                                    0x20000084   Section       20  timers.o(.data)
    pxCurrentTimerList                       0x20000084   Data           4  timers.o(.data)
    pxOverflowTimerList                      0x20000088   Data           4  timers.o(.data)
    xTimerQueue                              0x2000008c   Data           4  timers.o(.data)
    xTimerTaskHandle                         0x20000090   Data           4  timers.o(.data)
    xLastTime                                0x20000094   Data           4  timers.o(.data)
    .bss                                     0x20000098   Section     1704  freertos.o(.bss)
    xIdleTaskTCBBuffer                       0x20000098   Data          84  freertos.o(.bss)
    xIdleStack                               0x200000ec   Data         512  freertos.o(.bss)
    xTimerTaskTCBBuffer                      0x200002ec   Data          84  freertos.o(.bss)
    xTimerStack                              0x20000340   Data        1024  freertos.o(.bss)
    .bss                                     0x20000740   Section      176  spi.o(.bss)
    .bss                                     0x200007f0   Section       72  stm32f4xx_hal_timebase_tim.o(.bss)
    .bss                                     0x20000838   Section      144  tim.o(.bss)
    .bss                                     0x200008c8   Section    65536  heap_4.o(.bss)
    ucHeap                                   0x200008c8   Data       65536  heap_4.o(.bss)
    .bss                                     0x200108c8   Section       64  queue.o(.bss)
    .bss                                     0x20010908   Section      240  tasks.o(.bss)
    pxReadyTasksLists                        0x20010908   Data         140  tasks.o(.bss)
    xDelayedTaskList1                        0x20010994   Data          20  tasks.o(.bss)
    xDelayedTaskList2                        0x200109a8   Data          20  tasks.o(.bss)
    xPendingReadyList                        0x200109bc   Data          20  tasks.o(.bss)
    xTasksWaitingTermination                 0x200109d0   Data          20  tasks.o(.bss)
    xSuspendedTaskList                       0x200109e4   Data          20  tasks.o(.bss)
    .bss                                     0x200109f8   Section      232  timers.o(.bss)
    xActiveTimerList1                        0x200109f8   Data          20  timers.o(.bss)
    xActiveTimerList2                        0x20010a0c   Data          20  timers.o(.bss)
    xStaticTimerQueue                        0x20010a20   Data          72  timers.o(.bss)
    ucStaticTimerQueueStorage                0x20010a68   Data         120  timers.o(.bss)
    STACK                                    0x20010ae0   Section     2048  startup_stm32f411xe.o(STACK)

    Global Symbols

    Symbol Name                              Value     Ov Type        Size  Object(Section)

    BuildAttributes$$THM_ISAv4$E$P$D$K$B$S$7EM$VFPi3$EXTD16$VFPS$VFMA$PE$A:L22UL41UL21$X:L11$S22US41US21$IEEE1$IW$USESV6$~STKCKD$USESV7$~SHL$OSPACE$EBA8$MICROLIB$REQ8$PRES8$EABIv2 0x00000000   Number         0  anon$$obj.o ABSOLUTE
    __ARM_use_no_argv                        0x00000000   Number         0  main.o ABSOLUTE
    __cpp_initialize__aeabi_                  - Undefined Weak Reference
    __cxa_finalize                            - Undefined Weak Reference
    __decompress                              - Undefined Weak Reference
    _clock_init                               - Undefined Weak Reference
    _microlib_exit                            - Undefined Weak Reference
    __Vectors_Size                           0x00000198   Number         0  startup_stm32f411xe.o ABSOLUTE
    __Vectors                                0x08000000   Data           4  startup_stm32f411xe.o(RESET)
    __Vectors_End                            0x08000198   Data           0  startup_stm32f411xe.o(RESET)
    __main                                   0x08000199   Thumb Code     0  entry.o(.ARM.Collect$$$$00000000)
    _main_stk                                0x08000199   Thumb Code     0  entry2.o(.ARM.Collect$$$$00000001)
    _main_scatterload                        0x0800019d   Thumb Code     0  entry5.o(.ARM.Collect$$$$00000004)
    __main_after_scatterload                 0x080001a1   Thumb Code     0  entry5.o(.ARM.Collect$$$$00000004)
    _main_clock                              0x080001a1   Thumb Code     0  entry7b.o(.ARM.Collect$$$$00000008)
    _main_cpp_init                           0x080001a1   Thumb Code     0  entry8b.o(.ARM.Collect$$$$0000000A)
    _main_init                               0x080001a1   Thumb Code     0  entry9a.o(.ARM.Collect$$$$0000000B)
    __rt_final_cpp                           0x080001a9   Thumb Code     0  entry10a.o(.ARM.Collect$$$$0000000D)
    __rt_final_exit                          0x080001a9   Thumb Code     0  entry11a.o(.ARM.Collect$$$$0000000F)
    SVC_Handler                              0x080001ad   Thumb Code    28  port.o(.emb_text)
    __asm___6_port_c_39a90d8d__prvStartFirstTask 0x080001cd   Thumb Code    36  port.o(.emb_text)
    __asm___6_port_c_39a90d8d__prvEnableVFP  0x080001f5   Thumb Code    16  port.o(.emb_text)
    PendSV_Handler                           0x08000209   Thumb Code    88  port.o(.emb_text)
    vPortGetIPSR                             0x08000265   Thumb Code     6  port.o(.emb_text)
    Reset_Handler                            0x0800026d   Thumb Code     8  startup_stm32f411xe.o(.text)
    ADC_IRQHandler                           0x08000287   Thumb Code     0  startup_stm32f411xe.o(.text)
    DMA1_Stream0_IRQHandler                  0x08000287   Thumb Code     0  startup_stm32f411xe.o(.text)
    DMA1_Stream1_IRQHandler                  0x08000287   Thumb Code     0  startup_stm32f411xe.o(.text)
    DMA1_Stream2_IRQHandler                  0x08000287   Thumb Code     0  startup_stm32f411xe.o(.text)
    DMA1_Stream3_IRQHandler                  0x08000287   Thumb Code     0  startup_stm32f411xe.o(.text)
    DMA1_Stream4_IRQHandler                  0x08000287   Thumb Code     0  startup_stm32f411xe.o(.text)
    DMA1_Stream5_IRQHandler                  0x08000287   Thumb Code     0  startup_stm32f411xe.o(.text)
    DMA1_Stream6_IRQHandler                  0x08000287   Thumb Code     0  startup_stm32f411xe.o(.text)
    DMA1_Stream7_IRQHandler                  0x08000287   Thumb Code     0  startup_stm32f411xe.o(.text)
    DMA2_Stream0_IRQHandler                  0x08000287   Thumb Code     0  startup_stm32f411xe.o(.text)
    DMA2_Stream1_IRQHandler                  0x08000287   Thumb Code     0  startup_stm32f411xe.o(.text)
    DMA2_Stream2_IRQHandler                  0x08000287   Thumb Code     0  startup_stm32f411xe.o(.text)
    DMA2_Stream3_IRQHandler                  0x08000287   Thumb Code     0  startup_stm32f411xe.o(.text)
    DMA2_Stream4_IRQHandler                  0x08000287   Thumb Code     0  startup_stm32f411xe.o(.text)
    DMA2_Stream5_IRQHandler                  0x08000287   Thumb Code     0  startup_stm32f411xe.o(.text)
    DMA2_Stream6_IRQHandler                  0x08000287   Thumb Code     0  startup_stm32f411xe.o(.text)
    DMA2_Stream7_IRQHandler                  0x08000287   Thumb Code     0  startup_stm32f411xe.o(.text)
    EXTI0_IRQHandler                         0x08000287   Thumb Code     0  startup_stm32f411xe.o(.text)
    EXTI15_10_IRQHandler                     0x08000287   Thumb Code     0  startup_stm32f411xe.o(.text)
    EXTI1_IRQHandler                         0x08000287   Thumb Code     0  startup_stm32f411xe.o(.text)
    EXTI2_IRQHandler                         0x08000287   Thumb Code     0  startup_stm32f411xe.o(.text)
    EXTI3_IRQHandler                         0x08000287   Thumb Code     0  startup_stm32f411xe.o(.text)
    EXTI4_IRQHandler                         0x08000287   Thumb Code     0  startup_stm32f411xe.o(.text)
    EXTI9_5_IRQHandler                       0x08000287   Thumb Code     0  startup_stm32f411xe.o(.text)
    FLASH_IRQHandler                         0x08000287   Thumb Code     0  startup_stm32f411xe.o(.text)
    FPU_IRQHandler                           0x08000287   Thumb Code     0  startup_stm32f411xe.o(.text)
    I2C1_ER_IRQHandler                       0x08000287   Thumb Code     0  startup_stm32f411xe.o(.text)
    I2C1_EV_IRQHandler                       0x08000287   Thumb Code     0  startup_stm32f411xe.o(.text)
    I2C2_ER_IRQHandler                       0x08000287   Thumb Code     0  startup_stm32f411xe.o(.text)
    I2C2_EV_IRQHandler                       0x08000287   Thumb Code     0  startup_stm32f411xe.o(.text)
    I2C3_ER_IRQHandler                       0x08000287   Thumb Code     0  startup_stm32f411xe.o(.text)
    I2C3_EV_IRQHandler                       0x08000287   Thumb Code     0  startup_stm32f411xe.o(.text)
    OTG_FS_IRQHandler                        0x08000287   Thumb Code     0  startup_stm32f411xe.o(.text)
    OTG_FS_WKUP_IRQHandler                   0x08000287   Thumb Code     0  startup_stm32f411xe.o(.text)
    PVD_IRQHandler                           0x08000287   Thumb Code     0  startup_stm32f411xe.o(.text)
    RCC_IRQHandler                           0x08000287   Thumb Code     0  startup_stm32f411xe.o(.text)
    RTC_Alarm_IRQHandler                     0x08000287   Thumb Code     0  startup_stm32f411xe.o(.text)
    RTC_WKUP_IRQHandler                      0x08000287   Thumb Code     0  startup_stm32f411xe.o(.text)
    SDIO_IRQHandler                          0x08000287   Thumb Code     0  startup_stm32f411xe.o(.text)
    SPI1_IRQHandler                          0x08000287   Thumb Code     0  startup_stm32f411xe.o(.text)
    SPI2_IRQHandler                          0x08000287   Thumb Code     0  startup_stm32f411xe.o(.text)
    SPI3_IRQHandler                          0x08000287   Thumb Code     0  startup_stm32f411xe.o(.text)
    SPI4_IRQHandler                          0x08000287   Thumb Code     0  startup_stm32f411xe.o(.text)
    SPI5_IRQHandler                          0x08000287   Thumb Code     0  startup_stm32f411xe.o(.text)
    TAMP_STAMP_IRQHandler                    0x08000287   Thumb Code     0  startup_stm32f411xe.o(.text)
    TIM1_BRK_TIM9_IRQHandler                 0x08000287   Thumb Code     0  startup_stm32f411xe.o(.text)
    TIM1_CC_IRQHandler                       0x08000287   Thumb Code     0  startup_stm32f411xe.o(.text)
    TIM1_TRG_COM_TIM11_IRQHandler            0x08000287   Thumb Code     0  startup_stm32f411xe.o(.text)
    TIM2_IRQHandler                          0x08000287   Thumb Code     0  startup_stm32f411xe.o(.text)
    TIM3_IRQHandler                          0x08000287   Thumb Code     0  startup_stm32f411xe.o(.text)
    TIM4_IRQHandler                          0x08000287   Thumb Code     0  startup_stm32f411xe.o(.text)
    TIM5_IRQHandler                          0x08000287   Thumb Code     0  startup_stm32f411xe.o(.text)
    USART1_IRQHandler                        0x08000287   Thumb Code     0  startup_stm32f411xe.o(.text)
    USART2_IRQHandler                        0x08000287   Thumb Code     0  startup_stm32f411xe.o(.text)
    USART6_IRQHandler                        0x08000287   Thumb Code     0  startup_stm32f411xe.o(.text)
    WWDG_IRQHandler                          0x08000287   Thumb Code     0  startup_stm32f411xe.o(.text)
    __aeabi_uldivmod                         0x08000291   Thumb Code    98  uldiv.o(.text)
    __aeabi_memcpy                           0x080002f3   Thumb Code    36  memcpya.o(.text)
    __aeabi_memcpy4                          0x080002f3   Thumb Code     0  memcpya.o(.text)
    __aeabi_memcpy8                          0x080002f3   Thumb Code     0  memcpya.o(.text)
    __aeabi_memset                           0x08000317   Thumb Code    14  memseta.o(.text)
    __aeabi_memset4                          0x08000317   Thumb Code     0  memseta.o(.text)
    __aeabi_memset8                          0x08000317   Thumb Code     0  memseta.o(.text)
    __aeabi_memclr                           0x08000325   Thumb Code     4  memseta.o(.text)
    __aeabi_memclr4                          0x08000325   Thumb Code     0  memseta.o(.text)
    __aeabi_memclr8                          0x08000325   Thumb Code     0  memseta.o(.text)
    memset                                   0x08000329   Thumb Code    18  memseta.o(.text)
    __aeabi_llsl                             0x0800033b   Thumb Code    30  llshl.o(.text)
    _ll_shift_l                              0x0800033b   Thumb Code     0  llshl.o(.text)
    __aeabi_llsr                             0x08000359   Thumb Code    32  llushr.o(.text)
    _ll_ushift_r                             0x08000359   Thumb Code     0  llushr.o(.text)
    __scatterload                            0x08000379   Thumb Code    28  init.o(.text)
    __scatterload_rt2                        0x08000379   Thumb Code     0  init.o(.text)
    BusFault_Handler                         0x0800039d   Thumb Code     4  stm32f4xx_it.o(i.BusFault_Handler)
    Cmyk_ask                                 0x080003a1   Thumb Code    10  freertos.o(i.Cmyk_ask)
    Counter_Callback                         0x080003ab   Thumb Code     2  freertos.o(i.Counter_Callback)
    DebugMon_Handler                         0x080003ad   Thumb Code     2  stm32f4xx_it.o(i.DebugMon_Handler)
    Error_Handler                            0x080003af   Thumb Code     6  main.o(i.Error_Handler)
    HAL_GPIO_Init                            0x080003b5   Thumb Code   424  stm32f4xx_hal_gpio.o(i.HAL_GPIO_Init)
    HAL_GPIO_WritePin                        0x0800057d   Thumb Code    12  stm32f4xx_hal_gpio.o(i.HAL_GPIO_WritePin)
    HAL_GetTick                              0x08000589   Thumb Code     6  stm32f4xx_hal.o(i.HAL_GetTick)
    HAL_IncTick                              0x08000595   Thumb Code    16  stm32f4xx_hal.o(i.HAL_IncTick)
    HAL_Init                                 0x080005ad   Thumb Code    54  stm32f4xx_hal.o(i.HAL_Init)
    HAL_InitTick                             0x080005e9   Thumb Code   122  stm32f4xx_hal_timebase_tim.o(i.HAL_InitTick)
    HAL_MspInit                              0x08000675   Thumb Code    78  stm32f4xx_hal_msp.o(i.HAL_MspInit)
    HAL_NVIC_EnableIRQ                       0x080006c9   Thumb Code    32  stm32f4xx_hal_cortex.o(i.HAL_NVIC_EnableIRQ)
    HAL_NVIC_SetPriority                     0x080006e9   Thumb Code   124  stm32f4xx_hal_cortex.o(i.HAL_NVIC_SetPriority)
    HAL_NVIC_SetPriorityGrouping             0x08000765   Thumb Code    32  stm32f4xx_hal_cortex.o(i.HAL_NVIC_SetPriorityGrouping)
    HAL_RCC_ClockConfig                      0x0800078d   Thumb Code   368  stm32f4xx_hal_rcc.o(i.HAL_RCC_ClockConfig)
    HAL_RCC_GetClockConfig                   0x08000911   Thumb Code    58  stm32f4xx_hal_rcc.o(i.HAL_RCC_GetClockConfig)
    HAL_RCC_GetHCLKFreq                      0x08000955   Thumb Code     6  stm32f4xx_hal_rcc.o(i.HAL_RCC_GetHCLKFreq)
    HAL_RCC_GetPCLK2Freq                     0x08000961   Thumb Code    22  stm32f4xx_hal_rcc.o(i.HAL_RCC_GetPCLK2Freq)
    HAL_RCC_GetSysClockFreq                  0x08000981   Thumb Code   162  stm32f4xx_hal_rcc.o(i.HAL_RCC_GetSysClockFreq)
    HAL_RCC_OscConfig                        0x08000a31   Thumb Code  1172  stm32f4xx_hal_rcc.o(i.HAL_RCC_OscConfig)
    HAL_SPI_Init                             0x08000ecd   Thumb Code   200  stm32f4xx_hal_spi.o(i.HAL_SPI_Init)
    HAL_SPI_MspInit                          0x08000f95   Thumb Code   292  spi.o(i.HAL_SPI_MspInit)
    HAL_TIMEx_BreakCallback                  0x080010cd   Thumb Code     2  stm32f4xx_hal_tim_ex.o(i.HAL_TIMEx_BreakCallback)
    HAL_TIMEx_CommutCallback                 0x080010cf   Thumb Code     2  stm32f4xx_hal_tim_ex.o(i.HAL_TIMEx_CommutCallback)
    HAL_TIMEx_MasterConfigSynchronization    0x080010d1   Thumb Code   134  stm32f4xx_hal_tim_ex.o(i.HAL_TIMEx_MasterConfigSynchronization)
    HAL_TIM_Base_Init                        0x0800116d   Thumb Code   102  stm32f4xx_hal_tim.o(i.HAL_TIM_Base_Init)
    HAL_TIM_Base_MspInit                     0x080011d5   Thumb Code    44  tim.o(i.HAL_TIM_Base_MspInit)
    HAL_TIM_Base_Start_IT                    0x08001209   Thumb Code   122  stm32f4xx_hal_tim.o(i.HAL_TIM_Base_Start_IT)
    HAL_TIM_ConfigClockSource                0x08001299   Thumb Code   268  stm32f4xx_hal_tim.o(i.HAL_TIM_ConfigClockSource)
    HAL_TIM_IC_CaptureCallback               0x080013a5   Thumb Code     2  stm32f4xx_hal_tim.o(i.HAL_TIM_IC_CaptureCallback)
    HAL_TIM_IRQHandler                       0x080013a7   Thumb Code   406  stm32f4xx_hal_tim.o(i.HAL_TIM_IRQHandler)
    HAL_TIM_MspPostInit                      0x0800153d   Thumb Code   152  tim.o(i.HAL_TIM_MspPostInit)
    HAL_TIM_OC_DelayElapsedCallback          0x080015e1   Thumb Code     2  stm32f4xx_hal_tim.o(i.HAL_TIM_OC_DelayElapsedCallback)
    HAL_TIM_PWM_ConfigChannel                0x080015e3   Thumb Code   260  stm32f4xx_hal_tim.o(i.HAL_TIM_PWM_ConfigChannel)
    HAL_TIM_PWM_Init                         0x080016e7   Thumb Code   102  stm32f4xx_hal_tim.o(i.HAL_TIM_PWM_Init)
    HAL_TIM_PWM_MspInit                      0x0800174d   Thumb Code    44  tim.o(i.HAL_TIM_PWM_MspInit)
    HAL_TIM_PWM_PulseFinishedCallback        0x0800177d   Thumb Code     2  stm32f4xx_hal_tim.o(i.HAL_TIM_PWM_PulseFinishedCallback)
    HAL_TIM_PeriodElapsedCallback            0x08001781   Thumb Code    18  main.o(i.HAL_TIM_PeriodElapsedCallback)
    HAL_TIM_TriggerCallback                  0x08001799   Thumb Code     2  stm32f4xx_hal_tim.o(i.HAL_TIM_TriggerCallback)
    HardFault_Handler                        0x0800179b   Thumb Code     4  stm32f4xx_it.o(i.HardFault_Handler)
    Lcd_Task                                 0x0800179f   Thumb Code    10  freertos.o(i.Lcd_Task)
    MX_FREERTOS_Init                         0x080017a9   Thumb Code    78  freertos.o(i.MX_FREERTOS_Init)
    MX_GPIO_Init                             0x08001809   Thumb Code   304  gpio.o(i.MX_GPIO_Init)
    MX_SPI1_Init                             0x08001945   Thumb Code    64  spi.o(i.MX_SPI1_Init)
    MX_SPI3_Init                             0x0800198d   Thumb Code    60  spi.o(i.MX_SPI3_Init)
    MX_TIM2_Init                             0x080019d1   Thumb Code   130  tim.o(i.MX_TIM2_Init)
    MX_TIM5_Init                             0x08001a59   Thumb Code   152  tim.o(i.MX_TIM5_Init)
    MemManage_Handler                        0x08001af9   Thumb Code     4  stm32f4xx_it.o(i.MemManage_Handler)
    NMI_Handler                              0x08001afd   Thumb Code     4  stm32f4xx_it.o(i.NMI_Handler)
    SysTick_Handler                          0x08001b01   Thumb Code    46  port.o(i.SysTick_Handler)
    SystemClock_Config                       0x08001b35   Thumb Code   172  main.o(i.SystemClock_Config)
    SystemInit                               0x08001be9   Thumb Code    14  system_stm32f4xx.o(i.SystemInit)
    TIM1_UP_TIM10_IRQHandler                 0x08001bfd   Thumb Code    10  stm32f4xx_it.o(i.TIM1_UP_TIM10_IRQHandler)
    TIM_Base_SetConfig                       0x08001c0d   Thumb Code   134  stm32f4xx_hal_tim.o(i.TIM_Base_SetConfig)
    TIM_ETR_SetConfig                        0x08001cb1   Thumb Code    22  stm32f4xx_hal_tim.o(i.TIM_ETR_SetConfig)
    TIM_OC2_SetConfig                        0x08001d39   Thumb Code   100  stm32f4xx_hal_tim.o(i.TIM_OC2_SetConfig)
    UsageFault_Handler                       0x08001e9f   Thumb Code     4  stm32f4xx_it.o(i.UsageFault_Handler)
    __scatterload_copy                       0x08001edd   Thumb Code    14  handlers.o(i.__scatterload_copy)
    __scatterload_null                       0x08001eeb   Thumb Code     2  handlers.o(i.__scatterload_null)
    __scatterload_zeroinit                   0x08001eed   Thumb Code    14  handlers.o(i.__scatterload_zeroinit)
    main                                     0x08001efb   Thumb Code    40  main.o(i.main)
    osDelay                                  0x08001f31   Thumb Code    24  cmsis_os.o(i.osDelay)
    osKernelStart                            0x08001f49   Thumb Code    10  cmsis_os.o(i.osKernelStart)
    osThreadCreate                           0x08001f53   Thumb Code    94  cmsis_os.o(i.osThreadCreate)
    osTimerCreate                            0x08001fb1   Thumb Code    72  cmsis_os.o(i.osTimerCreate)
    pvPortMalloc                             0x08002a65   Thumb Code   316  heap_4.o(i.pvPortMalloc)
    pxPortInitialiseStack                    0x08002bb9   Thumb Code    38  port.o(i.pxPortInitialiseStack)
    uxListRemove                             0x08002be5   Thumb Code    40  list.o(i.uxListRemove)
    vApplicationGetIdleTaskMemory            0x08002c0d   Thumb Code    14  freertos.o(i.vApplicationGetIdleTaskMemory)
    vApplicationGetTimerTaskMemory           0x08002c25   Thumb Code    16  freertos.o(i.vApplicationGetTimerTaskMemory)
    vApplicationMallocFailedHook             0x08002c3d   Thumb Code     2  freertos.o(i.vApplicationMallocFailedHook)
    vApplicationStackOverflowHook            0x08002c3f   Thumb Code     2  freertos.o(i.vApplicationStackOverflowHook)
    vListInitialise                          0x08002c41   Thumb Code    26  list.o(i.vListInitialise)
    vListInitialiseItem                      0x08002c5b   Thumb Code     6  list.o(i.vListInitialiseItem)
    vListInsert                              0x08002c61   Thumb Code    52  list.o(i.vListInsert)
    vListInsertEnd                           0x08002c95   Thumb Code    24  list.o(i.vListInsertEnd)
    vPortEnterCritical                       0x08002cad   Thumb Code    76  port.o(i.vPortEnterCritical)
    vPortExitCritical                        0x08002d01   Thumb Code    56  port.o(i.vPortExitCritical)
    vPortFree                                0x08002d3d   Thumb Code   150  heap_4.o(i.vPortFree)
    vPortSetupTimerInterrupt                 0x08002de1   Thumb Code    36  port.o(i.vPortSetupTimerInterrupt)
    vPortValidateInterruptPriority           0x08002e09   Thumb Code   106  port.o(i.vPortValidateInterruptPriority)
    vQueueAddToRegistry                      0x08002e81   Thumb Code    38  queue.o(i.vQueueAddToRegistry)
    vQueueWaitForMessageRestricted           0x08002ead   Thumb Code    74  queue.o(i.vQueueWaitForMessageRestricted)
    vTaskDelay                               0x08002ef9   Thumb Code    82  tasks.o(i.vTaskDelay)
    vTaskInternalSetTimeOutState             0x08002f55   Thumb Code    14  tasks.o(i.vTaskInternalSetTimeOutState)
    vTaskMissedYield                         0x08002f6d   Thumb Code     8  tasks.o(i.vTaskMissedYield)
    vTaskPlaceOnEventList                    0x08002f79   Thumb Code    52  tasks.o(i.vTaskPlaceOnEventList)
    vTaskPlaceOnEventListRestricted          0x08002fb1   Thumb Code    60  tasks.o(i.vTaskPlaceOnEventListRestricted)
    vTaskStartScheduler                      0x08002ff1   Thumb Code   156  tasks.o(i.vTaskStartScheduler)
    vTaskSuspendAll                          0x080030a9   Thumb Code    12  tasks.o(i.vTaskSuspendAll)
    vTaskSwitchContext                       0x080030b9   Thumb Code   174  tasks.o(i.vTaskSwitchContext)
    xPortStartScheduler                      0x0800317d   Thumb Code   330  port.o(i.xPortStartScheduler)
    xQueueGenericCreateStatic                0x080032e5   Thumb Code   224  queue.o(i.xQueueGenericCreateStatic)
    xQueueGenericReset                       0x080033c5   Thumb Code   146  queue.o(i.xQueueGenericReset)
    xQueueGenericSend                        0x0800345d   Thumb Code   420  queue.o(i.xQueueGenericSend)
    xQueueGenericSendFromISR                 0x08003605   Thumb Code   252  queue.o(i.xQueueGenericSendFromISR)
    xQueueReceive                            0x08003701   Thumb Code   356  queue.o(i.xQueueReceive)
    xTaskCheckForTimeOut                     0x08003869   Thumb Code   132  tasks.o(i.xTaskCheckForTimeOut)
    xTaskCreate                              0x080038f5   Thumb Code   100  tasks.o(i.xTaskCreate)
    xTaskCreateStatic                        0x08003959   Thumb Code   186  tasks.o(i.xTaskCreateStatic)
    xTaskGetSchedulerState                   0x08003a15   Thumb Code    24  tasks.o(i.xTaskGetSchedulerState)
    xTaskGetTickCount                        0x08003a35   Thumb Code     6  tasks.o(i.xTaskGetTickCount)
    xTaskIncrementTick                       0x08003a41   Thumb Code   282  tasks.o(i.xTaskIncrementTick)
    xTaskPriorityDisinherit                  0x08003b89   Thumb Code   188  tasks.o(i.xTaskPriorityDisinherit)
    xTaskRemoveFromEventList                 0x08003c51   Thumb Code   128  tasks.o(i.xTaskRemoveFromEventList)
    xTaskResumeAll                           0x08003ce9   Thumb Code   224  tasks.o(i.xTaskResumeAll)
    xTimerCreate                             0x08003ded   Thumb Code    54  timers.o(i.xTimerCreate)
    xTimerCreateStatic                       0x08003e23   Thumb Code   114  timers.o(i.xTimerCreateStatic)
    xTimerCreateTimerTask                    0x08003e95   Thumb Code   100  timers.o(i.xTimerCreateTimerTask)
    xTimerGenericCommand                     0x08003f0d   Thumb Code   126  timers.o(i.xTimerGenericCommand)
    AHBPrescTable                            0x08003fd0   Data          16  system_stm32f4xx.o(.constdata)
    APBPrescTable                            0x08003fe0   Data           8  system_stm32f4xx.o(.constdata)
    Region$$Table$$Base                      0x08003ff4   Number         0  anon$$obj.o(Region$$Table)
    Region$$Table$$Limit                     0x08004014   Number         0  anon$$obj.o(Region$$Table)
    cmykHandle                               0x20000000   Data           4  freertos.o(.data)
    lcdHandle                                0x20000004   Data           4  freertos.o(.data)
    counterHandle                            0x20000008   Data           4  freertos.o(.data)
    SystemCoreClock                          0x2000000c   Data           4  system_stm32f4xx.o(.data)
    uwTick                                   0x20000010   Data           4  stm32f4xx_hal.o(.data)
    uwTickPrio                               0x20000014   Data           4  stm32f4xx_hal.o(.data)
    uwTickFreq                               0x20000018   Data           1  stm32f4xx_hal.o(.data)
    pxCurrentTCB                             0x20000048   Data           4  tasks.o(.data)
    hspi1                                    0x20000740   Data          88  spi.o(.bss)
    hspi3                                    0x20000798   Data          88  spi.o(.bss)
    htim1                                    0x200007f0   Data          72  stm32f4xx_hal_timebase_tim.o(.bss)
    htim2                                    0x20000838   Data          72  tim.o(.bss)
    htim5                                    0x20000880   Data          72  tim.o(.bss)
    xQueueRegistry                           0x200108c8   Data          64  queue.o(.bss)
    __initial_sp                             0x200112e0   Data           0  startup_stm32f411xe.o(STACK)



==============================================================================

Memory Map of the image

  Image Entry point : 0x08000199

  Load Region LR_IROM1 (Base: 0x08000000, Size: 0x000040ac, Max: 0x00080000, ABSOLUTE)

    Execution Region ER_IROM1 (Base: 0x08000000, Size: 0x00004014, Max: 0x00080000, ABSOLUTE)

    Base Addr    Size         Type   Attr      Idx    E Section Name        Object

    0x08000000   0x00000198   Data   RO         4673    RESET               startup_stm32f411xe.o
    0x08000198   0x00000000   Code   RO         4678  * .ARM.Collect$$$$00000000  mc_w.l(entry.o)
    0x08000198   0x00000004   Code   RO         4691    .ARM.Collect$$$$00000001  mc_w.l(entry2.o)
    0x0800019c   0x00000004   Code   RO         4694    .ARM.Collect$$$$00000004  mc_w.l(entry5.o)
    0x080001a0   0x00000000   Code   RO         4696    .ARM.Collect$$$$00000008  mc_w.l(entry7b.o)
    0x080001a0   0x00000000   Code   RO         4698    .ARM.Collect$$$$0000000A  mc_w.l(entry8b.o)
    0x080001a0   0x00000008   Code   RO         4699    .ARM.Collect$$$$0000000B  mc_w.l(entry9a.o)
    0x080001a8   0x00000000   Code   RO         4701    .ARM.Collect$$$$0000000D  mc_w.l(entry10a.o)
    0x080001a8   0x00000000   Code   RO         4703    .ARM.Collect$$$$0000000F  mc_w.l(entry11a.o)
    0x080001a8   0x00000004   Code   RO         4692    .ARM.Collect$$$$00002712  mc_w.l(entry2.o)
    0x080001ac   0x000000be   Code   RO         3798    .emb_text           port.o
    0x0800026a   0x00000002   PAD
    0x0800026c   0x00000024   Code   RO         4674    .text               startup_stm32f411xe.o
    0x08000290   0x00000062   Code   RO         4681    .text               mc_w.l(uldiv.o)
    0x080002f2   0x00000024   Code   RO         4683    .text               mc_w.l(memcpya.o)
    0x08000316   0x00000024   Code   RO         4687    .text               mc_w.l(memseta.o)
    0x0800033a   0x0000001e   Code   RO         4705    .text               mc_w.l(llshl.o)
    0x08000358   0x00000020   Code   RO         4707    .text               mc_w.l(llushr.o)
    0x08000378   0x00000024   Code   RO         4709    .text               mc_w.l(init.o)
    0x0800039c   0x00000004   Code   RO          467    i.BusFault_Handler  stm32f4xx_it.o
    0x080003a0   0x0000000a   Code   RO          157    i.Cmyk_ask          freertos.o
    0x080003aa   0x00000002   Code   RO          158    i.Counter_Callback  freertos.o
    0x080003ac   0x00000002   Code   RO          468    i.DebugMon_Handler  stm32f4xx_it.o
    0x080003ae   0x00000006   Code   RO          303    i.Error_Handler     main.o
    0x080003b4   0x000001c8   Code   RO         1481    i.HAL_GPIO_Init     stm32f4xx_hal_gpio.o
    0x0800057c   0x0000000c   Code   RO         1485    i.HAL_GPIO_WritePin  stm32f4xx_hal_gpio.o
    0x08000588   0x0000000c   Code   RO          647    i.HAL_GetTick       stm32f4xx_hal.o
    0x08000594   0x00000018   Code   RO          653    i.HAL_IncTick       stm32f4xx_hal.o
    0x080005ac   0x0000003c   Code   RO          654    i.HAL_Init          stm32f4xx_hal.o
    0x080005e8   0x0000008c   Code   RO          428    i.HAL_InitTick      stm32f4xx_hal_timebase_tim.o
    0x08000674   0x00000054   Code   RO          404    i.HAL_MspInit       stm32f4xx_hal_msp.o
    0x080006c8   0x00000020   Code   RO          825    i.HAL_NVIC_EnableIRQ  stm32f4xx_hal_cortex.o
    0x080006e8   0x0000007c   Code   RO          831    i.HAL_NVIC_SetPriority  stm32f4xx_hal_cortex.o
    0x08000764   0x00000028   Code   RO          832    i.HAL_NVIC_SetPriorityGrouping  stm32f4xx_hal_cortex.o
    0x0800078c   0x00000184   Code   RO         1743    i.HAL_RCC_ClockConfig  stm32f4xx_hal_rcc.o
    0x08000910   0x00000044   Code   RO         1747    i.HAL_RCC_GetClockConfig  stm32f4xx_hal_rcc.o
    0x08000954   0x0000000c   Code   RO         1748    i.HAL_RCC_GetHCLKFreq  stm32f4xx_hal_rcc.o
    0x08000960   0x00000020   Code   RO         1751    i.HAL_RCC_GetPCLK2Freq  stm32f4xx_hal_rcc.o
    0x08000980   0x000000b0   Code   RO         1752    i.HAL_RCC_GetSysClockFreq  stm32f4xx_hal_rcc.o
    0x08000a30   0x0000049c   Code   RO         1755    i.HAL_RCC_OscConfig  stm32f4xx_hal_rcc.o
    0x08000ecc   0x000000c8   Code   RO         1915    i.HAL_SPI_Init      stm32f4xx_hal_spi.o
    0x08000f94   0x00000138   Code   RO          357    i.HAL_SPI_MspInit   spi.o
    0x080010cc   0x00000002   Code   RO         2943    i.HAL_TIMEx_BreakCallback  stm32f4xx_hal_tim_ex.o
    0x080010ce   0x00000002   Code   RO         2944    i.HAL_TIMEx_CommutCallback  stm32f4xx_hal_tim_ex.o
    0x080010d0   0x0000009c   Code   RO         2962    i.HAL_TIMEx_MasterConfigSynchronization  stm32f4xx_hal_tim_ex.o
    0x0800116c   0x00000066   Code   RO         2228    i.HAL_TIM_Base_Init  stm32f4xx_hal_tim.o
    0x080011d2   0x00000002   PAD
    0x080011d4   0x00000034   Code   RO          569    i.HAL_TIM_Base_MspInit  tim.o
    0x08001208   0x00000090   Code   RO         2233    i.HAL_TIM_Base_Start_IT  stm32f4xx_hal_tim.o
    0x08001298   0x0000010c   Code   RO         2237    i.HAL_TIM_ConfigClockSource  stm32f4xx_hal_tim.o
    0x080013a4   0x00000002   Code   RO         2262    i.HAL_TIM_IC_CaptureCallback  stm32f4xx_hal_tim.o
    0x080013a6   0x00000196   Code   RO         2276    i.HAL_TIM_IRQHandler  stm32f4xx_hal_tim.o
    0x0800153c   0x000000a4   Code   RO          570    i.HAL_TIM_MspPostInit  tim.o
    0x080015e0   0x00000002   Code   RO         2279    i.HAL_TIM_OC_DelayElapsedCallback  stm32f4xx_hal_tim.o
    0x080015e2   0x00000104   Code   RO         2300    i.HAL_TIM_PWM_ConfigChannel  stm32f4xx_hal_tim.o
    0x080016e6   0x00000066   Code   RO         2303    i.HAL_TIM_PWM_Init  stm32f4xx_hal_tim.o
    0x0800174c   0x00000030   Code   RO          572    i.HAL_TIM_PWM_MspInit  tim.o
    0x0800177c   0x00000002   Code   RO         2306    i.HAL_TIM_PWM_PulseFinishedCallback  stm32f4xx_hal_tim.o
    0x0800177e   0x00000002   PAD
    0x08001780   0x00000018   Code   RO          304    i.HAL_TIM_PeriodElapsedCallback  main.o
    0x08001798   0x00000002   Code   RO         2319    i.HAL_TIM_TriggerCallback  stm32f4xx_hal_tim.o
    0x0800179a   0x00000004   Code   RO          469    i.HardFault_Handler  stm32f4xx_it.o
    0x0800179e   0x0000000a   Code   RO          159    i.Lcd_Task          freertos.o
    0x080017a8   0x00000060   Code   RO          160    i.MX_FREERTOS_Init  freertos.o
    0x08001808   0x0000013c   Code   RO          276    i.MX_GPIO_Init      gpio.o
    0x08001944   0x00000048   Code   RO          358    i.MX_SPI1_Init      spi.o
    0x0800198c   0x00000044   Code   RO          359    i.MX_SPI3_Init      spi.o
    0x080019d0   0x00000088   Code   RO          573    i.MX_TIM2_Init      tim.o
    0x08001a58   0x000000a0   Code   RO          574    i.MX_TIM5_Init      tim.o
    0x08001af8   0x00000004   Code   RO          470    i.MemManage_Handler  stm32f4xx_it.o
    0x08001afc   0x00000004   Code   RO          471    i.NMI_Handler       stm32f4xx_it.o
    0x08001b00   0x00000034   Code   RO         3799    i.SysTick_Handler   port.o
    0x08001b34   0x000000b4   Code   RO          305    i.SystemClock_Config  main.o
    0x08001be8   0x00000014   Code   RO          532    i.SystemInit        system_stm32f4xx.o
    0x08001bfc   0x00000010   Code   RO          472    i.TIM1_UP_TIM10_IRQHandler  stm32f4xx_it.o
    0x08001c0c   0x000000a4   Code   RO         2321    i.TIM_Base_SetConfig  stm32f4xx_hal_tim.o
    0x08001cb0   0x00000016   Code   RO         2332    i.TIM_ETR_SetConfig  stm32f4xx_hal_tim.o
    0x08001cc6   0x00000012   Code   RO         2333    i.TIM_ITRx_SetConfig  stm32f4xx_hal_tim.o
    0x08001cd8   0x00000060   Code   RO         2334    i.TIM_OC1_SetConfig  stm32f4xx_hal_tim.o
    0x08001d38   0x00000068   Code   RO         2335    i.TIM_OC2_SetConfig  stm32f4xx_hal_tim.o
    0x08001da0   0x00000068   Code   RO         2336    i.TIM_OC3_SetConfig  stm32f4xx_hal_tim.o
    0x08001e08   0x00000048   Code   RO         2337    i.TIM_OC4_SetConfig  stm32f4xx_hal_tim.o
    0x08001e50   0x00000026   Code   RO         2339    i.TIM_TI1_ConfigInputStage  stm32f4xx_hal_tim.o
    0x08001e76   0x00000028   Code   RO         2341    i.TIM_TI2_ConfigInputStage  stm32f4xx_hal_tim.o
    0x08001e9e   0x00000004   Code   RO          473    i.UsageFault_Handler  stm32f4xx_it.o
    0x08001ea2   0x00000002   PAD
    0x08001ea4   0x00000010   Code   RO          838    i.__NVIC_GetPriorityGrouping  stm32f4xx_hal_cortex.o
    0x08001eb4   0x00000028   Code   RO          839    i.__NVIC_SetPriority  stm32f4xx_hal_cortex.o
    0x08001edc   0x0000000e   Code   RO         4713    i.__scatterload_copy  mc_w.l(handlers.o)
    0x08001eea   0x00000002   Code   RO         4714    i.__scatterload_null  mc_w.l(handlers.o)
    0x08001eec   0x0000000e   Code   RO         4715    i.__scatterload_zeroinit  mc_w.l(handlers.o)
    0x08001efa   0x00000028   Code   RO          306    i.main              main.o
    0x08001f22   0x0000000e   Code   RO         3212    i.makeFreeRtosPriority  cmsis_os.o
    0x08001f30   0x00000018   Code   RO         3214    i.osDelay           cmsis_os.o
    0x08001f48   0x0000000a   Code   RO         3217    i.osKernelStart     cmsis_os.o
    0x08001f52   0x0000005e   Code   RO         3251    i.osThreadCreate    cmsis_os.o
    0x08001fb0   0x0000004c   Code   RO         3262    i.osTimerCreate     cmsis_os.o
    0x08001ffc   0x00000098   Code   RO         4207    i.prvAddCurrentTaskToDelayedList  tasks.o
    0x08002094   0x000000b4   Code   RO         4208    i.prvAddNewTaskToReadyList  tasks.o
    0x08002148   0x00000074   Code   RO         4532    i.prvCheckForValidListAndQueue  timers.o
    0x080021bc   0x00000048   Code   RO         4209    i.prvCheckTasksWaitingTermination  tasks.o
    0x08002204   0x0000002a   Code   RO         3876    i.prvCopyDataFromQueue  queue.o
    0x0800222e   0x0000007e   Code   RO         3877    i.prvCopyDataToQueue  queue.o
    0x080022ac   0x00000050   Code   RO         4210    i.prvDeleteTCB      tasks.o
    0x080022fc   0x00000028   Code   RO         4533    i.prvGetNextExpireTime  timers.o
    0x08002324   0x0000007c   Code   RO         3731    i.prvHeapInit       heap_4.o
    0x080023a0   0x00000028   Code   RO         4211    i.prvIdleTask       tasks.o
    0x080023c8   0x00000026   Code   RO         3880    i.prvInitialiseNewQueue  queue.o
    0x080023ee   0x000000be   Code   RO         4212    i.prvInitialiseNewTask  tasks.o
    0x080024ac   0x0000005a   Code   RO         4534    i.prvInitialiseNewTimer  timers.o
    0x08002506   0x00000002   PAD
    0x08002508   0x00000068   Code   RO         4213    i.prvInitialiseTaskLists  tasks.o
    0x08002570   0x00000068   Code   RO         3732    i.prvInsertBlockIntoFreeList  heap_4.o
    0x080025d8   0x00000058   Code   RO         4535    i.prvInsertTimerInActiveList  timers.o
    0x08002630   0x0000001a   Code   RO         3881    i.prvIsQueueEmpty   queue.o
    0x0800264a   0x0000001e   Code   RO         3882    i.prvIsQueueFull    queue.o
    0x08002668   0x00000074   Code   RO         4536    i.prvProcessExpiredTimer  timers.o
    0x080026dc   0x00000138   Code   RO         4537    i.prvProcessReceivedCommands  timers.o
    0x08002814   0x00000074   Code   RO         4538    i.prvProcessTimerOrBlockTask  timers.o
    0x08002888   0x00000034   Code   RO         4214    i.prvResetNextTaskUnblockTime  tasks.o
    0x080028bc   0x0000002c   Code   RO         4539    i.prvSampleTimeNow  timers.o
    0x080028e8   0x000000a4   Code   RO         4540    i.prvSwitchTimerLists  timers.o
    0x0800298c   0x00000040   Code   RO         3800    i.prvTaskExitError  port.o
    0x080029cc   0x0000001a   Code   RO         4541    i.prvTimerTask      timers.o
    0x080029e6   0x0000007e   Code   RO         3883    i.prvUnlockQueue    queue.o
    0x08002a64   0x00000154   Code   RO         3733    i.pvPortMalloc      heap_4.o
    0x08002bb8   0x0000002c   Code   RO         3801    i.pxPortInitialiseStack  port.o
    0x08002be4   0x00000028   Code   RO         3692    i.uxListRemove      list.o
    0x08002c0c   0x00000018   Code   RO          161    i.vApplicationGetIdleTaskMemory  freertos.o
    0x08002c24   0x00000018   Code   RO          162    i.vApplicationGetTimerTaskMemory  freertos.o
    0x08002c3c   0x00000002   Code   RO          163    i.vApplicationMallocFailedHook  freertos.o
    0x08002c3e   0x00000002   Code   RO          164    i.vApplicationStackOverflowHook  freertos.o
    0x08002c40   0x0000001a   Code   RO         3693    i.vListInitialise   list.o
    0x08002c5a   0x00000006   Code   RO         3694    i.vListInitialiseItem  list.o
    0x08002c60   0x00000034   Code   RO         3695    i.vListInsert       list.o
    0x08002c94   0x00000018   Code   RO         3696    i.vListInsertEnd    list.o
    0x08002cac   0x00000054   Code   RO         3803    i.vPortEnterCritical  port.o
    0x08002d00   0x0000003c   Code   RO         3804    i.vPortExitCritical  port.o
    0x08002d3c   0x000000a4   Code   RO         3734    i.vPortFree         heap_4.o
    0x08002de0   0x00000028   Code   RO         3805    i.vPortSetupTimerInterrupt  port.o
    0x08002e08   0x00000078   Code   RO         3806    i.vPortValidateInterruptPriority  port.o
    0x08002e80   0x0000002c   Code   RO         3887    i.vQueueAddToRegistry  queue.o
    0x08002eac   0x0000004a   Code   RO         3890    i.vQueueWaitForMessageRestricted  queue.o
    0x08002ef6   0x00000002   PAD
    0x08002ef8   0x0000005c   Code   RO         4223    i.vTaskDelay        tasks.o
    0x08002f54   0x00000018   Code   RO         4226    i.vTaskInternalSetTimeOutState  tasks.o
    0x08002f6c   0x0000000c   Code   RO         4227    i.vTaskMissedYield  tasks.o
    0x08002f78   0x00000038   Code   RO         4229    i.vTaskPlaceOnEventList  tasks.o
    0x08002fb0   0x00000040   Code   RO         4230    i.vTaskPlaceOnEventListRestricted  tasks.o
    0x08002ff0   0x000000b8   Code   RO         4237    i.vTaskStartScheduler  tasks.o
    0x080030a8   0x00000010   Code   RO         4239    i.vTaskSuspendAll   tasks.o
    0x080030b8   0x000000c4   Code   RO         4240    i.vTaskSwitchContext  tasks.o
    0x0800317c   0x00000168   Code   RO         3807    i.xPortStartScheduler  port.o
    0x080032e4   0x000000e0   Code   RO         3894    i.xQueueGenericCreateStatic  queue.o
    0x080033c4   0x00000098   Code   RO         3895    i.xQueueGenericReset  queue.o
    0x0800345c   0x000001a8   Code   RO         3896    i.xQueueGenericSend  queue.o
    0x08003604   0x000000fc   Code   RO         3897    i.xQueueGenericSendFromISR  queue.o
    0x08003700   0x00000168   Code   RO         3903    i.xQueueReceive     queue.o
    0x08003868   0x0000008c   Code   RO         4242    i.xTaskCheckForTimeOut  tasks.o
    0x080038f4   0x00000064   Code   RO         4243    i.xTaskCreate       tasks.o
    0x08003958   0x000000ba   Code   RO         4244    i.xTaskCreateStatic  tasks.o
    0x08003a12   0x00000002   PAD
    0x08003a14   0x00000020   Code   RO         4248    i.xTaskGetSchedulerState  tasks.o
    0x08003a34   0x0000000c   Code   RO         4249    i.xTaskGetTickCount  tasks.o
    0x08003a40   0x00000148   Code   RO         4251    i.xTaskIncrementTick  tasks.o
    0x08003b88   0x000000c8   Code   RO         4254    i.xTaskPriorityDisinherit  tasks.o
    0x08003c50   0x00000098   Code   RO         4256    i.xTaskRemoveFromEventList  tasks.o
    0x08003ce8   0x00000104   Code   RO         4257    i.xTaskResumeAll    tasks.o
    0x08003dec   0x00000036   Code   RO         4546    i.xTimerCreate      timers.o
    0x08003e22   0x00000072   Code   RO         4547    i.xTimerCreateStatic  timers.o
    0x08003e94   0x00000078   Code   RO         4548    i.xTimerCreateTimerTask  timers.o
    0x08003f0c   0x00000084   Code   RO         4549    i.xTimerGenericCommand  timers.o
    0x08003f90   0x00000040   Data   RO          166    .constdata          freertos.o
    0x08003fd0   0x00000018   Data   RO          533    .constdata          system_stm32f4xx.o
    0x08003fe8   0x00000009   Data   RO          167    .conststring        freertos.o
    0x08003ff1   0x00000003   PAD
    0x08003ff4   0x00000020   Data   RO         4711    Region$$Table       anon$$obj.o


    Execution Region RW_IRAM1 (Base: 0x20000000, Size: 0x000112e0, Max: 0x00020000, ABSOLUTE)

    Base Addr    Size         Type   Attr      Idx    E Section Name        Object

    0x20000000   0x0000000c   Data   RW          168    .data               freertos.o
    0x2000000c   0x00000004   Data   RW          534    .data               system_stm32f4xx.o
    0x20000010   0x00000009   Data   RW          661    .data               stm32f4xx_hal.o
    0x20000019   0x00000003   PAD
    0x2000001c   0x00000020   Data   RW         3740    .data               heap_4.o
    0x2000003c   0x0000000c   Data   RW         3808    .data               port.o
    0x20000048   0x0000003c   Data   RW         4260    .data               tasks.o
    0x20000084   0x00000014   Data   RW         4555    .data               timers.o
    0x20000098   0x000006a8   Zero   RW          165    .bss                freertos.o
    0x20000740   0x000000b0   Zero   RW          360    .bss                spi.o
    0x200007f0   0x00000048   Zero   RW          431    .bss                stm32f4xx_hal_timebase_tim.o
    0x20000838   0x00000090   Zero   RW          575    .bss                tim.o
    0x200008c8   0x00010000   Zero   RW         3739    .bss                heap_4.o
    0x200108c8   0x00000040   Zero   RW         3906    .bss                queue.o
    0x20010908   0x000000f0   Zero   RW         4259    .bss                tasks.o
    0x200109f8   0x000000e8   Zero   RW         4554    .bss                timers.o
    0x20010ae0   0x00000800   Zero   RW         4671    STACK               startup_stm32f411xe.o


==============================================================================

Image component sizes


      Code (inc. data)   RO Data    RW Data    ZI Data      Debug   Object Name

         0          0          0          0          0       1444   Ec11.o
         0          0          0          0          0     416144   Lcd.o
       218          4          0          0          0      24131   cmsis_os.o
         0          0          0          0          0      19896   event_groups.o
       170         36         73         12       1704      36925   freertos.o
       316         12          0          0          0       1059   gpio.o
       732         72          0         32      65536      22319   heap_4.o
       148          0          0          0          0       3558   list.o
       250         14          0          0          0       2628   main.o
      1014         92          0         12          0      12069   port.o
      1918         20          0          0         64      17332   queue.o
       452         36          0          0        176       2402   spi.o
        36          8        408          0       2048        804   startup_stm32f411xe.o
        96         20          0          9          0       7938   stm32f4xx_hal.o
       252         22          0          0          0      33678   stm32f4xx_hal_cortex.o
       468         32          0          0          0       2088   stm32f4xx_hal_gpio.o
        84          6          0          0          0        858   stm32f4xx_hal_msp.o
      1856         84          0          0          0       5678   stm32f4xx_hal_rcc.o
       200          0          0          0          0       1187   stm32f4xx_hal_spi.o
      1948         72          0          0          0      14174   stm32f4xx_hal_tim.o
       160         22          0          0          0       2477   stm32f4xx_hal_tim_ex.o
       140         18          0          0         72       1467   stm32f4xx_hal_timebase_tim.o
        38          6          0          0          0       3304   stm32f4xx_it.o
        20          6         24          4          0       1131   system_stm32f4xx.o
      2924        348          0         60        240      27490   tasks.o
       560         38          0          0        144       3691   tim.o
      1532        124          0         20        232      16307   timers.o

    ----------------------------------------------------------------------
     15546       1092        540        152      70216     682179   Object Totals
         0          0         32          0          0          0   (incl. Generated)
        14          0          3          3          0          0   (incl. Padding)

    ----------------------------------------------------------------------

      Code (inc. data)   RO Data    RW Data    ZI Data      Debug   Library Member Name

         0          0          0          0          0          0   entry.o
         0          0          0          0          0          0   entry10a.o
         0          0          0          0          0          0   entry11a.o
         8          4          0          0          0          0   entry2.o
         4          0          0          0          0          0   entry5.o
         0          0          0          0          0          0   entry7b.o
         0          0          0          0          0          0   entry8b.o
         8          4          0          0          0          0   entry9a.o
        30          0          0          0          0          0   handlers.o
        36          8          0          0          0         68   init.o
        30          0          0          0          0         68   llshl.o
        32          0          0          0          0         68   llushr.o
        36          0          0          0          0         68   memcpya.o
        36          0          0          0          0        108   memseta.o
        98          0          0          0          0         92   uldiv.o

    ----------------------------------------------------------------------
       318         16          0          0          0        472   Library Totals
         0          0          0          0          0          0   (incl. Padding)

    ----------------------------------------------------------------------

      Code (inc. data)   RO Data    RW Data    ZI Data      Debug   Library Name

       318         16          0          0          0        472   mc_w.l

    ----------------------------------------------------------------------
       318         16          0          0          0        472   Library Totals

    ----------------------------------------------------------------------

==============================================================================


      Code (inc. data)   RO Data    RW Data    ZI Data      Debug   

     15864       1108        540        152      70216     668799   Grand Totals
     15864       1108        540        152      70216     668799   ELF Image Totals
     15864       1108        540        152          0          0   ROM Totals

==============================================================================

    Total RO  Size (Code + RO Data)                16404 (  16.02kB)
    Total RW  Size (RW Data + ZI Data)             70368 (  68.72kB)
    Total ROM Size (Code + RO Data + RW Data)      16556 (  16.17kB)

==============================================================================

