<html>
<body>
<pre>
<h1>µVision Build Log</h1>
<h2>Project:</h2>
R:\Camera and uc_gui_TK032N25_°´¼ü°æ_Í¼Æ¬_´øÊó±ê\uVision3\Camera and uc_gui_2.0.uvproj
Project File Date:  08/25/2014

<h2>Output:</h2>
Build target 'Tiky Camera with ucgui and GPS'
creating preprocessor file for main.c...
compiling main.c...
creating preprocessor file for Font_lib_SD.c...
compiling Font_lib_SD.c...
..\code\user\Font_lib_SD.h(8): warning:  #77-D: this declaration has no storage class or type specifier
creating preprocessor file for ucGUI_Practice.c...
compiling ucGUI_Practice.c...
..\code\user\ucGUI_Practice.c(17): warning:  #223-D: function "LCD_delay" declared implicitly
..\code\user\ucGUI_Practice.c(4): warning:  #177-D: variable "tx" was declared but never referenced
..\code\user\ucGUI_Practice.c(4): warning:  #177-D: variable "ty" was declared but never referenced
..\code\user\ucGUI_Practice.c(138): warning:  #223-D: function "strlen" declared implicitly
creating preprocessor file for Dialog_All.c...
compiling Dialog_All.c...
creating preprocessor file for DIALOG_SliderColor.c...
compiling DIALOG_SliderColor.c...
..\code\Test ucGUI\DIALOG_SliderColor.c(41): warning:  #177-D: variable "PalSeggerLogoBlue16" was declared but never referenced
..\code\Test ucGUI\DIALOG_SliderColor.c(47): warning:  #177-D: variable "acSeggerLogoBlue16" was declared but never referenced
..\code\Test ucGUI\DIALOG_SliderColor.c(195): warning: C3017W: v may be used before being set
..\code\Test ucGUI\DIALOG_SliderColor.c(195): warning: C3017W: Index may be used before being set
creating preprocessor file for WM_LateClipping.c...
compiling WM_LateClipping.c...
creating preprocessor file for DIALOG_NestedModal.c...
compiling DIALOG_NestedModal.c...
creating preprocessor file for WIDGET_Effect.c...
compiling WIDGET_Effect.c...
..\code\Test ucGUI\WIDGET_Effect.c(92): warning:  #1000-D: a storage class may not be specified here
creating preprocessor file for WIDGET_NumPad.c...
compiling WIDGET_NumPad.c...
creating preprocessor file for WIDGET_Multipage.c...
compiling WIDGET_Multipage.c...
..\code\Test ucGUI\WIDGET_Multipage.c(94): warning:  #177-D: variable "hDlg" was declared but never referenced
creating preprocessor file for WIDGET_ButtonRound.c...
compiling WIDGET_ButtonRound.c...
..\code\Test ucGUI\WIDGET_ButtonRound.c(68): warning:  #550-D: variable "pObj" was set but never used
creating preprocessor file for GPS_tiky.c...
..\code\GPS\GPS_tiky.h(15): warning:  #1-D: last line of file ends without a newline
compiling GPS_tiky.c...
..\code\GPS\GPS_tiky.h(15): warning:  #1-D: last line of file ends without a newline
..\code\GPS\GPS_tiky.c(226): warning:  #223-D: function "Lcd_WriteChineseStringClarity" declared implicitly
..\code\GPS\GPS_tiky.c(228): warning:  #167-D: argument of type "unsigned char *" is incompatible with parameter of type "const char *"
..\code\GPS\GPS_tiky.c(231): warning:  #167-D: argument of type "unsigned char *" is incompatible with parameter of type "const char *"
..\code\GPS\GPS_tiky.c(279): warning:  #223-D: function "Lcd_WriteChineseStringClarity" declared implicitly
..\code\GPS\GPS_tiky.c(323): warning:  #223-D: function "Lcd_WriteChineseStringClarity" declared implicitly
..\code\GPS\GPS_tiky.c(327): warning:  #167-D: argument of type "unsigned char *" is incompatible with parameter of type "const char *"
..\code\GPS\GPS_tiky.c(384): warning:  #167-D: argument of type "unsigned char *" is incompatible with parameter of type "const char *"
..\code\GPS\GPS_tiky.c(506): warning:  #223-D: function "Lcd_WriteChineseStringClarity" declared implicitly
..\code\GPS\GPS_tiky.c(515): warning:  #223-D: function "display_picture" declared implicitly
..\code\GPS\GPS_tiky.c(518): warning:  #223-D: function "Lcd_WriteChineseStringClarity" declared implicitly
creating preprocessor file for My_FF.c...
compiling My_FF.c...
..\code\ffs\My_FF.c(528): warning:  #188-D: enumerated type mixed with another type
..\code\ffs\My_FF.c(528): warning:  #1293-D: assignment in condition
..\code\ffs\My_FF.c(565): warning:  #117-D: non-void function "List_files" should return a value
creating preprocessor file for OV7670_test.c...
..\code\driver\msd.h(38): warning:  #47-D: incompatible redefinition of macro "SPI_MISO" (declared at line 26 of "..\code\TFT\touch.h")
compiling OV7670_test.c...
..\code\driver\msd.h(38): warning:  #47-D: incompatible redefinition of macro "SPI_MISO" (declared at line 26 of "..\code\TFT\touch.h")
..\code\OV7670\OV7670_test.c(114): warning:  #68-D: integer conversion resulted in a change of sign
..\code\OV7670\OV7670_test.c(228): warning:  #223-D: function "main_menu" declared implicitly
..\code\OV7670\OV7670_test.c(491): warning:  #940-D: missing return statement at end of non-void function "get_record"
creating preprocessor file for my_menu.c...
..\code\menu\my_menu.c(544): warning:  #47-D: incompatible redefinition of macro "B_L" (declared at line 195)
compiling my_menu.c...
..\code\user\Font_lib_SD.h(8): warning:  #77-D: this declaration has no storage class or type specifier
..\code\menu\my_menu.c(48): warning:  #177-D: variable "book" was declared but never referenced
..\code\menu\my_menu.c(374): warning:  #186-D: pointless comparison of unsigned integer with zero
..\code\menu\my_menu.c(388): warning:  #186-D: pointless comparison of unsigned integer with zero
..\code\menu\my_menu.c(416): warning:  #68-D: integer conversion resulted in a change of sign
..\code\menu\my_menu.c(419): warning:  #111-D: statement is unreachable
..\code\menu\my_menu.c(431): warning:  #68-D: integer conversion resulted in a change of sign
..\code\menu\my_menu.c(434): warning:  #111-D: statement is unreachable
..\code\menu\my_menu.c(440): warning:  #68-D: integer conversion resulted in a change of sign
..\code\menu\my_menu.c(443): warning:  #111-D: statement is unreachable
..\code\menu\my_menu.c(446): warning:  #223-D: function "strstr" declared implicitly
..\code\menu\my_menu.c(449): warning:  #68-D: integer conversion resulted in a change of sign
..\code\menu\my_menu.c(500): warning:  #68-D: integer conversion resulted in a change of sign
..\code\menu\my_menu.c(504): warning:  #111-D: statement is unreachable
..\code\menu\my_menu.c(507): warning:  #68-D: integer conversion resulted in a change of sign
..\code\menu\my_menu.c(527): warning:  #513-D: a value of type "char *" cannot be assigned to an entity of type "unsigned char *"
..\code\menu\my_menu.c(531): warning:  #513-D: a value of type "char *" cannot be assigned to an entity of type "unsigned char *"
..\code\menu\my_menu.c(544): warning:  #47-D: incompatible redefinition of macro "B_L" (declared at line 195)
creating preprocessor file for RTC.c...
compiling RTC.c...
creating preprocessor file for ILI9325.c...
compiling ILI9325.c...
..\code\TFT\TFT_ILI9328\ILI9325.c(299): warning:  #223-D: function "Delay" declared implicitly
creating preprocessor file for picdemo.c...
..\code\driver\msd.h(38): warning:  #47-D: incompatible redefinition of macro "SPI_MISO" (declared at line 26 of "..\code\TFT\touch.h")
compiling picdemo.c...
..\code\driver\msd.h(38): warning:  #47-D: incompatible redefinition of macro "SPI_MISO" (declared at line 26 of "..\code\TFT\touch.h")
creating preprocessor file for lcm_api.c...
compiling lcm_api.c...
creating preprocessor file for touch.c...
compiling touch.c...
creating preprocessor file for LCDNull.c...
compiling LCDNull.c...
..\code\GUI\LCDDriver\LCDNull.c(24): warning:  #223-D: function "WriteComm" declared implicitly
..\code\GUI\LCDDriver\LCDNull.c(25): warning:  #223-D: function "WriteData" declared implicitly
linking...
Program Size: Code=72806 RO-data=335238 RW-data=880 ZI-data=9040  
FromELF: creating hex file...
"..\Output\tiky.axf" - 0 Error(s), 52 Warning(s).
